Component: ARM Compiler 5.06 update 6 (build 750) Tool: armlink [4d35ed]

==============================================================================

Section Cross References

    startup_stm32f407xx.o(RESET) refers to startup_stm32f407xx.o(STACK) for __initial_sp
    startup_stm32f407xx.o(RESET) refers to startup_stm32f407xx.o(.text) for Reset_Handler
    startup_stm32f407xx.o(RESET) refers to stm32f4xx_it.o(i.NMI_Handler) for NMI_Handler
    startup_stm32f407xx.o(RESET) refers to stm32f4xx_it.o(i.HardFault_Handler) for HardFault_Handler
    startup_stm32f407xx.o(RESET) refers to stm32f4xx_it.o(i.MemManage_Handler) for MemManage_Handler
    startup_stm32f407xx.o(RESET) refers to stm32f4xx_it.o(i.BusFault_Handler) for BusFault_Handler
    startup_stm32f407xx.o(RESET) refers to stm32f4xx_it.o(i.UsageFault_Handler) for UsageFault_Handler
    startup_stm32f407xx.o(RESET) refers to stm32f4xx_it.o(i.SVC_Handler) for SVC_Handler
    startup_stm32f407xx.o(RESET) refers to stm32f4xx_it.o(i.DebugMon_Handler) for DebugMon_Handler
    startup_stm32f407xx.o(RESET) refers to stm32f4xx_it.o(i.PendSV_Handler) for PendSV_Handler
    startup_stm32f407xx.o(RESET) refers to stm32f4xx_it.o(i.SysTick_Handler) for SysTick_Handler
    startup_stm32f407xx.o(RESET) refers to stm32f4xx_it.o(i.CAN1_TX_IRQHandler) for CAN1_TX_IRQHandler
    startup_stm32f407xx.o(RESET) refers to stm32f4xx_it.o(i.CAN1_RX0_IRQHandler) for CAN1_RX0_IRQHandler
    startup_stm32f407xx.o(RESET) refers to stm32f4xx_it.o(i.TIM1_UP_TIM10_IRQHandler) for TIM1_UP_TIM10_IRQHandler
    startup_stm32f407xx.o(RESET) refers to stm32f4xx_it.o(i.DMA2_Stream1_IRQHandler) for DMA2_Stream1_IRQHandler
    startup_stm32f407xx.o(RESET) refers to stm32f4xx_it.o(i.CAN2_TX_IRQHandler) for CAN2_TX_IRQHandler
    startup_stm32f407xx.o(RESET) refers to stm32f4xx_it.o(i.CAN2_RX0_IRQHandler) for CAN2_RX0_IRQHandler
    startup_stm32f407xx.o(RESET) refers to stm32f4xx_it.o(i.USART6_IRQHandler) for USART6_IRQHandler
    startup_stm32f407xx.o(.text) refers to system_stm32f4xx.o(i.SystemInit) for SystemInit
    startup_stm32f407xx.o(.text) refers to entry.o(.ARM.Collect$$$$00000000) for __main
    bsp_can.o(i.CAN_Filter_Init) refers to stm32f4xx_hal_can.o(i.HAL_CAN_ConfigFilter) for HAL_CAN_ConfigFilter
    bsp_can.o(i.CAN_Filter_Init) refers to stm32f4xx_hal_can.o(i.HAL_CAN_Start) for HAL_CAN_Start
    bsp_can.o(i.CAN_Filter_Init) refers to stm32f4xx_hal_can.o(i.HAL_CAN_ActivateNotification) for HAL_CAN_ActivateNotification
    bsp_can.o(i.CAN_Filter_Init) refers to can.o(.bss) for hcan1
    bsp_can.o(i.CAN_Motor_Ctrl) refers to stm32f4xx_hal_can.o(i.HAL_CAN_AddTxMessage) for HAL_CAN_AddTxMessage
    bsp_can.o(i.CAN_Motor_Ctrl) refers to bsp_can.o(.constdata) for .constdata
    bsp_can.o(i.Gimbal_Receive) refers to stm32f4xx_it.o(.data) for Time_Tick
    bsp_can.o(i.Gimbal_Receive) refers to classic.o(.data) for Move_Allow
    bsp_can.o(i.Gimbal_Receive) refers to shoot.o(.data) for Shoot_State
    bsp_can.o(i.Gimbal_Receive) refers to bullet.o(.data) for Switch_State
    bsp_can.o(i.HAL_CAN_RxFifo0MsgPendingCallback) refers to stm32f4xx_hal_can.o(i.HAL_CAN_GetRxMessage) for HAL_CAN_GetRxMessage
    bsp_can.o(i.HAL_CAN_RxFifo0MsgPendingCallback) refers to bsp_can.o(i.get_gear_motor_measure) for get_gear_motor_measure
    bsp_can.o(i.HAL_CAN_RxFifo0MsgPendingCallback) refers to bsp_can.o(i.Gimbal_Receive) for Gimbal_Receive
    bsp_can.o(i.HAL_CAN_RxFifo0MsgPendingCallback) refers to can.o(.bss) for hcan2
    bsp_can.o(i.HAL_CAN_RxFifo0MsgPendingCallback) refers to bsp_can.o(.bss) for .bss
    classic.o(i.Chassis_init) refers to pid.o(i.pid_init) for pid_init
    classic.o(i.Chassis_init) refers to classic.o(.bss) for .bss
    classic.o(i.Chassis_init) refers to classic.o(.data) for .data
    classic.o(i.Slow_Change_Speed) refers to dfltui.o(.text) for __aeabi_ui2d
    classic.o(i.Slow_Change_Speed) refers to ddiv.o(.text) for __aeabi_ddiv
    classic.o(i.Slow_Change_Speed) refers to dmul.o(.text) for __aeabi_dmul
    classic.o(i.Slow_Change_Speed) refers to cos.o(i.__hardfp_cos) for __hardfp_cos
    classic.o(i.Slow_Change_Speed) refers to dflti.o(.text) for __aeabi_i2d
    classic.o(i.Slow_Change_Speed) refers to d2f.o(.text) for __aeabi_d2f
    classic.o(i.Slow_Change_Speed) refers to sin.o(i.__hardfp_sin) for __hardfp_sin
    classic.o(i.Slow_Change_Speed) refers to classic.o(.data) for .data
    pid.o(i.pid_calculate) refers to stm32f4xx_hal.o(i.HAL_GetTick) for HAL_GetTick
    pid.o(i.pid_init) refers to pid.o(i.pid_param_init) for pid_param_init
    pid.o(i.pid_init) refers to pid.o(i.pid_reset) for pid_reset
    pid.o(i.pid_init) refers to pid.o(i.pid_calculate) for pid_calculate
    bullet.o(i.Enough_Heat) refers to judge.o(.bss) for GameRobotStat
    bullet.o(i.Updata_Switch_State) refers to stm32f4xx_hal_gpio.o(i.HAL_GPIO_ReadPin) for HAL_GPIO_ReadPin
    bullet.o(i.Updata_Switch_State) refers to bullet.o(.data) for .data
[...]
    ../fplib/microlib/fpmul.c                0x00000000   Number         0  dmul.o ABSOLUTE
    ../fplib/microlib/fpneg.c                0x00000000   Number         0  dneg.o ABSOLUTE
    ../mathlib/cos.c                         0x00000000   Number         0  cos.o ABSOLUTE
    ../mathlib/cos.c                         0x00000000   Number         0  cos_x.o ABSOLUTE
    ../mathlib/cos_i.c                       0x00000000   Number         0  cos_i.o ABSOLUTE
    ../mathlib/dunder.c                      0x00000000   Number         0  dunder.o ABSOLUTE
    ../mathlib/fabs.c                        0x00000000   Number         0  fabs.o ABSOLUTE
    ../mathlib/fpclassify.c                  0x00000000   Number         0  fpclassify.o ABSOLUTE
    ../mathlib/poly.c                        0x00000000   Number         0  poly.o ABSOLUTE
    ../mathlib/rred.c                        0x00000000   Number         0  rred.o ABSOLUTE
    ../mathlib/sin.c                         0x00000000   Number         0  sin.o ABSOLUTE
    ../mathlib/sin.c                         0x00000000   Number         0  sin_x.o ABSOLUTE
    ../mathlib/sin_i.c                       0x00000000   Number         0  sin_i_x.o ABSOLUTE
    ../mathlib/sin_i.c                       0x00000000   Number         0  sin_i.o ABSOLUTE
    ..\Core\Src\bsp_Usart.c                  0x00000000   Number         0  bsp_usart.o ABSOLUTE
    ..\Core\Src\bsp_can.c                    0x00000000   Number         0  bsp_can.o ABSOLUTE
    ..\Core\Src\bullet.c                     0x00000000   Number         0  bullet.o ABSOLUTE
    ..\Core\Src\can.c                        0x00000000   Number         0  can.o ABSOLUTE
    ..\Core\Src\classic.c                    0x00000000   Number         0  classic.o ABSOLUTE
    ..\Core\Src\crc.c                        0x00000000   Number         0  crc.o ABSOLUTE
    ..\Core\Src\dma.c                        0x00000000   Number         0  dma.o ABSOLUTE
    ..\Core\Src\gpio.c                       0x00000000   Number         0  gpio.o ABSOLUTE
    ..\Core\Src\judge.c                      0x00000000   Number         0  judge.o ABSOLUTE
    ..\Core\Src\main.c                       0x00000000   Number         0  main.o ABSOLUTE
    ..\Core\Src\pid.c                        0x00000000   Number         0  pid.o ABSOLUTE
    ..\Core\Src\shoot.c                      0x00000000   Number         0  shoot.o ABSOLUTE
    ..\Core\Src\stm32f4xx_hal_msp.c          0x00000000   Number         0  stm32f4xx_hal_msp.o ABSOLUTE
    ..\Core\Src\stm32f4xx_it.c               0x00000000   Number         0  stm32f4xx_it.o ABSOLUTE
    ..\Core\Src\system_stm32f4xx.c           0x00000000   Number         0  system_stm32f4xx.o ABSOLUTE
    ..\Core\Src\tim.c                        0x00000000   Number         0  tim.o ABSOLUTE
    ..\Core\Src\usart.c                      0x00000000   Number         0  usart.o ABSOLUTE
    ..\Drivers\STM32F4xx_HAL_Driver\Src\stm32f4xx_hal.c 0x00000000   Number         0  stm32f4xx_hal.o ABSOLUTE
    ..\Drivers\STM32F4xx_HAL_Driver\Src\stm32f4xx_hal_can.c 0x00000000   Number         0  stm32f4xx_hal_can.o ABSOLUTE
    ..\Drivers\STM32F4xx_HAL_Driver\Src\stm32f4xx_hal_cortex.c 0x00000000   Number         0  stm32f4xx_hal_cortex.o ABSOLUTE
    ..\Drivers\STM32F4xx_HAL_Driver\Src\stm32f4xx_hal_dma.c 0x00000000   Number         0  stm32f4xx_hal_dma.o ABSOLUTE
    ..\Drivers\STM32F4xx_HAL_Driver\Src\stm32f4xx_hal_dma_ex.c 0x00000000   Number         0  stm32f4xx_hal_dma_ex.o ABSOLUTE
    ..\Drivers\STM32F4xx_HAL_Driver\Src\stm32f4xx_hal_exti.c 0x00000000   Number         0  stm32f4xx_hal_exti.o ABSOLUTE
    ..\Drivers\STM32F4xx_HAL_Driver\Src\stm32f4xx_hal_flash.c 0x00000000   Number         0  stm32f4xx_hal_flash.o ABSOLUTE
    ..\Drivers\STM32F4xx_HAL_Driver\Src\stm32f4xx_hal_flash_ex.c 0x00000000   Number         0  stm32f4xx_hal_flash_ex.o ABSOLUTE
    ..\Drivers\STM32F4xx_HAL_Driver\Src\stm32f4xx_hal_flash_ramfunc.c 0x00000000   Number         0  stm32f4xx_hal_flash_ramfunc.o ABSOLUTE
    ..\Drivers\STM32F4xx_HAL_Driver\Src\stm32f4xx_hal_gpio.c 0x00000000   Number         0  stm32f4xx_hal_gpio.o ABSOLUTE
    ..\Drivers\STM32F4xx_HAL_Driver\Src\stm32f4xx_hal_pwr.c 0x00000000   Number         0  stm32f4xx_hal_pwr.o ABSOLUTE
    ..\Drivers\STM32F4xx_HAL_Driver\Src\stm32f4xx_hal_pwr_ex.c 0x00000000   Number         0  stm32f4xx_hal_pwr_ex.o ABSOLUTE
    ..\Drivers\STM32F4xx_HAL_Driver\Src\stm32f4xx_hal_rcc.c 0x00000000   Number         0  stm32f4xx_hal_rcc.o ABSOLUTE
    ..\Drivers\STM32F4xx_HAL_Driver\Src\stm32f4xx_hal_rcc_ex.c 0x00000000   Number         0  stm32f4xx_hal_rcc_ex.o ABSOLUTE
    ..\Drivers\STM32F4xx_HAL_Driver\Src\stm32f4xx_hal_tim.c 0x00000000   Number         0  stm32f4xx_hal_tim.o ABSOLUTE
    ..\Drivers\STM32F4xx_HAL_Driver\Src\stm32f4xx_hal_tim_ex.c 0x00000000   Number         0  stm32f4xx_hal_tim_ex.o ABSOLUTE
    ..\Drivers\STM32F4xx_HAL_Driver\Src\stm32f4xx_hal_uart.c 0x00000000   Number         0  stm32f4xx_hal_uart.o ABSOLUTE
    ..\\Core\\Src\\bsp_Usart.c               0x00000000   Number         0  bsp_usart.o ABSOLUTE
    ..\\Core\\Src\\bsp_can.c                 0x00000000   Number         0  bsp_can.o ABSOLUTE
    ..\\Core\\Src\\bullet.c                  0x00000000   Number         0  bullet.o ABSOLUTE
    ..\\Core\\Src\\classic.c                 0x00000000   Number         0  classic.o ABSOLUTE
    ..\\Core\\Src\\judge.c                   0x00000000   Number         0  judge.o ABSOLUTE
    ..\\Core\\Src\\pid.c                     0x00000000   Number         0  pid.o ABSOLUTE
    ..\\Core\\Src\\shoot.c                   0x00000000   Number         0  shoot.o ABSOLUTE
    dc.s                                     0x00000000   Number         0  dc.o ABSOLUTE
    handlers.s                               0x00000000   Number         0  handlers.o ABSOLUTE
    init.s                                   0x00000000   Number         0  init.o ABSOLUTE
    startup_stm32f407xx.s                    0x00000000   Number         0  startup_stm32f407xx.o ABSOLUTE
    RESET                                    0x08000000   Section      392  startup_stm32f407xx.o(RESET)
    .ARM.Collect$$$$00000000                 0x08000188   Section        0  entry.o(.ARM.Collect$$$$00000000)
    .ARM.Collect$$$$00000001                 0x08000188   Section        4  entry2.o(.ARM.Collect$$$$00000001)
    .ARM.Collect$$$$00000004                 0x0800018c   Section        4  entry5.o(.ARM.Collect$$$$00000004)
    .ARM.Collect$$$$00000008                 0x08000190   Section        0  entry7b.o(.ARM.Collect$$$$00000008)
    .ARM.Collect$$$$0000000A                 0x08000190   Section        0  entry8b.o(.ARM.Collect$$$$0000000A)
    .ARM.Collect$$$$0000000B                 0x08000190   Section        8  entry9a.o(.ARM.Collect$$$$0000000B)
    .ARM.Collect$$$$0000000D                 0x08000198   Section        0  entry10a.o(.ARM.Collect$$$$0000000D)
    .ARM.Collect$$$$0000000F                 0x08000198   Section        0  entry11a.o(.ARM.Collect$$$$0000000F)
    .ARM.Collect$$$$00002712                 0x08000198   Section        4  entry2.o(.ARM.Collect$$$$00002712)
    __lit__00000000                          0x08000198   Data           4  entry2.o(.ARM.Collect$$$$00002712)
    .text                                    0x0800019c   Section       36  startup_stm32f407xx.o(.text)
    $v0                                      0x0800019c   Number         0  startup_stm32f407xx.o(.text)
    .text                                    0x080001c0   Section        0  uldiv.o(.text)
    .text                                    0x08000222   Section        0  memcpya.o(.text)
    .text                                    0x08000246   Section        0  memseta.o(.text)
    .text                                    0x0800026a   Section        0  dmul.o(.text)
    .text                                    0x0800034e   Section        0  ddiv.o(.text)
    .text                                    0x0800042c   Section        0  dflti.o(.text)
    .text                                    0x0800044e   Section        0  dfltui.o(.text)
    .text                                    0x08000468   Section        0  d2f.o(.text)
    .text                                    0x080004a0   Section        0  llshl.o(.text)
    .text                                    0x080004be   Section        0  llushr.o(.text)
    .text                                    0x080004de   Section        0  fepilogue.o(.text)
    .text                                    0x080004de   Section        0  iusefp.o(.text)
    .text                                    0x0800054c   Section        0  depilogue.o(.text)
    .text                                    0x08000608   Section       36  init.o(.text)
    .text                                    0x0800062c   Section        0  dadd.o(.text)
    .text                                    0x0800077a   Section        0  dfixi.o(.text)
    .text                                    0x080007b8   Section        0  llsshr.o(.text)
    i.Bsp_UART_Receive_DMA                   0x080007dc   Section        0  bsp_usart.o(i.Bsp_UART_Receive_DMA)
    i.Bsp_UART_Receive_IT                    0x08000844   Section        0  bsp_usart.o(i.Bsp_UART_Receive_IT)
    i.BusFault_Handler                       0x0800085a   Section        0  stm32f4xx_it.o(i.BusFault_Handler)
    i.CAN1_RX0_IRQHandler                    0x0800085c   Section        0  stm32f4xx_it.o(i.CAN1_RX0_IRQHandler)
    i.CAN1_TX_IRQHandler                     0x08000868   Section        0  stm32f4xx_it.o(i.CAN1_TX_IRQHandler)
    i.CAN2_RX0_IRQHandler                    0x08000874   Section        0  stm32f4xx_it.o(i.CAN2_RX0_IRQHandler)
    i.CAN2_TX_IRQHandler                     0x08000880   Section        0  stm32f4xx_it.o(i.CAN2_TX_IRQHandler)
    i.CAN_Filter_Init                        0x0800088c   Section        0  bsp_can.o(i.CAN_Filter_Init)
    i.CAN_Motor_Ctrl                         0x080008e4   Section        0  bsp_can.o(i.CAN_Motor_Ctrl)
    i.Cartridge_wheel_PID_Calc               0x08000968   Section        0  shoot.o(i.Cartridge_wheel_PID_Calc)
    i.Chassis_init                           0x08000990   Section        0  classic.o(i.Chassis_init)
    i.DMA2_Stream1_IRQHandler                0x08000a14   Section        0  stm32f4xx_it.o(i.DMA2_Stream1_IRQHandler)
    i.DMA_CalcBaseAndBitshift                0x08000a20   Section        0  stm32f4xx_hal_dma.o(i.DMA_CalcBaseAndBitshift)
    DMA_CalcBaseAndBitshift                  0x08000a21   Thumb Code    34  stm32f4xx_hal_dma.o(i.DMA_CalcBaseAndBitshift)
    i.DMA_CheckFifoParam                     0x08000a48   Section        0  stm32f4xx_hal_dma.o(i.DMA_CheckFifoParam)
    DMA_CheckFifoParam                       0x08000a49   Thumb Code    84  stm32f4xx_hal_dma.o(i.DMA_CheckFifoParam)
    i.DMA_SetConfig                          0x08000a9c   Section        0  stm32f4xx_hal_dma.o(i.DMA_SetConfig)
    DMA_SetConfig                            0x08000a9d   Thumb Code    40  stm32f4xx_hal_dma.o(i.DMA_SetConfig)
    i.DebugMon_Handler                       0x08000ac4   Section        0  stm32f4xx_it.o(i.DebugMon_Handler)
    i.Dma_UsartIdleHanlder                   0x08000ac8   Section        0  bsp_usart.o(i.Dma_UsartIdleHanlder)
    i.Error_Handler                          0x08000bbc   Section        0  main.o(i.Error_Handler)
    i.Get_CRC16_Check_Sum                    0x08000bc0   Section        0  crc.o(i.Get_CRC16_Check_Sum)
    i.Get_CRC8_Check_Sum                     0x08000bec   Section        0  crc.o(i.Get_CRC8_Check_Sum)
    i.Gimbal_Receive                         0x08000c0c   Section        0  bsp_can.o(i.Gimbal_Receive)
    i.HAL_CAN_ActivateNotification           0x08000c4c   Section        0  stm32f4xx_hal_can.o(i.HAL_CAN_ActivateNotification)
    i.HAL_CAN_AddTxMessage                   0x08000c70   Section        0  stm32f4xx_hal_can.o(i.HAL_CAN_AddTxMessage)
    i.HAL_CAN_ConfigFilter                   0x08000d38   Section        0  stm32f4xx_hal_can.o(i.HAL_CAN_ConfigFilter)
    i.HAL_CAN_ErrorCallback                  0x08000e44   Section        0  stm32f4xx_hal_can.o(i.HAL_CAN_ErrorCallback)
    i.HAL_CAN_GetRxMessage                   0x08000e46   Section        0  stm32f4xx_hal_can.o(i.HAL_CAN_GetRxMessage)
    i.HAL_CAN_IRQHandler                     0x08000f2e   Section        0  stm32f4xx_hal_can.o(i.HAL_CAN_IRQHandler)
    i.HAL_CAN_Init                           0x0800112a   Section        0  stm32f4xx_hal_can.o(i.HAL_CAN_Init)
    i.HAL_CAN_MspInit                        0x08001244   Section        0  can.o(i.HAL_CAN_MspInit)
    i.HAL_CAN_RxFifo0FullCallback            0x08001360   Section        0  stm32f4xx_hal_can.o(i.HAL_CAN_RxFifo0FullCallback)
    i.HAL_CAN_RxFifo0MsgPendingCallback      0x08001364   Section        0  bsp_can.o(i.HAL_CAN_RxFifo0MsgPendingCallback)
    i.HAL_CAN_RxFifo1FullCallback            0x080013c4   Section        0  stm32f4xx_hal_can.o(i.HAL_CAN_RxFifo1FullCallback)
    i.HAL_CAN_RxFifo1MsgPendingCallback      0x080013c6   Section        0  stm32f4xx_hal_can.o(i.HAL_CAN_RxFifo1MsgPendingCallback)
    i.HAL_CAN_SleepCallback                  0x080013c8   Section        0  stm32f4xx_hal_can.o(i.HAL_CAN_SleepCallback)
    i.HAL_CAN_Start                          0x080013cc   Section        0  stm32f4xx_hal_can.o(i.HAL_CAN_Start)
    i.HAL_CAN_TxMailbox0AbortCallback        0x08001424   Section        0  stm32f4xx_hal_can.o(i.HAL_CAN_TxMailbox0AbortCallback)
    i.HAL_CAN_TxMailbox0CompleteCallback     0x08001426   Section        0  stm32f4xx_hal_can.o(i.HAL_CAN_TxMailbox0CompleteCallback)
    i.HAL_CAN_TxMailbox1AbortCallback        0x08001428   Section        0  stm32f4xx_hal_can.o(i.HAL_CAN_TxMailbox1AbortCallback)
    i.HAL_CAN_TxMailbox1CompleteCallback     0x0800142a   Section        0  stm32f4xx_hal_can.o(i.HAL_CAN_TxMailbox1CompleteCallback)
    i.HAL_CAN_TxMailbox2AbortCallback        0x0800142c   Section        0  stm32f4xx_hal_can.o(i.HAL_CAN_TxMailbox2AbortCallback)
    i.HAL_CAN_TxMailbox2CompleteCallback     0x0800142e   Section        0  stm32f4xx_hal_can.o(i.HAL_CAN_TxMailbox2CompleteCallback)
    i.HAL_CAN_WakeUpFromRxMsgCallback        0x08001430   Section        0  stm32f4xx_hal_can.o(i.HAL_CAN_WakeUpFromRxMsgCallback)
    i.HAL_DMA_Abort_IT                       0x08001432   Section        0  stm32f4xx_hal_dma.o(i.HAL_DMA_Abort_IT)
    i.HAL_DMA_IRQHandler                     0x08001458   Section        0  stm32f4xx_hal_dma.o(i.HAL_DMA_IRQHandler)
    i.HAL_DMA_Init                           0x080015f8   Section        0  stm32f4xx_hal_dma.o(i.HAL_DMA_Init)
    i.HAL_DMA_Start                          0x080016cc   Section        0  stm32f4xx_hal_dma.o(i.HAL_DMA_Start)
    i.HAL_Delay                              0x08001714   Section        0  stm32f4xx_hal.o(i.HAL_Delay)
    i.HAL_GPIO_Init                          0x08001738   Section        0  stm32f4xx_hal_gpio.o(i.HAL_GPIO_Init)
    i.HAL_GPIO_ReadPin                       0x080018f0   Section        0  stm32f4xx_hal_gpio.o(i.HAL_GPIO_ReadPin)
    i.HAL_GetTick                            0x080018fc   Section        0  stm32f4xx_hal.o(i.HAL_GetTick)
    i.HAL_IncTick                            0x08001908   Section        0  stm32f4xx_hal.o(i.HAL_IncTick)
    i.HAL_Init                               0x08001918   Section        0  stm32f4xx_hal.o(i.HAL_Init)
    i.HAL_InitTick                           0x0800194c   Section        0  stm32f4xx_hal.o(i.HAL_InitTick)
    i.HAL_MspInit                            0x0800198c   Section        0  stm32f4xx_hal_msp.o(i.HAL_MspInit)
    i.HAL_NVIC_EnableIRQ                     0x080019c0   Section        0  stm32f4xx_hal_cortex.o(i.HAL_NVIC_EnableIRQ)
    i.HAL_NVIC_SetPriority                   0x080019dc   Section        0  stm32f4xx_hal_cortex.o(i.HAL_NVIC_SetPriority)
    i.HAL_NVIC_SetPriorityGrouping           0x08001a1c   Section        0  stm32f4xx_hal_cortex.o(i.HAL_NVIC_SetPriorityGrouping)
    i.HAL_RCC_ClockConfig                    0x08001a40   Section        0  stm32f4xx_hal_rcc.o(i.HAL_RCC_ClockConfig)
    i.HAL_RCC_GetPCLK1Freq                   0x08001b74   Section        0  stm32f4xx_hal_rcc.o(i.HAL_RCC_GetPCLK1Freq)
    i.HAL_RCC_GetPCLK2Freq                   0x08001b94   Section        0  stm32f4xx_hal_rcc.o(i.HAL_RCC_GetPCLK2Freq)
    i.HAL_RCC_GetSysClockFreq                0x08001bb4   Section        0  stm32f4xx_hal_rcc.o(i.HAL_RCC_GetSysClockFreq)
    i.HAL_RCC_OscConfig                      0x08001c18   Section        0  stm32f4xx_hal_rcc.o(i.HAL_RCC_OscConfig)
    i.HAL_SYSTICK_Config                     0x08001f74   Section        0  stm32f4xx_hal_cortex.o(i.HAL_SYSTICK_Config)
    i.HAL_TIMEx_BreakCallback                0x08001f9c   Section        0  stm32f4xx_hal_tim_ex.o(i.HAL_TIMEx_BreakCallback)
    i.HAL_TIMEx_CommutCallback               0x08001f9e   Section        0  stm32f4xx_hal_tim_ex.o(i.HAL_TIMEx_CommutCallback)
    i.HAL_TIMEx_MasterConfigSynchronization  0x08001fa0   Section        0  stm32f4xx_hal_tim_ex.o(i.HAL_TIMEx_MasterConfigSynchronization)
    i.HAL_TIM_Base_Init                      0x08002030   Section        0  stm32f4xx_hal_tim.o(i.HAL_TIM_Base_Init)
    i.HAL_TIM_Base_MspInit                   0x08002068   Section        0  tim.o(i.HAL_TIM_Base_MspInit)
    i.HAL_TIM_Base_Start_IT                  0x080020a4   Section        0  stm32f4xx_hal_tim.o(i.HAL_TIM_Base_Start_IT)
    i.HAL_TIM_ConfigClockSource              0x080020c6   Section        0  stm32f4xx_hal_tim.o(i.HAL_TIM_ConfigClockSource)
    i.HAL_TIM_IC_CaptureCallback             0x0800219c   Section        0  stm32f4xx_hal_tim.o(i.HAL_TIM_IC_CaptureCallback)
    i.HAL_TIM_IRQHandler                     0x0800219e   Section        0  stm32f4xx_hal_tim.o(i.HAL_TIM_IRQHandler)
    i.HAL_TIM_OC_DelayElapsedCallback        0x08002304   Section        0  stm32f4xx_hal_tim.o(i.HAL_TIM_OC_DelayElapsedCallback)
    i.HAL_TIM_PWM_PulseFinishedCallback      0x08002306   Section        0  stm32f4xx_hal_tim.o(i.HAL_TIM_PWM_PulseFinishedCallback)
    i.HAL_TIM_PeriodElapsedCallback          0x08002308   Section        0  stm32f4xx_hal_tim.o(i.HAL_TIM_PeriodElapsedCallback)
    i.HAL_TIM_TriggerCallback                0x0800230a   Section        0  stm32f4xx_hal_tim.o(i.HAL_TIM_TriggerCallback)
    i.HAL_UART_ErrorCallback                 0x0800230c   Section        0  stm32f4xx_hal_uart.o(i.HAL_UART_ErrorCallback)
    i.HAL_UART_IRQHandler                    0x08002310   Section        0  stm32f4xx_hal_uart.o(i.HAL_UART_IRQHandler)
    i.HAL_UART_Init                          0x08002424   Section        0  stm32f4xx_hal_uart.o(i.HAL_UART_Init)
    i.HAL_UART_MspInit                       0x08002488   Section        0  usart.o(i.HAL_UART_MspInit)
    i.HAL_UART_RxCpltCallback                0x08002540   Section        0  stm32f4xx_hal_uart.o(i.HAL_UART_RxCpltCallback)
    i.HAL_UART_TxCpltCallback                0x08002542   Section        0  stm32f4xx_hal_uart.o(i.HAL_UART_TxCpltCallback)
    i.HardFault_Handler                      0x08002544   Section        0  stm32f4xx_it.o(i.HardFault_Handler)
    i.Judge_Read_Data                        0x08002548   Section        0  judge.o(i.Judge_Read_Data)
    i.MX_CAN1_Init                           0x080026ec   Section        0  can.o(i.MX_CAN1_Init)
    i.MX_CAN2_Init                           0x08002734   Section        0  can.o(i.MX_CAN2_Init)
    i.MX_DMA_Init                            0x0800277c   Section        0  dma.o(i.MX_DMA_Init)
    i.MX_GPIO_Init                           0x080027a8   Section        0  gpio.o(i.MX_GPIO_Init)
    i.MX_TIM1_Init                           0x08002838   Section        0  tim.o(i.MX_TIM1_Init)
    i.MX_USART6_UART_Init                    0x080028a0   Section        0  usart.o(i.MX_USART6_UART_Init)
    i.MemManage_Handler                      0x080028d8   Section        0  stm32f4xx_it.o(i.MemManage_Handler)
    i.NMI_Handler                            0x080028da   Section        0  stm32f4xx_it.o(i.NMI_Handler)
    i.PendSV_Handler                         0x080028dc   Section        0  stm32f4xx_it.o(i.PendSV_Handler)
    i.SVC_Handler                            0x080028de   Section        0  stm32f4xx_it.o(i.SVC_Handler)
    i.Slow_Change_Speed                      0x080028e0   Section        0  classic.o(i.Slow_Change_Speed)
    i.SysTick_Handler                        0x080029e8   Section        0  stm32f4xx_it.o(i.SysTick_Handler)
    i.SystemClock_Config                     0x080029ec   Section        0  main.o(i.SystemClock_Config)
    i.SystemInit                             0x08002a80   Section        0  system_stm32f4xx.o(i.SystemInit)
    i.TIM1_UP_TIM10_IRQHandler               0x08002a9c   Section        0  stm32f4xx_it.o(i.TIM1_UP_TIM10_IRQHandler)
    i.TIM_Base_SetConfig                     0x08002ccc   Section        0  stm32f4xx_hal_tim.o(i.TIM_Base_SetConfig)
    i.TIM_ETR_SetConfig                      0x08002d94   Section        0  stm32f4xx_hal_tim.o(i.TIM_ETR_SetConfig)
    i.TIM_ITRx_SetConfig                     0x08002da8   Section        0  stm32f4xx_hal_tim.o(i.TIM_ITRx_SetConfig)
    TIM_ITRx_SetConfig                       0x08002da9   Thumb Code    16  stm32f4xx_hal_tim.o(i.TIM_ITRx_SetConfig)
    i.TIM_TI1_ConfigInputStage               0x08002db8   Section        0  stm32f4xx_hal_tim.o(i.TIM_TI1_ConfigInputStage)
    TIM_TI1_ConfigInputStage                 0x08002db9   Thumb Code    34  stm32f4xx_hal_tim.o(i.TIM_TI1_ConfigInputStage)
    i.TIM_TI2_ConfigInputStage               0x08002dda   Section        0  stm32f4xx_hal_tim.o(i.TIM_TI2_ConfigInputStage)
    TIM_TI2_ConfigInputStage                 0x08002ddb   Thumb Code    36  stm32f4xx_hal_tim.o(i.TIM_TI2_ConfigInputStage)
    i.UART_DMAAbortOnError                   0x08002dfe   Section        0  stm32f4xx_hal_uart.o(i.UART_DMAAbortOnError)
    UART_DMAAbortOnError                     0x08002dff   Thumb Code    16  stm32f4xx_hal_uart.o(i.UART_DMAAbortOnError)
    i.UART_EndRxTransfer                     0x08002e0e   Section        0  stm32f4xx_hal_uart.o(i.UART_EndRxTransfer)
    UART_EndRxTransfer                       0x08002e0f   Thumb Code    28  stm32f4xx_hal_uart.o(i.UART_EndRxTransfer)
    i.UART_IdleRxCallback                    0x08002e2c   Section        0  bsp_usart.o(i.UART_IdleRxCallback)
    i.UART_Receive_IT                        0x08002e58   Section        0  stm32f4xx_hal_uart.o(i.UART_Receive_IT)
    UART_Receive_IT                          0x08002e59   Thumb Code   150  stm32f4xx_hal_uart.o(i.UART_Receive_IT)
    i.UART_SetConfig                         0x08002ef0   Section        0  stm32f4xx_hal_uart.o(i.UART_SetConfig)
    UART_SetConfig                           0x08002ef1   Thumb Code   286  stm32f4xx_hal_uart.o(i.UART_SetConfig)
    i.UART_Transmit_IT                       0x08003018   Section        0  stm32f4xx_hal_uart.o(i.UART_Transmit_IT)
    UART_Transmit_IT                         0x08003019   Thumb Code    98  stm32f4xx_hal_uart.o(i.UART_Transmit_IT)
    i.USART6_IRQHandler                      0x0800307c   Section        0  stm32f4xx_it.o(i.USART6_IRQHandler)
    i.Updata_Switch_State                    0x08003094   Section        0  bullet.o(i.Updata_Switch_State)
    i.UsageFault_Handler                     0x080030b4   Section        0  stm32f4xx_it.o(i.UsageFault_Handler)
    i.Verify_CRC16_Check_Sum                 0x080030b8   Section        0  crc.o(i.Verify_CRC16_Check_Sum)
    i.Verify_CRC8_Check_Sum                  0x080030f4   Section        0  crc.o(i.Verify_CRC8_Check_Sum)
    i.__ARM_fpclassify                       0x0800311e   Section        0  fpclassify.o(i.__ARM_fpclassify)
    i.__NVIC_SetPriority                     0x0800314e   Section        0  stm32f4xx_hal_cortex.o(i.__NVIC_SetPriority)
    __NVIC_SetPriority                       0x0800314f   Thumb Code    32  stm32f4xx_hal_cortex.o(i.__NVIC_SetPriority)
    i.__hardfp_cos                           0x08003170   Section        0  cos.o(i.__hardfp_cos)
    i.__hardfp_sin                           0x08003238   Section        0  sin.o(i.__hardfp_sin)
    i.__ieee754_rem_pio2                     0x08003300   Section        0  rred.o(i.__ieee754_rem_pio2)
    i.__kernel_cos                           0x08003738   Section        0  cos_i.o(i.__kernel_cos)
    i.__kernel_poly                          0x080038a8   Section        0  poly.o(i.__kernel_poly)
    i.__kernel_sin                           0x080039a0   Section        0  sin_i.o(i.__kernel_sin)
    i.__mathlib_dbl_infnan                   0x08003ad0   Section        0  dunder.o(i.__mathlib_dbl_infnan)
    i.__mathlib_dbl_invalid                  0x08003ae8   Section        0  dunder.o(i.__mathlib_dbl_invalid)
    i.__mathlib_dbl_underflow                0x08003b08   Section        0  dunder.o(i.__mathlib_dbl_underflow)
    i.__scatterload_copy                     0x08003b28   Section       14  handlers.o(i.__scatterload_copy)
    i.__scatterload_null                     0x08003b36   Section        2  handlers.o(i.__scatterload_null)
    i.__scatterload_zeroinit                 0x08003b38   Section       14  handlers.o(i.__scatterload_zeroinit)
    i.__set_errno                            0x08003b48   Section        0  errno.o(i.__set_errno)
    i.fabs                                   0x08003b54   Section        0  fabs.o(i.fabs)
    i.gear_moto_position_pid_calc            0x08003b6c   Section        0  shoot.o(i.gear_moto_position_pid_calc)
    i.gear_moto_position_pid_init            0x08003d00   Section        0  shoot.o(i.gear_moto_position_pid_init)
    i.get_gear_motor_measure                 0x08003dc4   Section        0  bsp_can.o(i.get_gear_motor_measure)
    i.main                                   0x08003e50   Section        0  main.o(i.main)
    i.pid_calculate                          0x08003ea4   Section        0  pid.o(i.pid_calculate)
    pid_calculate                            0x08003ea5   Thumb Code   250  pid.o(i.pid_calculate)
    i.pid_init                               0x08003fa0   Section        0  pid.o(i.pid_init)
    i.pid_param_init                         0x08003fbc   Section        0  pid.o(i.pid_param_init)
    pid_param_init                           0x08003fbd   Thumb Code    82  pid.o(i.pid_param_init)
    i.pid_reset                              0x08004014   Section        0  pid.o(i.pid_reset)
    pid_reset                                0x08004015   Thumb Code     8  pid.o(i.pid_reset)
    .constdata                               0x0800401c   Section        6  bsp_can.o(.constdata)
    .constdata                               0x08004022   Section      768  crc.o(.constdata)
    .constdata                               0x08004322   Section        8  stm32f4xx_hal_dma.o(.constdata)
    flagBitshiftOffset                       0x08004322   Data           8  stm32f4xx_hal_dma.o(.constdata)
    .constdata                               0x0800432a   Section       16  system_stm32f4xx.o(.constdata)
    .constdata                               0x0800433a   Section        8  system_stm32f4xx.o(.constdata)
    .constdata                               0x08004348   Section       48  cos_i.o(.constdata)
    C                                        0x08004348   Data          48  cos_i.o(.constdata)
    .constdata                               0x08004378   Section      200  rred.o(.constdata)
    pio2s                                    0x08004378   Data          48  rred.o(.constdata)
    twooverpi                                0x080043a8   Data         152  rred.o(.constdata)
    .constdata                               0x08004440   Section       40  sin_i.o(.constdata)
    S                                        0x08004440   Data          40  sin_i.o(.constdata)
    .data                                    0x20000000   Section       16  classic.o(.data)
    .data                                    0x20000010   Section        2  classic.o(.data)
    .data                                    0x20000012   Section        1  classic.o(.data)
    .data                                    0x20000014   Section        4  classic.o(.data)
    .data                                    0x20000018   Section        4  classic.o(.data)
    .data                                    0x2000001c   Section        4  classic.o(.data)
    .data                                    0x20000020   Section        4  classic.o(.data)
    .data                                    0x20000024   Section        1  classic.o(.data)
    .data                                    0x20000025   Section        2  bullet.o(.data)
    .data                                    0x20000027   Section        1  shoot.o(.data)
    .data                                    0x20000028   Section        2  shoot.o(.data)
    .data                                    0x2000002c   Section        4  can.o(.data)
    HAL_RCC_CAN1_CLK_ENABLED                 0x2000002c   Data           4  can.o(.data)
    .data                                    0x20000030   Section        4  stm32f4xx_it.o(.data)
    .data                                    0x20000034   Section       43  judge.o(.data)
    .data                                    0x20000060   Section        2  crc.o(.data)
    .data                                    0x20000064   Section       12  stm32f4xx_hal.o(.data)
    .data                                    0x20000070   Section        4  system_stm32f4xx.o(.data)
    .data                                    0x20000074   Section        4  errno.o(.data)
    _errno                                   0x20000074   Data           4  errno.o(.data)
    .bss                                     0x20000078   Section       24  bsp_can.o(.bss)
    .bss                                     0x20000090   Section      288  bsp_can.o(.bss)
    .bss                                     0x200001b0   Section      200  classic.o(.bss)
    .bss                                     0x20000278   Section      188  shoot.o(.bss)
    .bss                                     0x20000334   Section       80  can.o(.bss)
    .bss                                     0x20000384   Section       64  tim.o(.bss)
    .bss                                     0x200003c4   Section      160  usart.o(.bss)
    .bss                                     0x20000464   Section      200  judge.o(.bss)
    .bss                                     0x2000052c   Section      125  judge.o(.bss)
    .bss                                     0x200005a9   Section      200  bsp_usart.o(.bss)
    STACK                                    0x20000678   Section     1024  startup_stm32f407xx.o(STACK)

    Global Symbols

    Symbol Name                              Value     Ov Type        Size  Object(Section)

    BuildAttributes$$THM_ISAv4$E$P$D$K$B$S$7EM$VFPi3$EXTD16$VFPS$VFMA$PE$A:L22UL41UL21$X:L11$S22US41US21$IEEE1$IW$USESV6$~STKCKD$USESV7$~SHL$OTIME$ROPI$IEEEX$EBA8$MICROLIB$REQ8$PRES8$EABIv2 0x00000000   Number         0  anon$$obj.o ABSOLUTE
    __ARM_use_no_argv                        0x00000000   Number         0  main.o ABSOLUTE
    __cpp_initialize__aeabi_                  - Undefined Weak Reference
    __cxa_finalize                            - Undefined Weak Reference
    __decompress                              - Undefined Weak Reference
    _clock_init                               - Undefined Weak Reference
    _microlib_exit                            - Undefined Weak Reference
    __Vectors_Size                           0x00000188   Number         0  startup_stm32f407xx.o ABSOLUTE
    __Vectors                                0x08000000   Data           4  startup_stm32f407xx.o(RESET)
    __Vectors_End                            0x08000188   Data           0  startup_stm32f407xx.o(RESET)
    __main                                   0x08000189   Thumb Code     0  entry.o(.ARM.Collect$$$$00000000)
    _main_stk                                0x08000189   Thumb Code     0  entry2.o(.ARM.Collect$$$$00000001)
    _main_scatterload                        0x0800018d   Thumb Code     0  entry5.o(.ARM.Collect$$$$00000004)
    __main_after_scatterload                 0x08000191   Thumb Code     0  entry5.o(.ARM.Collect$$$$00000004)
    _main_clock                              0x08000191   Thumb Code     0  entry7b.o(.ARM.Collect$$$$00000008)
    _main_cpp_init                           0x08000191   Thumb Code     0  entry8b.o(.ARM.Collect$$$$0000000A)
    _main_init                               0x08000191   Thumb Code     0  entry9a.o(.ARM.Collect$$$$0000000B)
    __rt_final_cpp                           0x08000199   Thumb Code     0  entry10a.o(.ARM.Collect$$$$0000000D)
    __rt_final_exit                          0x08000199   Thumb Code     0  entry11a.o(.ARM.Collect$$$$0000000F)
    Reset_Handler                            0x0800019d   Thumb Code     8  startup_stm32f407xx.o(.text)
    ADC_IRQHandler                           0x080001b7   Thumb Code     0  startup_stm32f407xx.o(.text)
    CAN1_RX1_IRQHandler                      0x080001b7   Thumb Code     0  startup_stm32f407xx.o(.text)
    CAN1_SCE_IRQHandler                      0x080001b7   Thumb Code     0  startup_stm32f407xx.o(.text)
    CAN2_RX1_IRQHandler                      0x080001b7   Thumb Code     0  startup_stm32f407xx.o(.text)
    CAN2_SCE_IRQHandler                      0x080001b7   Thumb Code     0  startup_stm32f407xx.o(.text)
    DCMI_IRQHandler                          0x080001b7   Thumb Code     0  startup_stm32f407xx.o(.text)
    DMA1_Stream0_IRQHandler                  0x080001b7   Thumb Code     0  startup_stm32f407xx.o(.text)
    DMA1_Stream1_IRQHandler                  0x080001b7   Thumb Code     0  startup_stm32f407xx.o(.text)
    DMA1_Stream2_IRQHandler                  0x080001b7   Thumb Code     0  startup_stm32f407xx.o(.text)
    DMA1_Stream3_IRQHandler                  0x080001b7   Thumb Code     0  startup_stm32f407xx.o(.text)
    DMA1_Stream4_IRQHandler                  0x080001b7   Thumb Code     0  startup_stm32f407xx.o(.text)
    DMA1_Stream5_IRQHandler                  0x080001b7   Thumb Code     0  startup_stm32f407xx.o(.text)
    DMA1_Stream6_IRQHandler                  0x080001b7   Thumb Code     0  startup_stm32f407xx.o(.text)
    DMA1_Stream7_IRQHandler                  0x080001b7   Thumb Code     0  startup_stm32f407xx.o(.text)
    DMA2_Stream0_IRQHandler                  0x080001b7   Thumb Code     0  startup_stm32f407xx.o(.text)
    DMA2_Stream2_IRQHandler                  0x080001b7   Thumb Code     0  startup_stm32f407xx.o(.text)
    DMA2_Stream3_IRQHandler                  0x080001b7   Thumb Code     0  startup_stm32f407xx.o(.text)
    DMA2_Stream4_IRQHandler                  0x080001b7   Thumb Code     0  startup_stm32f407xx.o(.text)
    DMA2_Stream5_IRQHandler                  0x080001b7   Thumb Code     0  startup_stm32f407xx.o(.text)
    DMA2_Stream6_IRQHandler                  0x080001b7   Thumb Code     0  startup_stm32f407xx.o(.text)
    DMA2_Stream7_IRQHandler                  0x080001b7   Thumb Code     0  startup_stm32f407xx.o(.text)
    ETH_IRQHandler                           0x080001b7   Thumb Code     0  startup_stm32f407xx.o(.text)
    ETH_WKUP_IRQHandler                      0x080001b7   Thumb Code     0  startup_stm32f407xx.o(.text)
    EXTI0_IRQHandler                         0x080001b7   Thumb Code     0  startup_stm32f407xx.o(.text)
    EXTI15_10_IRQHandler                     0x080001b7   Thumb Code     0  startup_stm32f407xx.o(.text)
    EXTI1_IRQHandler                         0x080001b7   Thumb Code     0  startup_stm32f407xx.o(.text)
    EXTI2_IRQHandler                         0x080001b7   Thumb Code     0  startup_stm32f407xx.o(.text)
    EXTI3_IRQHandler                         0x080001b7   Thumb Code     0  startup_stm32f407xx.o(.text)
    EXTI4_IRQHandler                         0x080001b7   Thumb Code     0  startup_stm32f407xx.o(.text)
    EXTI9_5_IRQHandler                       0x080001b7   Thumb Code     0  startup_stm32f407xx.o(.text)
    FLASH_IRQHandler                         0x080001b7   Thumb Code     0  startup_stm32f407xx.o(.text)
    FMC_IRQHandler                           0x080001b7   Thumb Code     0  startup_stm32f407xx.o(.text)
    FPU_IRQHandler                           0x080001b7   Thumb Code     0  startup_stm32f407xx.o(.text)
    HASH_RNG_IRQHandler                      0x080001b7   Thumb Code     0  startup_stm32f407xx.o(.text)
    I2C1_ER_IRQHandler                       0x080001b7   Thumb Code     0  startup_stm32f407xx.o(.text)
    I2C1_EV_IRQHandler                       0x080001b7   Thumb Code     0  startup_stm32f407xx.o(.text)
    I2C2_ER_IRQHandler                       0x080001b7   Thumb Code     0  startup_stm32f407xx.o(.text)
    I2C2_EV_IRQHandler                       0x080001b7   Thumb Code     0  startup_stm32f407xx.o(.text)
    I2C3_ER_IRQHandler                       0x080001b7   Thumb Code     0  startup_stm32f407xx.o(.text)
    I2C3_EV_IRQHandler                       0x080001b7   Thumb Code     0  startup_stm32f407xx.o(.text)
    OTG_FS_IRQHandler                        0x080001b7   Thumb Code     0  startup_stm32f407xx.o(.text)
    OTG_FS_WKUP_IRQHandler                   0x080001b7   Thumb Code     0  startup_stm32f407xx.o(.text)
    OTG_HS_EP1_IN_IRQHandler                 0x080001b7   Thumb Code     0  startup_stm32f407xx.o(.text)
    OTG_HS_EP1_OUT_IRQHandler                0x080001b7   Thumb Code     0  startup_stm32f407xx.o(.text)
    OTG_HS_IRQHandler                        0x080001b7   Thumb Code     0  startup_stm32f407xx.o(.text)
    OTG_HS_WKUP_IRQHandler                   0x080001b7   Thumb Code     0  startup_stm32f407xx.o(.text)
    PVD_IRQHandler                           0x080001b7   Thumb Code     0  startup_stm32f407xx.o(.text)
    RCC_IRQHandler                           0x080001b7   Thumb Code     0  startup_stm32f407xx.o(.text)
    RTC_Alarm_IRQHandler                     0x080001b7   Thumb Code     0  startup_stm32f407xx.o(.text)
    RTC_WKUP_IRQHandler                      0x080001b7   Thumb Code     0  startup_stm32f407xx.o(.text)
    SDIO_IRQHandler                          0x080001b7   Thumb Code     0  startup_stm32f407xx.o(.text)
    SPI1_IRQHandler                          0x080001b7   Thumb Code     0  startup_stm32f407xx.o(.text)
    SPI2_IRQHandler                          0x080001b7   Thumb Code     0  startup_stm32f407xx.o(.text)
    SPI3_IRQHandler                          0x080001b7   Thumb Code     0  startup_stm32f407xx.o(.text)
    TAMP_STAMP_IRQHandler                    0x080001b7   Thumb Code     0  startup_stm32f407xx.o(.text)
    TIM1_BRK_TIM9_IRQHandler                 0x080001b7   Thumb Code     0  startup_stm32f407xx.o(.text)
    TIM1_CC_IRQHandler                       0x080001b7   Thumb Code     0  startup_stm32f407xx.o(.text)
    TIM1_TRG_COM_TIM11_IRQHandler            0x080001b7   Thumb Code     0  startup_stm32f407xx.o(.text)
    TIM2_IRQHandler                          0x080001b7   Thumb Code     0  startup_stm32f407xx.o(.text)
    TIM3_IRQHandler                          0x080001b7   Thumb Code     0  startup_stm32f407xx.o(.text)
    TIM4_IRQHandler                          0x080001b7   Thumb Code     0  startup_stm32f407xx.o(.text)
    TIM5_IRQHandler                          0x080001b7   Thumb Code     0  startup_stm32f407xx.o(.text)
    TIM6_DAC_IRQHandler                      0x080001b7   Thumb Code     0  startup_stm32f407xx.o(.text)
    TIM7_IRQHandler                          0x080001b7   Thumb Code     0  startup_stm32f407xx.o(.text)
    TIM8_BRK_TIM12_IRQHandler                0x080001b7   Thumb Code     0  startup_stm32f407xx.o(.text)
    TIM8_CC_IRQHandler                       0x080001b7   Thumb Code     0  startup_stm32f407xx.o(.text)
    TIM8_TRG_COM_TIM14_IRQHandler            0x080001b7   Thumb Code     0  startup_stm32f407xx.o(.text)
    TIM8_UP_TIM13_IRQHandler                 0x080001b7   Thumb Code     0  startup_stm32f407xx.o(.text)
    UART4_IRQHandler                         0x080001b7   Thumb Code     0  startup_stm32f407xx.o(.text)
    UART5_IRQHandler                         0x080001b7   Thumb Code     0  startup_stm32f407xx.o(.text)
    USART1_IRQHandler                        0x080001b7   Thumb Code     0  startup_stm32f407xx.o(.text)
    USART2_IRQHandler                        0x080001b7   Thumb Code     0  startup_stm32f407xx.o(.text)
    USART3_IRQHandler                        0x080001b7   Thumb Code     0  startup_stm32f407xx.o(.text)
    WWDG_IRQHandler                          0x080001b7   Thumb Code     0  startup_stm32f407xx.o(.text)
    __aeabi_uldivmod                         0x080001c1   Thumb Code    98  uldiv.o(.text)
    __aeabi_memcpy                           0x08000223   Thumb Code    36  memcpya.o(.text)
    __aeabi_memcpy4                          0x08000223   Thumb Code     0  memcpya.o(.text)
    __aeabi_memcpy8                          0x08000223   Thumb Code     0  memcpya.o(.text)
    __aeabi_memset                           0x08000247   Thumb Code    14  memseta.o(.text)
    __aeabi_memset4                          0x08000247   Thumb Code     0  memseta.o(.text)
    __aeabi_memset8                          0x08000247   Thumb Code     0  memseta.o(.text)
    __aeabi_memclr                           0x08000255   Thumb Code     4  memseta.o(.text)
    __aeabi_memclr4                          0x08000255   Thumb Code     0  memseta.o(.text)
    __aeabi_memclr8                          0x08000255   Thumb Code     0  memseta.o(.text)
    _memset$wrapper                          0x08000259   Thumb Code    18  memseta.o(.text)
    __aeabi_dmul                             0x0800026b   Thumb Code   228  dmul.o(.text)
    __aeabi_ddiv                             0x0800034f   Thumb Code   222  ddiv.o(.text)
    __aeabi_i2d                              0x0800042d   Thumb Code    34  dflti.o(.text)
    __aeabi_ui2d                             0x0800044f   Thumb Code    26  dfltui.o(.text)
    __aeabi_d2f                              0x08000469   Thumb Code    56  d2f.o(.text)
    __aeabi_llsl                             0x080004a1   Thumb Code    30  llshl.o(.text)
    _ll_shift_l                              0x080004a1   Thumb Code     0  llshl.o(.text)
    __aeabi_llsr                             0x080004bf   Thumb Code    32  llushr.o(.text)
    _ll_ushift_r                             0x080004bf   Thumb Code     0  llushr.o(.text)
    __I$use$fp                               0x080004df   Thumb Code     0  iusefp.o(.text)
    _float_round                             0x080004df   Thumb Code    18  fepilogue.o(.text)
    _float_epilogue                          0x080004f1   Thumb Code    92  fepilogue.o(.text)
    _double_round                            0x0800054d   Thumb Code    30  depilogue.o(.text)
    _double_epilogue                         0x0800056b   Thumb Code   156  depilogue.o(.text)
    __scatterload                            0x08000609   Thumb Code    28  init.o(.text)
    __scatterload_rt2                        0x08000609   Thumb Code     0  init.o(.text)
    __aeabi_dadd                             0x0800062d   Thumb Code   322  dadd.o(.text)
    __aeabi_dsub                             0x0800076f   Thumb Code     6  dadd.o(.text)
    __aeabi_drsub                            0x08000775   Thumb Code     6  dadd.o(.text)
    __aeabi_d2iz                             0x0800077b   Thumb Code    62  dfixi.o(.text)
    __aeabi_lasr                             0x080007b9   Thumb Code    36  llsshr.o(.text)
    _ll_sshift_r                             0x080007b9   Thumb Code     0  llsshr.o(.text)
    Bsp_UART_Receive_DMA                     0x080007dd   Thumb Code   104  bsp_usart.o(i.Bsp_UART_Receive_DMA)
    Bsp_UART_Receive_IT                      0x08000845   Thumb Code    22  bsp_usart.o(i.Bsp_UART_Receive_IT)
    BusFault_Handler                         0x0800085b   Thumb Code     2  stm32f4xx_it.o(i.BusFault_Handler)
    CAN1_RX0_IRQHandler                      0x0800085d   Thumb Code     6  stm32f4xx_it.o(i.CAN1_RX0_IRQHandler)
    CAN1_TX_IRQHandler                       0x08000869   Thumb Code     6  stm32f4xx_it.o(i.CAN1_TX_IRQHandler)
    CAN2_RX0_IRQHandler                      0x08000875   Thumb Code     6  stm32f4xx_it.o(i.CAN2_RX0_IRQHandler)
    CAN2_TX_IRQHandler                       0x08000881   Thumb Code     6  stm32f4xx_it.o(i.CAN2_TX_IRQHandler)
    CAN_Filter_Init                          0x0800088d   Thumb Code    80  bsp_can.o(i.CAN_Filter_Init)
    CAN_Motor_Ctrl                           0x080008e5   Thumb Code   126  bsp_can.o(i.CAN_Motor_Ctrl)
    Cartridge_wheel_PID_Calc                 0x08000969   Thumb Code    32  shoot.o(i.Cartridge_wheel_PID_Calc)
    Chassis_init                             0x08000991   Thumb Code   114  classic.o(i.Chassis_init)
    DMA2_Stream1_IRQHandler                  0x08000a15   Thumb Code     6  stm32f4xx_it.o(i.DMA2_Stream1_IRQHandler)
    DebugMon_Handler                         0x08000ac5   Thumb Code     2  stm32f4xx_it.o(i.DebugMon_Handler)
    Dma_UsartIdleHanlder                     0x08000ac9   Thumb Code   228  bsp_usart.o(i.Dma_UsartIdleHanlder)
    Error_Handler                            0x08000bbd   Thumb Code     4  main.o(i.Error_Handler)
    Get_CRC16_Check_Sum                      0x08000bc1   Thumb Code    38  crc.o(i.Get_CRC16_Check_Sum)
    Get_CRC8_Check_Sum                       0x08000bed   Thumb Code    26  crc.o(i.Get_CRC8_Check_Sum)
    Gimbal_Receive                           0x08000c0d   Thumb Code    48  bsp_can.o(i.Gimbal_Receive)
    HAL_CAN_ActivateNotification             0x08000c4d   Thumb Code    36  stm32f4xx_hal_can.o(i.HAL_CAN_ActivateNotification)
    HAL_CAN_AddTxMessage                     0x08000c71   Thumb Code   200  stm32f4xx_hal_can.o(i.HAL_CAN_AddTxMessage)
    HAL_CAN_ConfigFilter                     0x08000d39   Thumb Code   262  stm32f4xx_hal_can.o(i.HAL_CAN_ConfigFilter)
    HAL_CAN_ErrorCallback                    0x08000e45   Thumb Code     2  stm32f4xx_hal_can.o(i.HAL_CAN_ErrorCallback)
    HAL_CAN_GetRxMessage                     0x08000e47   Thumb Code   232  stm32f4xx_hal_can.o(i.HAL_CAN_GetRxMessage)
    HAL_CAN_IRQHandler                       0x08000f2f   Thumb Code   508  stm32f4xx_hal_can.o(i.HAL_CAN_IRQHandler)
    HAL_CAN_Init                             0x0800112b   Thumb Code   282  stm32f4xx_hal_can.o(i.HAL_CAN_Init)
    HAL_CAN_MspInit                          0x08001245   Thumb Code   258  can.o(i.HAL_CAN_MspInit)
    HAL_CAN_RxFifo0FullCallback              0x08001361   Thumb Code     2  stm32f4xx_hal_can.o(i.HAL_CAN_RxFifo0FullCallback)
    HAL_CAN_RxFifo0MsgPendingCallback        0x08001365   Thumb Code    84  bsp_can.o(i.HAL_CAN_RxFifo0MsgPendingCallback)
    HAL_CAN_RxFifo1FullCallback              0x080013c5   Thumb Code     2  stm32f4xx_hal_can.o(i.HAL_CAN_RxFifo1FullCallback)
    HAL_CAN_RxFifo1MsgPendingCallback        0x080013c7   Thumb Code     2  stm32f4xx_hal_can.o(i.HAL_CAN_RxFifo1MsgPendingCallback)
    HAL_CAN_SleepCallback                    0x080013c9   Thumb Code     2  stm32f4xx_hal_can.o(i.HAL_CAN_SleepCallback)
    HAL_CAN_Start                            0x080013cd   Thumb Code    88  stm32f4xx_hal_can.o(i.HAL_CAN_Start)
    HAL_CAN_TxMailbox0AbortCallback          0x08001425   Thumb Code     2  stm32f4xx_hal_can.o(i.HAL_CAN_TxMailbox0AbortCallback)
    HAL_CAN_TxMailbox0CompleteCallback       0x08001427   Thumb Code     2  stm32f4xx_hal_can.o(i.HAL_CAN_TxMailbox0CompleteCallback)
    HAL_CAN_TxMailbox1AbortCallback          0x08001429   Thumb Code     2  stm32f4xx_hal_can.o(i.HAL_CAN_TxMailbox1AbortCallback)
    HAL_CAN_TxMailbox1CompleteCallback       0x0800142b   Thumb Code     2  stm32f4xx_hal_can.o(i.HAL_CAN_TxMailbox1CompleteCallback)
    HAL_CAN_TxMailbox2AbortCallback          0x0800142d   Thumb Code     2  stm32f4xx_hal_can.o(i.HAL_CAN_TxMailbox2AbortCallback)
    HAL_CAN_TxMailbox2CompleteCallback       0x0800142f   Thumb Code     2  stm32f4xx_hal_can.o(i.HAL_CAN_TxMailbox2CompleteCallback)
    HAL_CAN_WakeUpFromRxMsgCallback          0x08001431   Thumb Code     2  stm32f4xx_hal_can.o(i.HAL_CAN_WakeUpFromRxMsgCallback)
    HAL_DMA_Abort_IT                         0x08001433   Thumb Code    36  stm32f4xx_hal_dma.o(i.HAL_DMA_Abort_IT)
    HAL_DMA_IRQHandler                       0x08001459   Thumb Code   412  stm32f4xx_hal_dma.o(i.HAL_DMA_IRQHandler)
    HAL_DMA_Init                             0x080015f9   Thumb Code   206  stm32f4xx_hal_dma.o(i.HAL_DMA_Init)
    HAL_DMA_Start                            0x080016cd   Thumb Code    70  stm32f4xx_hal_dma.o(i.HAL_DMA_Start)
    HAL_Delay                                0x08001715   Thumb Code    32  stm32f4xx_hal.o(i.HAL_Delay)
    HAL_GPIO_Init                            0x08001739   Thumb Code   394  stm32f4xx_hal_gpio.o(i.HAL_GPIO_Init)
    HAL_GPIO_ReadPin                         0x080018f1   Thumb Code    10  stm32f4xx_hal_gpio.o(i.HAL_GPIO_ReadPin)
    HAL_GetTick                              0x080018fd   Thumb Code     6  stm32f4xx_hal.o(i.HAL_GetTick)
    HAL_IncTick                              0x08001909   Thumb Code    12  stm32f4xx_hal.o(i.HAL_IncTick)
    HAL_Init                                 0x08001919   Thumb Code    48  stm32f4xx_hal.o(i.HAL_Init)
    HAL_InitTick                             0x0800194d   Thumb Code    54  stm32f4xx_hal.o(i.HAL_InitTick)
    HAL_MspInit                              0x0800198d   Thumb Code    48  stm32f4xx_hal_msp.o(i.HAL_MspInit)
    HAL_NVIC_EnableIRQ                       0x080019c1   Thumb Code    26  stm32f4xx_hal_cortex.o(i.HAL_NVIC_EnableIRQ)
    HAL_NVIC_SetPriority                     0x080019dd   Thumb Code    60  stm32f4xx_hal_cortex.o(i.HAL_NVIC_SetPriority)
    HAL_NVIC_SetPriorityGrouping             0x08001a1d   Thumb Code    26  stm32f4xx_hal_cortex.o(i.HAL_NVIC_SetPriorityGrouping)
    HAL_RCC_ClockConfig                      0x08001a41   Thumb Code   288  stm32f4xx_hal_rcc.o(i.HAL_RCC_ClockConfig)
    HAL_RCC_GetPCLK1Freq                     0x08001b75   Thumb Code    20  stm32f4xx_hal_rcc.o(i.HAL_RCC_GetPCLK1Freq)
    HAL_RCC_GetPCLK2Freq                     0x08001b95   Thumb Code    20  stm32f4xx_hal_rcc.o(i.HAL_RCC_GetPCLK2Freq)
    HAL_RCC_GetSysClockFreq                  0x08001bb5   Thumb Code    88  stm32f4xx_hal_rcc.o(i.HAL_RCC_GetSysClockFreq)
    HAL_RCC_OscConfig                        0x08001c19   Thumb Code   840  stm32f4xx_hal_rcc.o(i.HAL_RCC_OscConfig)
    HAL_SYSTICK_Config                       0x08001f75   Thumb Code    40  stm32f4xx_hal_cortex.o(i.HAL_SYSTICK_Config)
    HAL_TIMEx_BreakCallback                  0x08001f9d   Thumb Code     2  stm32f4xx_hal_tim_ex.o(i.HAL_TIMEx_BreakCallback)
    HAL_TIMEx_CommutCallback                 0x08001f9f   Thumb Code     2  stm32f4xx_hal_tim_ex.o(i.HAL_TIMEx_CommutCallback)
    HAL_TIMEx_MasterConfigSynchronization    0x08001fa1   Thumb Code   116  stm32f4xx_hal_tim_ex.o(i.HAL_TIMEx_MasterConfigSynchronization)
    HAL_TIM_Base_Init                        0x08002031   Thumb Code    54  stm32f4xx_hal_tim.o(i.HAL_TIM_Base_Init)
    HAL_TIM_Base_MspInit                     0x08002069   Thumb Code    50  tim.o(i.HAL_TIM_Base_MspInit)
    HAL_TIM_Base_Start_IT                    0x080020a5   Thumb Code    34  stm32f4xx_hal_tim.o(i.HAL_TIM_Base_Start_IT)
    HAL_TIM_ConfigClockSource                0x080020c7   Thumb Code   214  stm32f4xx_hal_tim.o(i.HAL_TIM_ConfigClockSource)
    HAL_TIM_IC_CaptureCallback               0x0800219d   Thumb Code     2  stm32f4xx_hal_tim.o(i.HAL_TIM_IC_CaptureCallback)
    HAL_TIM_IRQHandler                       0x0800219f   Thumb Code   358  stm32f4xx_hal_tim.o(i.HAL_TIM_IRQHandler)
    HAL_TIM_OC_DelayElapsedCallback          0x08002305   Thumb Code     2  stm32f4xx_hal_tim.o(i.HAL_TIM_OC_DelayElapsedCallback)
    HAL_TIM_PWM_PulseFinishedCallback        0x08002307   Thumb Code     2  stm32f4xx_hal_tim.o(i.HAL_TIM_PWM_PulseFinishedCallback)
    HAL_TIM_PeriodElapsedCallback            0x08002309   Thumb Code     2  stm32f4xx_hal_tim.o(i.HAL_TIM_PeriodElapsedCallback)
    HAL_TIM_TriggerCallback                  0x0800230b   Thumb Code     2  stm32f4xx_hal_tim.o(i.HAL_TIM_TriggerCallback)
    HAL_UART_ErrorCallback                   0x0800230d   Thumb Code     2  stm32f4xx_hal_uart.o(i.HAL_UART_ErrorCallback)
    HAL_UART_IRQHandler                      0x08002311   Thumb Code   270  stm32f4xx_hal_uart.o(i.HAL_UART_IRQHandler)
    HAL_UART_Init                            0x08002425   Thumb Code    98  stm32f4xx_hal_uart.o(i.HAL_UART_Init)
    HAL_UART_MspInit                         0x08002489   Thumb Code   164  usart.o(i.HAL_UART_MspInit)
    HAL_UART_RxCpltCallback                  0x08002541   Thumb Code     2  stm32f4xx_hal_uart.o(i.HAL_UART_RxCpltCallback)
    HAL_UART_TxCpltCallback                  0x08002543   Thumb Code     2  stm32f4xx_hal_uart.o(i.HAL_UART_TxCpltCallback)
    HardFault_Handler                        0x08002545   Thumb Code     2  stm32f4xx_it.o(i.HardFault_Handler)
    Judge_Read_Data                          0x08002549   Thumb Code   412  judge.o(i.Judge_Read_Data)
    MX_CAN1_Init                             0x080026ed   Thumb Code    62  can.o(i.MX_CAN1_Init)
    MX_CAN2_Init                             0x08002735   Thumb Code    62  can.o(i.MX_CAN2_Init)
    MX_DMA_Init                              0x0800277d   Thumb Code    40  dma.o(i.MX_DMA_Init)
    MX_GPIO_Init                             0x080027a9   Thumb Code   134  gpio.o(i.MX_GPIO_Init)
    MX_TIM1_Init                             0x08002839   Thumb Code    96  tim.o(i.MX_TIM1_Init)
    MX_USART6_UART_Init                      0x080028a1   Thumb Code    48  usart.o(i.MX_USART6_UART_Init)
    MemManage_Handler                        0x080028d9   Thumb Code     2  stm32f4xx_it.o(i.MemManage_Handler)
    NMI_Handler                              0x080028db   Thumb Code     2  stm32f4xx_it.o(i.NMI_Handler)
    PendSV_Handler                           0x080028dd   Thumb Code     2  stm32f4xx_it.o(i.PendSV_Handler)
    SVC_Handler                              0x080028df   Thumb Code     2  stm32f4xx_it.o(i.SVC_Handler)
    Slow_Change_Speed                        0x080028e1   Thumb Code   234  classic.o(i.Slow_Change_Speed)
    SysTick_Handler                          0x080029e9   Thumb Code     4  stm32f4xx_it.o(i.SysTick_Handler)
    SystemClock_Config                       0x080029ed   Thumb Code   140  main.o(i.SystemClock_Config)
    SystemInit                               0x08002a81   Thumb Code    22  system_stm32f4xx.o(i.SystemInit)
    TIM1_UP_TIM10_IRQHandler                 0x08002a9d   Thumb Code   480  stm32f4xx_it.o(i.TIM1_UP_TIM10_IRQHandler)
    TIM_Base_SetConfig                       0x08002ccd   Thumb Code   156  stm32f4xx_hal_tim.o(i.TIM_Base_SetConfig)
    TIM_ETR_SetConfig                        0x08002d95   Thumb Code    20  stm32f4xx_hal_tim.o(i.TIM_ETR_SetConfig)
    UART_IdleRxCallback                      0x08002e2d   Thumb Code    30  bsp_usart.o(i.UART_IdleRxCallback)
    USART6_IRQHandler                        0x0800307d   Thumb Code    20  stm32f4xx_it.o(i.USART6_IRQHandler)
    Updata_Switch_State                      0x08003095   Thumb Code    24  bullet.o(i.Updata_Switch_State)
    UsageFault_Handler                       0x080030b5   Thumb Code     2  stm32f4xx_it.o(i.UsageFault_Handler)
    Verify_CRC16_Check_Sum                   0x080030b9   Thumb Code    54  crc.o(i.Verify_CRC16_Check_Sum)
    Verify_CRC8_Check_Sum                    0x080030f5   Thumb Code    42  crc.o(i.Verify_CRC8_Check_Sum)
    __ARM_fpclassify                         0x0800311f   Thumb Code    48  fpclassify.o(i.__ARM_fpclassify)
    __hardfp_cos                             0x08003171   Thumb Code   180  cos.o(i.__hardfp_cos)
    __hardfp_sin                             0x08003239   Thumb Code   180  sin.o(i.__hardfp_sin)
    __ieee754_rem_pio2                       0x08003301   Thumb Code   938  rred.o(i.__ieee754_rem_pio2)
    __kernel_cos                             0x08003739   Thumb Code   322  cos_i.o(i.__kernel_cos)
    __kernel_poly                            0x080038a9   Thumb Code   248  poly.o(i.__kernel_poly)
    __kernel_sin                             0x080039a1   Thumb Code   280  sin_i.o(i.__kernel_sin)
    __mathlib_dbl_infnan                     0x08003ad1   Thumb Code    20  dunder.o(i.__mathlib_dbl_infnan)
    __mathlib_dbl_invalid                    0x08003ae9   Thumb Code    24  dunder.o(i.__mathlib_dbl_invalid)
    __mathlib_dbl_underflow                  0x08003b09   Thumb Code    24  dunder.o(i.__mathlib_dbl_underflow)
    __scatterload_copy                       0x08003b29   Thumb Code    14  handlers.o(i.__scatterload_copy)
    __scatterload_null                       0x08003b37   Thumb Code     2  handlers.o(i.__scatterload_null)
    __scatterload_zeroinit                   0x08003b39   Thumb Code    14  handlers.o(i.__scatterload_zeroinit)
    __set_errno                              0x08003b49   Thumb Code     6  errno.o(i.__set_errno)
    fabs                                     0x08003b55   Thumb Code    24  fabs.o(i.fabs)
    gear_moto_position_pid_calc              0x08003b6d   Thumb Code   384  shoot.o(i.gear_moto_position_pid_calc)
    gear_moto_position_pid_init              0x08003d01   Thumb Code   156  shoot.o(i.gear_moto_position_pid_init)
    get_gear_motor_measure                   0x08003dc5   Thumb Code   138  bsp_can.o(i.get_gear_motor_measure)
    main                                     0x08003e51   Thumb Code    70  main.o(i.main)
    pid_init                                 0x08003fa1   Thumb Code    14  pid.o(i.pid_init)
    CRC8_TAB                                 0x08004022   Data         256  crc.o(.constdata)
    wCRC_Table                               0x08004122   Data         512  crc.o(.constdata)
    AHBPrescTable                            0x0800432a   Data          16  system_stm32f4xx.o(.constdata)
    APBPrescTable                            0x0800433a   Data           8  system_stm32f4xx.o(.constdata)
    Region$$Table$$Base                      0x08004468   Number         0  anon$$obj.o(Region$$Table)
    Region$$Table$$Limit                     0x08004488   Number         0  anon$$obj.o(Region$$Table)
    Time_Cnt                                 0x20000000   Data           2  classic.o(.data)
    Last_Dir                                 0x20000004   Data           4  classic.o(.data)
    set_spd                                  0x20000008   Data           8  classic.o(.data)
    Moto_ID                                  0x20000010   Data           2  classic.o(.data)
    Move_Allow                               0x20000012   Data           1  classic.o(.data)
    direction                                0x20000014   Data           4  classic.o(.data)
    eliminate_dithering_left                 0x20000018   Data           4  classic.o(.data)
    eliminate_dithering_right                0x2000001c   Data           4  classic.o(.data)
    Classic_Move_Speed                       0x20000020   Data           4  classic.o(.data)
    Classic_First_Start                      0x20000024   Data           1  classic.o(.data)
    Switch_State                             0x20000025   Data           2  bullet.o(.data)
    Shoot_State                              0x20000027   Data           1  shoot.o(.data)
    Cartridge_angle                          0x20000028   Data           2  shoot.o(.data)
    Time_Tick                                0x20000030   Data           4  stm32f4xx_it.o(.data)
    Judge_Data_TF                            0x20000034   Data           1  judge.o(.data)
    Hurt_Data_Update                         0x20000035   Data           1  judge.o(.data)
    GameResult                               0x20000036   Data           1  judge.o(.data)
    DartRemainingTime                        0x20000037   Data           1  judge.o(.data)
    BuffMusk                                 0x20000038   Data           1  judge.o(.data)
    AerialRobotEnergy                        0x20000039   Data           1  judge.o(.data)
    RobotHurt                                0x2000003a   Data           1  judge.o(.data)
    Judge_Self_ID                            0x2000003b   Data           1  judge.o(.data)
    RefereeWarning                           0x2000003c   Data           2  judge.o(.data)
    DartStatus                               0x2000003e   Data           3  judge.o(.data)
    EventData                                0x20000041   Data           4  judge.o(.data)
    SupplyProjectileAction                   0x20000045   Data           4  judge.o(.data)
    RfridStatus                              0x20000049   Data           4  judge.o(.data)
    FrameHeader                              0x2000004d   Data           5  judge.o(.data)
    BulletRemaining                          0x20000052   Data           6  judge.o(.data)
    ShootData                                0x20000058   Data           7  judge.o(.data)
    CRC_INIT                                 0x20000060   Data           2  crc.o(.data)
    uwTickFreq                               0x20000064   Data           1  stm32f4xx_hal.o(.data)
    uwTickPrio                               0x20000068   Data           4  stm32f4xx_hal.o(.data)
    uwTick                                   0x2000006c   Data           4  stm32f4xx_hal.o(.data)
    SystemCoreClock                          0x20000070   Data           4  system_stm32f4xx.o(.data)
    Motor_Output                             0x20000078   Data          24  bsp_can.o(.bss)
    gear_motor_data                          0x20000090   Data         288  bsp_can.o(.bss)
    motor_pid                                0x200001b0   Data         200  classic.o(.bss)
    Cartridge_Position_Pid                   0x20000278   Data          88  shoot.o(.bss)
    Cartridge_wheel                          0x200002d0   Data         100  shoot.o(.bss)
    hcan1                                    0x20000334   Data          40  can.o(.bss)
    hcan2                                    0x2000035c   Data          40  can.o(.bss)
    htim1                                    0x20000384   Data          64  tim.o(.bss)
    huart6                                   0x200003c4   Data          64  usart.o(.bss)
    hdma_usart6_rx                           0x20000404   Data          96  usart.o(.bss)
    Judgement_Buf                            0x20000464   Data         200  judge.o(.bss)
    GameState                                0x2000052c   Data          11  judge.o(.bss)
    GameRobotHP                              0x20000537   Data          32  judge.o(.bss)
    IcraBuffDebuffZoneStatus                 0x20000557   Data          11  judge.o(.bss)
    GameRobotStat                            0x20000562   Data          27  judge.o(.bss)
    PowerHeatData                            0x2000057d   Data          16  judge.o(.bss)
    GameRobotPos                             0x2000058d   Data          16  judge.o(.bss)
    DartClientCmd                            0x2000059d   Data          12  judge.o(.bss)
    rx_judge_buf                             0x200005a9   Data         200  bsp_usart.o(.bss)
    __initial_sp                             0x20000a78   Data           0  startup_stm32f407xx.o(STACK)



==============================================================================

Memory Map of the image

  Image Entry point : 0x08000189

  Load Region LR_IROM1 (Base: 0x08000000, Size: 0x00004500, Max: 0x00100000, ABSOLUTE)

    Execution Region ER_IROM1 (Exec base: 0x08000000, Load base: 0x08000000, Size: 0x00004488, Max: 0x00100000, ABSOLUTE)

    Exec Addr    Load Addr    Size         Type   Attr      Idx    E Section Name        Object

    0x08000000   0x08000000   0x00000188   Data   RO            3    RESET               startup_stm32f407xx.o
    0x08000188   0x08000188   0x00000000   Code   RO         3631  * .ARM.Collect$$$$00000000  mc_w.l(entry.o)
    0x08000188   0x08000188   0x00000004   Code   RO         3680    .ARM.Collect$$$$00000001  mc_w.l(entry2.o)
    0x0800018c   0x0800018c   0x00000004   Code   RO         3683    .ARM.Collect$$$$00000004  mc_w.l(entry5.o)
    0x08000190   0x08000190   0x00000000   Code   RO         3685    .ARM.Collect$$$$00000008  mc_w.l(entry7b.o)
    0x08000190   0x08000190   0x00000000   Code   RO         3687    .ARM.Collect$$$$0000000A  mc_w.l(entry8b.o)
    0x08000190   0x08000190   0x00000008   Code   RO         3688    .ARM.Collect$$$$0000000B  mc_w.l(entry9a.o)
    0x08000198   0x08000198   0x00000000   Code   RO         3690    .ARM.Collect$$$$0000000D  mc_w.l(entry10a.o)
    0x08000198   0x08000198   0x00000000   Code   RO         3692    .ARM.Collect$$$$0000000F  mc_w.l(entry11a.o)
    0x08000198   0x08000198   0x00000004   Code   RO         3681    .ARM.Collect$$$$00002712  mc_w.l(entry2.o)
    0x0800019c   0x0800019c   0x00000024   Code   RO            4    .text               startup_stm32f407xx.o
    0x080001c0   0x080001c0   0x00000062   Code   RO         3634    .text               mc_w.l(uldiv.o)
    0x08000222   0x08000222   0x00000024   Code   RO         3636    .text               mc_w.l(memcpya.o)
    0x08000246   0x08000246   0x00000024   Code   RO         3638    .text               mc_w.l(memseta.o)
    0x0800026a   0x0800026a   0x000000e4   Code   RO         3642    .text               mf_w.l(dmul.o)
    0x0800034e   0x0800034e   0x000000de   Code   RO         3644    .text               mf_w.l(ddiv.o)
    0x0800042c   0x0800042c   0x00000022   Code   RO         3646    .text               mf_w.l(dflti.o)
    0x0800044e   0x0800044e   0x0000001a   Code   RO         3648    .text               mf_w.l(dfltui.o)
    0x08000468   0x08000468   0x00000038   Code   RO         3650    .text               mf_w.l(d2f.o)
    0x080004a0   0x080004a0   0x0000001e   Code   RO         3694    .text               mc_w.l(llshl.o)
    0x080004be   0x080004be   0x00000020   Code   RO         3696    .text               mc_w.l(llushr.o)
    0x080004de   0x080004de   0x00000000   Code   RO         3705    .text               mc_w.l(iusefp.o)
    0x080004de   0x080004de   0x0000006e   Code   RO         3706    .text               mf_w.l(fepilogue.o)
    0x0800054c   0x0800054c   0x000000ba   Code   RO         3708    .text               mf_w.l(depilogue.o)
    0x08000606   0x08000606   0x00000002   PAD
    0x08000608   0x08000608   0x00000024   Code   RO         3722    .text               mc_w.l(init.o)
    0x0800062c   0x0800062c   0x0000014e   Code   RO         3724    .text               mf_w.l(dadd.o)
    0x0800077a   0x0800077a   0x0000003e   Code   RO         3726    .text               mf_w.l(dfixi.o)
    0x080007b8   0x080007b8   0x00000024   Code   RO         3728    .text               mc_w.l(llsshr.o)
    0x080007dc   0x080007dc   0x00000068   Code   RO          861    i.Bsp_UART_Receive_DMA  bsp_usart.o
    0x08000844   0x08000844   0x00000016   Code   RO          862    i.Bsp_UART_Receive_IT  bsp_usart.o
    0x0800085a   0x0800085a   0x00000002   Code   RO          608    i.BusFault_Handler  stm32f4xx_it.o
    0x0800085c   0x0800085c   0x0000000c   Code   RO          609    i.CAN1_RX0_IRQHandler  stm32f4xx_it.o
    0x08000868   0x08000868   0x0000000c   Code   RO          610    i.CAN1_TX_IRQHandler  stm32f4xx_it.o
    0x08000874   0x08000874   0x0000000c   Code   RO          611    i.CAN2_RX0_IRQHandler  stm32f4xx_it.o
    0x08000880   0x08000880   0x0000000c   Code   RO          612    i.CAN2_TX_IRQHandler  stm32f4xx_it.o
    0x0800088c   0x0800088c   0x00000058   Code   RO           13    i.CAN_Filter_Init   bsp_can.o
    0x080008e4   0x080008e4   0x00000084   Code   RO           14    i.CAN_Motor_Ctrl    bsp_can.o
    0x08000968   0x08000968   0x00000028   Code   RO          330    i.Cartridge_wheel_PID_Calc  shoot.o
    0x08000990   0x08000990   0x00000084   Code   RO          189    i.Chassis_init      classic.o
    0x08000a14   0x08000a14   0x0000000c   Code   RO          613    i.DMA2_Stream1_IRQHandler  stm32f4xx_it.o
    0x08000a20   0x08000a20   0x00000028   Code   RO         1645    i.DMA_CalcBaseAndBitshift  stm32f4xx_hal_dma.o
    0x08000a48   0x08000a48   0x00000054   Code   RO         1646    i.DMA_CheckFifoParam  stm32f4xx_hal_dma.o
    0x08000a9c   0x08000a9c   0x00000028   Code   RO         1647    i.DMA_SetConfig     stm32f4xx_hal_dma.o
    0x08000ac4   0x08000ac4   0x00000002   Code   RO          614    i.DebugMon_Handler  stm32f4xx_it.o
    0x08000ac6   0x08000ac6   0x00000002   PAD
    0x08000ac8   0x08000ac8   0x000000f4   Code   RO          863    i.Dma_UsartIdleHanlder  bsp_usart.o
    0x08000bbc   0x08000bbc   0x00000004   Code   RO          374    i.Error_Handler     main.o
    0x08000bc0   0x08000bc0   0x0000002c   Code   RO          905    i.Get_CRC16_Check_Sum  crc.o
    0x08000bec   0x08000bec   0x00000020   Code   RO          906    i.Get_CRC8_Check_Sum  crc.o
    0x08000c0c   0x08000c0c   0x00000040   Code   RO           15    i.Gimbal_Receive    bsp_can.o
    0x08000c4c   0x08000c4c   0x00000024   Code   RO          953    i.HAL_CAN_ActivateNotification  stm32f4xx_hal_can.o
    0x08000c70   0x08000c70   0x000000c8   Code   RO          954    i.HAL_CAN_AddTxMessage  stm32f4xx_hal_can.o
    0x08000d38   0x08000d38   0x0000010c   Code   RO          955    i.HAL_CAN_ConfigFilter  stm32f4xx_hal_can.o
    0x08000e44   0x08000e44   0x00000002   Code   RO          958    i.HAL_CAN_ErrorCallback  stm32f4xx_hal_can.o
    0x08000e46   0x08000e46   0x000000e8   Code   RO          961    i.HAL_CAN_GetRxMessage  stm32f4xx_hal_can.o
    0x08000f2e   0x08000f2e   0x000001fc   Code   RO          965    i.HAL_CAN_IRQHandler  stm32f4xx_hal_can.o
    0x0800112a   0x0800112a   0x0000011a   Code   RO          966    i.HAL_CAN_Init      stm32f4xx_hal_can.o
    0x08001244   0x08001244   0x0000011c   Code   RO          452    i.HAL_CAN_MspInit   can.o
    0x08001360   0x08001360   0x00000002   Code   RO          973    i.HAL_CAN_RxFifo0FullCallback  stm32f4xx_hal_can.o
    0x08001362   0x08001362   0x00000002   PAD
    0x08001364   0x08001364   0x00000060   Code   RO           16    i.HAL_CAN_RxFifo0MsgPendingCallback  bsp_can.o
    0x080013c4   0x080013c4   0x00000002   Code   RO          975    i.HAL_CAN_RxFifo1FullCallback  stm32f4xx_hal_can.o
    0x080013c6   0x080013c6   0x00000002   Code   RO          976    i.HAL_CAN_RxFifo1MsgPendingCallback  stm32f4xx_hal_can.o
    0x080013c8   0x080013c8   0x00000002   Code   RO          977    i.HAL_CAN_SleepCallback  stm32f4xx_hal_can.o
    0x080013ca   0x080013ca   0x00000002   PAD
    0x080013cc   0x080013cc   0x00000058   Code   RO          978    i.HAL_CAN_Start     stm32f4xx_hal_can.o
    0x08001424   0x08001424   0x00000002   Code   RO          980    i.HAL_CAN_TxMailbox0AbortCallback  stm32f4xx_hal_can.o
    0x08001426   0x08001426   0x00000002   Code   RO          981    i.HAL_CAN_TxMailbox0CompleteCallback  stm32f4xx_hal_can.o
    0x08001428   0x08001428   0x00000002   Code   RO          982    i.HAL_CAN_TxMailbox1AbortCallback  stm32f4xx_hal_can.o
    0x0800142a   0x0800142a   0x00000002   Code   RO          983    i.HAL_CAN_TxMailbox1CompleteCallback  stm32f4xx_hal_can.o
    0x0800142c   0x0800142c   0x00000002   Code   RO          984    i.HAL_CAN_TxMailbox2AbortCallback  stm32f4xx_hal_can.o
    0x0800142e   0x0800142e   0x00000002   Code   RO          985    i.HAL_CAN_TxMailbox2CompleteCallback  stm32f4xx_hal_can.o
    0x08001430   0x08001430   0x00000002   Code   RO          987    i.HAL_CAN_WakeUpFromRxMsgCallback  stm32f4xx_hal_can.o
    0x08001432   0x08001432   0x00000024   Code   RO         1649    i.HAL_DMA_Abort_IT  stm32f4xx_hal_dma.o
    0x08001456   0x08001456   0x00000002   PAD
    0x08001458   0x08001458   0x000001a0   Code   RO         1653    i.HAL_DMA_IRQHandler  stm32f4xx_hal_dma.o
    0x080015f8   0x080015f8   0x000000d4   Code   RO         1654    i.HAL_DMA_Init      stm32f4xx_hal_dma.o
    0x080016cc   0x080016cc   0x00000046   Code   RO         1657    i.HAL_DMA_Start     stm32f4xx_hal_dma.o
    0x08001712   0x08001712   0x00000002   PAD
    0x08001714   0x08001714   0x00000024   Code   RO         2067    i.HAL_Delay         stm32f4xx_hal.o
    0x08001738   0x08001738   0x000001b8   Code   RO         1541    i.HAL_GPIO_Init     stm32f4xx_hal_gpio.o
    0x080018f0   0x080018f0   0x0000000a   Code   RO         1543    i.HAL_GPIO_ReadPin  stm32f4xx_hal_gpio.o
    0x080018fa   0x080018fa   0x00000002   PAD
    0x080018fc   0x080018fc   0x0000000c   Code   RO         2073    i.HAL_GetTick       stm32f4xx_hal.o
    0x08001908   0x08001908   0x00000010   Code   RO         2079    i.HAL_IncTick       stm32f4xx_hal.o
    0x08001918   0x08001918   0x00000034   Code   RO         2080    i.HAL_Init          stm32f4xx_hal.o
    0x0800194c   0x0800194c   0x00000040   Code   RO         2081    i.HAL_InitTick      stm32f4xx_hal.o
    0x0800198c   0x0800198c   0x00000034   Code   RO          729    i.HAL_MspInit       stm32f4xx_hal_msp.o
    0x080019c0   0x080019c0   0x0000001a   Code   RO         1930    i.HAL_NVIC_EnableIRQ  stm32f4xx_hal_cortex.o
    0x080019da   0x080019da   0x00000002   PAD
    0x080019dc   0x080019dc   0x00000040   Code   RO         1936    i.HAL_NVIC_SetPriority  stm32f4xx_hal_cortex.o
    0x08001a1c   0x08001a1c   0x00000024   Code   RO         1937    i.HAL_NVIC_SetPriorityGrouping  stm32f4xx_hal_cortex.o
    0x08001a40   0x08001a40   0x00000134   Code   RO         1187    i.HAL_RCC_ClockConfig  stm32f4xx_hal_rcc.o
    0x08001b74   0x08001b74   0x00000020   Code   RO         1194    i.HAL_RCC_GetPCLK1Freq  stm32f4xx_hal_rcc.o
    0x08001b94   0x08001b94   0x00000020   Code   RO         1195    i.HAL_RCC_GetPCLK2Freq  stm32f4xx_hal_rcc.o
    0x08001bb4   0x08001bb4   0x00000064   Code   RO         1196    i.HAL_RCC_GetSysClockFreq  stm32f4xx_hal_rcc.o
    0x08001c18   0x08001c18   0x0000035c   Code   RO         1199    i.HAL_RCC_OscConfig  stm32f4xx_hal_rcc.o
    0x08001f74   0x08001f74   0x00000028   Code   RO         1941    i.HAL_SYSTICK_Config  stm32f4xx_hal_cortex.o
    0x08001f9c   0x08001f9c   0x00000002   Code   RO         2995    i.HAL_TIMEx_BreakCallback  stm32f4xx_hal_tim_ex.o
    0x08001f9e   0x08001f9e   0x00000002   Code   RO         2996    i.HAL_TIMEx_CommutCallback  stm32f4xx_hal_tim_ex.o
    0x08001fa0   0x08001fa0   0x00000090   Code   RO         3013    i.HAL_TIMEx_MasterConfigSynchronization  stm32f4xx_hal_tim_ex.o
    0x08002030   0x08002030   0x00000036   Code   RO         2320    i.HAL_TIM_Base_Init  stm32f4xx_hal_tim.o
    0x08002066   0x08002066   0x00000002   PAD
    0x08002068   0x08002068   0x0000003c   Code   RO          525    i.HAL_TIM_Base_MspInit  tim.o
    0x080020a4   0x080020a4   0x00000022   Code   RO         2325    i.HAL_TIM_Base_Start_IT  stm32f4xx_hal_tim.o
    0x080020c6   0x080020c6   0x000000d6   Code   RO         2329    i.HAL_TIM_ConfigClockSource  stm32f4xx_hal_tim.o
    0x0800219c   0x0800219c   0x00000002   Code   RO         2349    i.HAL_TIM_IC_CaptureCallback  stm32f4xx_hal_tim.o
    0x0800219e   0x0800219e   0x00000166   Code   RO         2363    i.HAL_TIM_IRQHandler  stm32f4xx_hal_tim.o
    0x08002304   0x08002304   0x00000002   Code   RO         2366    i.HAL_TIM_OC_DelayElapsedCallback  stm32f4xx_hal_tim.o
    0x08002306   0x08002306   0x00000002   Code   RO         2393    i.HAL_TIM_PWM_PulseFinishedCallback  stm32f4xx_hal_tim.o
    0x08002308   0x08002308   0x00000002   Code   RO         2401    i.HAL_TIM_PeriodElapsedCallback  stm32f4xx_hal_tim.o
    0x0800230a   0x0800230a   0x00000002   Code   RO         2406    i.HAL_TIM_TriggerCallback  stm32f4xx_hal_tim.o
    0x0800230c   0x0800230c   0x00000002   Code   RO         3267    i.HAL_UART_ErrorCallback  stm32f4xx_hal_uart.o
    0x0800230e   0x0800230e   0x00000002   PAD
    0x08002310   0x08002310   0x00000114   Code   RO         3270    i.HAL_UART_IRQHandler  stm32f4xx_hal_uart.o
    0x08002424   0x08002424   0x00000062   Code   RO         3271    i.HAL_UART_Init     stm32f4xx_hal_uart.o
    0x08002486   0x08002486   0x00000002   PAD
    0x08002488   0x08002488   0x000000b8   Code   RO          567    i.HAL_UART_MspInit  usart.o
    0x08002540   0x08002540   0x00000002   Code   RO         3277    i.HAL_UART_RxCpltCallback  stm32f4xx_hal_uart.o
    0x08002542   0x08002542   0x00000002   Code   RO         3282    i.HAL_UART_TxCpltCallback  stm32f4xx_hal_uart.o
    0x08002544   0x08002544   0x00000002   Code   RO          615    i.HardFault_Handler  stm32f4xx_it.o
    0x08002546   0x08002546   0x00000002   PAD
    0x08002548   0x08002548   0x000001a4   Code   RO          762    i.Judge_Read_Data   judge.o
    0x080026ec   0x080026ec   0x00000048   Code   RO          453    i.MX_CAN1_Init      can.o
    0x08002734   0x08002734   0x00000048   Code   RO          454    i.MX_CAN2_Init      can.o
    0x0800277c   0x0800277c   0x0000002c   Code   RO          500    i.MX_DMA_Init       dma.o
    0x080027a8   0x080027a8   0x00000090   Code   RO          427    i.MX_GPIO_Init      gpio.o
    0x08002838   0x08002838   0x00000068   Code   RO          526    i.MX_TIM1_Init      tim.o
    0x080028a0   0x080028a0   0x00000038   Code   RO          568    i.MX_USART6_UART_Init  usart.o
    0x080028d8   0x080028d8   0x00000002   Code   RO          616    i.MemManage_Handler  stm32f4xx_it.o
    0x080028da   0x080028da   0x00000002   Code   RO          617    i.NMI_Handler       stm32f4xx_it.o
    0x080028dc   0x080028dc   0x00000002   Code   RO          618    i.PendSV_Handler    stm32f4xx_it.o
    0x080028de   0x080028de   0x00000002   Code   RO          619    i.SVC_Handler       stm32f4xx_it.o
    0x080028e0   0x080028e0   0x00000108   Code   RO          190    i.Slow_Change_Speed  classic.o
    0x080029e8   0x080029e8   0x00000004   Code   RO          620    i.SysTick_Handler   stm32f4xx_it.o
    0x080029ec   0x080029ec   0x00000094   Code   RO          375    i.SystemClock_Config  main.o
    0x08002a80   0x08002a80   0x0000001c   Code   RO         3573    i.SystemInit        system_stm32f4xx.o
    0x08002a9c   0x08002a9c   0x00000230   Code   RO          621    i.TIM1_UP_TIM10_IRQHandler  stm32f4xx_it.o
    0x08002ccc   0x08002ccc   0x000000c8   Code   RO         2408    i.TIM_Base_SetConfig  stm32f4xx_hal_tim.o
    0x08002d94   0x08002d94   0x00000014   Code   RO         2419    i.TIM_ETR_SetConfig  stm32f4xx_hal_tim.o
    0x08002da8   0x08002da8   0x00000010   Code   RO         2420    i.TIM_ITRx_SetConfig  stm32f4xx_hal_tim.o
    0x08002db8   0x08002db8   0x00000022   Code   RO         2426    i.TIM_TI1_ConfigInputStage  stm32f4xx_hal_tim.o
    0x08002dda   0x08002dda   0x00000024   Code   RO         2428    i.TIM_TI2_ConfigInputStage  stm32f4xx_hal_tim.o
    0x08002dfe   0x08002dfe   0x00000010   Code   RO         3284    i.UART_DMAAbortOnError  stm32f4xx_hal_uart.o
    0x08002e0e   0x08002e0e   0x0000001c   Code   RO         3294    i.UART_EndRxTransfer  stm32f4xx_hal_uart.o
    0x08002e2a   0x08002e2a   0x00000002   PAD
    0x08002e2c   0x08002e2c   0x0000002c   Code   RO          864    i.UART_IdleRxCallback  bsp_usart.o
    0x08002e58   0x08002e58   0x00000096   Code   RO         3296    i.UART_Receive_IT   stm32f4xx_hal_uart.o
    0x08002eee   0x08002eee   0x00000002   PAD
    0x08002ef0   0x08002ef0   0x00000128   Code   RO         3297    i.UART_SetConfig    stm32f4xx_hal_uart.o
    0x08003018   0x08003018   0x00000062   Code   RO         3298    i.UART_Transmit_IT  stm32f4xx_hal_uart.o
    0x0800307a   0x0800307a   0x00000002   PAD
    0x0800307c   0x0800307c   0x00000018   Code   RO          622    i.USART6_IRQHandler  stm32f4xx_it.o
    0x08003094   0x08003094   0x00000020   Code   RO          277    i.Updata_Switch_State  bullet.o
    0x080030b4   0x080030b4   0x00000002   Code   RO          623    i.UsageFault_Handler  stm32f4xx_it.o
    0x080030b6   0x080030b6   0x00000002   PAD
    0x080030b8   0x080030b8   0x0000003c   Code   RO          907    i.Verify_CRC16_Check_Sum  crc.o
    0x080030f4   0x080030f4   0x0000002a   Code   RO          908    i.Verify_CRC8_Check_Sum  crc.o
    0x0800311e   0x0800311e   0x00000030   Code   RO         3718    i.__ARM_fpclassify  m_wm.l(fpclassify.o)
    0x0800314e   0x0800314e   0x00000020   Code   RO         1943    i.__NVIC_SetPriority  stm32f4xx_hal_cortex.o
    0x0800316e   0x0800316e   0x00000002   PAD
    0x08003170   0x08003170   0x000000c8   Code   RO         3607    i.__hardfp_cos      m_wm.l(cos.o)
    0x08003238   0x08003238   0x000000c8   Code   RO         3619    i.__hardfp_sin      m_wm.l(sin.o)
    0x08003300   0x08003300   0x00000438   Code   RO         3669    i.__ieee754_rem_pio2  m_wm.l(rred.o)
    0x08003738   0x08003738   0x00000170   Code   RO         3652    i.__kernel_cos      m_wm.l(cos_i.o)
    0x080038a8   0x080038a8   0x000000f8   Code   RO         3720    i.__kernel_poly     m_wm.l(poly.o)
    0x080039a0   0x080039a0   0x00000130   Code   RO         3674    i.__kernel_sin      m_wm.l(sin_i.o)
    0x08003ad0   0x08003ad0   0x00000014   Code   RO         3656    i.__mathlib_dbl_infnan  m_wm.l(dunder.o)
    0x08003ae4   0x08003ae4   0x00000004   PAD
    0x08003ae8   0x08003ae8   0x00000020   Code   RO         3658    i.__mathlib_dbl_invalid  m_wm.l(dunder.o)
    0x08003b08   0x08003b08   0x00000020   Code   RO         3661    i.__mathlib_dbl_underflow  m_wm.l(dunder.o)
    0x08003b28   0x08003b28   0x0000000e   Code   RO         3732    i.__scatterload_copy  mc_w.l(handlers.o)
    0x08003b36   0x08003b36   0x00000002   Code   RO         3733    i.__scatterload_null  mc_w.l(handlers.o)
    0x08003b38   0x08003b38   0x0000000e   Code   RO         3734    i.__scatterload_zeroinit  mc_w.l(handlers.o)
    0x08003b46   0x08003b46   0x00000002   PAD
    0x08003b48   0x08003b48   0x0000000c   Code   RO         3700    i.__set_errno       mc_w.l(errno.o)
    0x08003b54   0x08003b54   0x00000018   Code   RO         3714    i.fabs              m_wm.l(fabs.o)
    0x08003b6c   0x08003b6c   0x00000194   Code   RO          331    i.gear_moto_position_pid_calc  shoot.o
    0x08003d00   0x08003d00   0x000000c4   Code   RO          332    i.gear_moto_position_pid_init  shoot.o
    0x08003dc4   0x08003dc4   0x0000008a   Code   RO           17    i.get_gear_motor_measure  bsp_can.o
    0x08003e4e   0x08003e4e   0x00000002   PAD
    0x08003e50   0x08003e50   0x00000054   Code   RO          376    i.main              main.o
    0x08003ea4   0x08003ea4   0x000000fa   Code   RO          237    i.pid_calculate     pid.o
    0x08003f9e   0x08003f9e   0x00000002   PAD
    0x08003fa0   0x08003fa0   0x0000001c   Code   RO          238    i.pid_init          pid.o
    0x08003fbc   0x08003fbc   0x00000058   Code   RO          239    i.pid_param_init    pid.o
    0x08004014   0x08004014   0x00000008   Code   RO          240    i.pid_reset         pid.o
    0x0800401c   0x0800401c   0x00000006   Data   RO           20    .constdata          bsp_can.o
    0x08004022   0x08004022   0x00000300   Data   RO          910    .constdata          crc.o
    0x08004322   0x08004322   0x00000008   Data   RO         1660    .constdata          stm32f4xx_hal_dma.o
    0x0800432a   0x0800432a   0x00000010   Data   RO         3574    .constdata          system_stm32f4xx.o
    0x0800433a   0x0800433a   0x00000008   Data   RO         3575    .constdata          system_stm32f4xx.o
    0x08004342   0x08004342   0x00000006   PAD
    0x08004348   0x08004348   0x00000030   Data   RO         3653    .constdata          m_wm.l(cos_i.o)
    0x08004378   0x08004378   0x000000c8   Data   RO         3671    .constdata          m_wm.l(rred.o)
    0x08004440   0x08004440   0x00000028   Data   RO         3675    .constdata          m_wm.l(sin_i.o)
    0x08004468   0x08004468   0x00000020   Data   RO         3730    Region$$Table       anon$$obj.o


    Execution Region RW_IRAM2 (Exec base: 0x10000000, Load base: 0x08004500, Size: 0x00000000, Max: 0x00010000, ABSOLUTE)

    **** No section assigned to this execution region ****


    Execution Region RW_IRAM1 (Exec base: 0x20000000, Load base: 0x08004488, Size: 0x00000a78, Max: 0x00020000, ABSOLUTE)

    Exec Addr    Load Addr    Size         Type   Attr      Idx    E Section Name        Object

    0x20000000   0x08004488   0x00000010   Data   RW          192    .data               classic.o
    0x20000010   0x08004498   0x00000002   Data   RW          193    .data               classic.o
    0x20000012   0x0800449a   0x00000001   Data   RW          194    .data               classic.o
    0x20000013   0x0800449b   0x00000001   PAD
    0x20000014   0x0800449c   0x00000004   Data   RW          195    .data               classic.o
    0x20000018   0x080044a0   0x00000004   Data   RW          196    .data               classic.o
    0x2000001c   0x080044a4   0x00000004   Data   RW          197    .data               classic.o
    0x20000020   0x080044a8   0x00000004   Data   RW          198    .data               classic.o
    0x20000024   0x080044ac   0x00000001   Data   RW          199    .data               classic.o
    0x20000025   0x080044ad   0x00000002   Data   RW          278    .data               bullet.o
    0x20000027   0x080044af   0x00000001   Data   RW          334    .data               shoot.o
    0x20000028   0x080044b0   0x00000002   Data   RW          335    .data               shoot.o
    0x2000002a   0x080044b2   0x00000002   PAD
    0x2000002c   0x080044b4   0x00000004   Data   RW          456    .data               can.o
    0x20000030   0x080044b8   0x00000004   Data   RW          624    .data               stm32f4xx_it.o
    0x20000034   0x080044bc   0x0000002b   Data   RW          766    .data               judge.o
    0x2000005f   0x080044e7   0x00000001   PAD
    0x20000060   0x080044e8   0x00000002   Data   RW          911    .data               crc.o
    0x20000062   0x080044ea   0x00000002   PAD
    0x20000064   0x080044ec   0x0000000c   Data   RW         2087    .data               stm32f4xx_hal.o
    0x20000070   0x080044f8   0x00000004   Data   RW         3576    .data               system_stm32f4xx.o
    0x20000074   0x080044fc   0x00000004   Data   RW         3701    .data               mc_w.l(errno.o)
    0x20000078        -       0x00000018   Zero   RW           18    .bss                bsp_can.o
    0x20000090        -       0x00000120   Zero   RW           19    .bss                bsp_can.o
    0x200001b0        -       0x000000c8   Zero   RW          191    .bss                classic.o
    0x20000278        -       0x000000bc   Zero   RW          333    .bss                shoot.o
    0x20000334        -       0x00000050   Zero   RW          455    .bss                can.o
    0x20000384        -       0x00000040   Zero   RW          527    .bss                tim.o
    0x200003c4        -       0x000000a0   Zero   RW          569    .bss                usart.o
    0x20000464        -       0x000000c8   Zero   RW          764    .bss                judge.o
    0x2000052c        -       0x0000007d   Zero   RW          765    .bss                judge.o
    0x200005a9        -       0x000000c8   Zero   RW          865    .bss                bsp_usart.o
    0x20000671   0x08004500   0x00000007   PAD
    0x20000678        -       0x00000400   Zero   RW            1    STACK               startup_stm32f407xx.o


==============================================================================

Image component sizes


      Code (inc. data)   RO Data    RW Data    ZI Data      Debug   Object Name

       518         42          6          0        312     700348   bsp_can.o
       414         30          0          0        200       3357   bsp_usart.o
        32          8          0          2          0       1025   bullet.o
       428         46          0          4         80       2454   can.o
       396         48          0         36        200       2484   classic.o
       178         18        768          2          0       3379   crc.o
        44          4          0          0          0        758   dma.o
       144         10          0          0          0        991   gpio.o
       420         18          0         43        325       7771   judge.o
       236         22          0          0          0       2120   main.o
       374         20          0          0          0       2583   pid.o
       640         68          0          3        188       3256   shoot.o
        36          8        392          0       1024        828   startup_stm32f407xx.o
       180         28          0         12          0       9337   stm32f4xx_hal.o
      1638          6          0          0          0      14083   stm32f4xx_hal_can.o
       198         14          0          0          0      33887   stm32f4xx_hal_cortex.o
       898         16          8          0          0       6227   stm32f4xx_hal_dma.o
       450         46          0          0          0       2371   stm32f4xx_hal_gpio.o
        52          4          0          0          0        850   stm32f4xx_hal_msp.o
      1332         76          0          0          0       5172   stm32f4xx_hal_rcc.o
       976         44          0          0          0      10441   stm32f4xx_hal_tim.o
       148         28          0          0          0       2417   stm32f4xx_hal_tim_ex.o
       968         16          0          0          0       7363   stm32f4xx_hal_uart.o
       664        114          0          4          0       8125   stm32f4xx_it.o
        28          6         24          4          0       1131   system_stm32f4xx.o
       164         18          0          0         64       1658   tim.o
       240         28          0          0        160       1765   usart.o

    ----------------------------------------------------------------------
     11832        786       1236        116       2560     836181   Object Totals
         0          0         32          0          0          0   (incl. Generated)
        36          0          6          6          7          0   (incl. Padding)

    ----------------------------------------------------------------------

      Code (inc. data)   RO Data    RW Data    ZI Data      Debug   Library Member Name

       200         20          0          0          0        164   cos.o
       368         46         48          0          0        200   cos_i.o
        84         16          0          0          0        372   dunder.o
        24          0          0          0          0        124   fabs.o
        48          0          0          0          0        124   fpclassify.o
       248          0          0          0          0        152   poly.o
      1080        142        200          0          0        188   rred.o
       200         20          0          0          0        164   sin.o
       304         24         40          0          0        208   sin_i.o
         0          0          0          0          0          0   entry.o
         0          0          0          0          0          0   entry10a.o
         0          0          0          0          0          0   entry11a.o
         8          4          0          0          0          0   entry2.o
         4          0          0          0          0          0   entry5.o
         0          0          0          0          0          0   entry7b.o
         0          0          0          0          0          0   entry8b.o
         8          4          0          0          0          0   entry9a.o
        12          6          0          4          0         68   errno.o
        30          0          0          0          0          0   handlers.o
        36          8          0          0          0         68   init.o
         0          0          0          0          0          0   iusefp.o
        30          0          0          0          0         68   llshl.o
        36          0          0          0          0         68   llsshr.o
        32          0          0          0          0         68   llushr.o
        36          0          0          0          0         68   memcpya.o
        36          0          0          0          0        108   memseta.o
        98          0          0          0          0         92   uldiv.o
        56          0          0          0          0         88   d2f.o
       334          0          0          0          0        148   dadd.o
       222          0          0          0          0        100   ddiv.o
       186          0          0          0          0        176   depilogue.o
        62          0          0          0          0         80   dfixi.o
        34          0          0          0          0         76   dflti.o
        26          0          0          0          0         76   dfltui.o
       228          0          0          0          0         96   dmul.o
       110          0          0          0          0        168   fepilogue.o

    ----------------------------------------------------------------------
      4188        290        288          4          0       3312   Library Totals
         8          0          0          0          0          0   (incl. Padding)

    ----------------------------------------------------------------------

      Code (inc. data)   RO Data    RW Data    ZI Data      Debug   Library Name

      2556        268        288          0          0       1696   m_wm.l
       366         22          0          4          0        608   mc_w.l
      1258          0          0          0          0       1008   mf_w.l

    ----------------------------------------------------------------------
      4188        290        288          4          0       3312   Library Totals

    ----------------------------------------------------------------------

==============================================================================


      Code (inc. data)   RO Data    RW Data    ZI Data      Debug   

     16020       1076       1524        120       2560     826217   Grand Totals
     16020       1076       1524        120       2560     826217   ELF Image Totals
     16020       1076       1524        120          0          0   ROM Totals

==============================================================================

    Total RO  Size (Code + RO Data)                17544 (  17.13kB)
    Total RW  Size (RW Data + ZI Data)              2680 (   2.62kB)
    Total ROM Size (Code + RO Data + RW Data)      17664 (  17.25kB)

==============================================================================

