Component: ARM Compiler 5.06 update 6 (build 750) Tool: armlink [4d35ed]

==============================================================================

Section Cross References

    startup_stm32f407xx.o(RESET) refers to startup_stm32f407xx.o(STACK) for __initial_sp
    startup_stm32f407xx.o(RESET) refers to startup_stm32f407xx.o(.text) for Reset_Handler
    startup_stm32f407xx.o(RESET) refers to stm32f4xx_it.o(i.NMI_Handler) for NMI_Handler
    startup_stm32f407xx.o(RESET) refers to stm32f4xx_it.o(i.HardFault_Handler) for HardFault_Handler
    startup_stm32f407xx.o(RESET) refers to stm32f4xx_it.o(i.MemManage_Handler) for MemManage_Handler
    startup_stm32f407xx.o(RESET) refers to stm32f4xx_it.o(i.BusFault_Handler) for BusFault_Handler
    startup_stm32f407xx.o(RESET) refers to stm32f4xx_it.o(i.UsageFault_Handler) for UsageFault_Handler
    startup_stm32f407xx.o(RESET) refers to stm32f4xx_it.o(i.SVC_Handler) for SVC_Handler
    startup_stm32f407xx.o(RESET) refers to stm32f4xx_it.o(i.DebugMon_Handler) for DebugMon_Handler
    startup_stm32f407xx.o(RESET) refers to stm32f4xx_it.o(i.PendSV_Handler) for PendSV_Handler
    startup_stm32f407xx.o(RESET) refers to stm32f4xx_it.o(i.SysTick_Handler) for SysTick_Handler
    startup_stm32f407xx.o(RESET) refers to stm32f4xx_it.o(i.DMA1_Stream1_IRQHandler) for DMA1_Stream1_IRQHandler
    startup_stm32f407xx.o(RESET) refers to stm32f4xx_it.o(i.CAN1_TX_IRQHandler) for CAN1_TX_IRQHandler
    startup_stm32f407xx.o(RESET) refers to stm32f4xx_it.o(i.CAN1_RX0_IRQHandler) for CAN1_RX0_IRQHandler
    startup_stm32f407xx.o(RESET) refers to stm32f4xx_it.o(i.TIM1_UP_TIM10_IRQHandler) for TIM1_UP_TIM10_IRQHandler
    startup_stm32f407xx.o(RESET) refers to stm32f4xx_it.o(i.USART1_IRQHandler) for USART1_IRQHandler
    startup_stm32f407xx.o(RESET) refers to stm32f4xx_it.o(i.USART3_IRQHandler) for USART3_IRQHandler
    startup_stm32f407xx.o(RESET) refers to stm32f4xx_it.o(i.DMA2_Stream1_IRQHandler) for DMA2_Stream1_IRQHandler
    startup_stm32f407xx.o(RESET) refers to stm32f4xx_it.o(i.DMA2_Stream2_IRQHandler) for DMA2_Stream2_IRQHandler
    startup_stm32f407xx.o(RESET) refers to stm32f4xx_it.o(i.CAN2_TX_IRQHandler) for CAN2_TX_IRQHandler
    startup_stm32f407xx.o(RESET) refers to stm32f4xx_it.o(i.CAN2_RX0_IRQHandler) for CAN2_RX0_IRQHandler
    startup_stm32f407xx.o(RESET) refers to stm32f4xx_it.o(i.USART6_IRQHandler) for USART6_IRQHandler
    startup_stm32f407xx.o(.text) refers to system_stm32f4xx.o(i.SystemInit) for SystemInit
    startup_stm32f407xx.o(.text) refers to entry.o(.ARM.Collect$$$$00000000) for __main
    main.o(i.SystemClock_Config) refers to memseta.o(.text) for __aeabi_memclr4
    main.o(i.SystemClock_Config) refers to stm32f4xx_hal_rcc.o(i.HAL_RCC_OscConfig) for HAL_RCC_OscConfig
    main.o(i.SystemClock_Config) refers to stm32f4xx_hal_rcc.o(i.HAL_RCC_ClockConfig) for HAL_RCC_ClockConfig
    main.o(i.main) refers to stm32f4xx_hal.o(i.HAL_Init) for HAL_Init
    main.o(i.main) refers to main.o(i.SystemClock_Config) for SystemClock_Config
    main.o(i.main) refers to gpio.o(i.MX_GPIO_Init) for MX_GPIO_Init
    main.o(i.main) refers to dma.o(i.MX_DMA_Init) for MX_DMA_Init
    main.o(i.main) refers to can.o(i.MX_CAN1_Init) for MX_CAN1_Init
    main.o(i.main) refers to can.o(i.MX_CAN2_Init) for MX_CAN2_Init
    main.o(i.main) refers to tim.o(i.MX_TIM1_Init) for MX_TIM1_Init
    main.o(i.main) refers to usart.o(i.MX_USART1_UART_Init) for MX_USART1_UART_Init
    main.o(i.main) refers to usart.o(i.MX_USART3_UART_Init) for MX_USART3_UART_Init
    main.o(i.main) refers to usart.o(i.MX_USART6_UART_Init) for MX_USART6_UART_Init
    main.o(i.main) refers to bsp_can.o(i.CAN_Filter_Init) for CAN_Filter_Init
    main.o(i.main) refers to bsp_usart.o(i.Bsp_UART_Receive_IT) for Bsp_UART_Receive_IT
    main.o(i.main) refers to classic.o(i.Chassis_init) for Chassis_init
    main.o(i.main) refers to shoot.o(i.gear_moto_position_pid_init) for gear_moto_position_pid_init
    main.o(i.main) refers to shoot.o(i.Shoot_Speed_Pid_Init) for Shoot_Speed_Pid_Init
    main.o(i.main) refers to stm32f4xx_hal_tim.o(i.HAL_TIM_Base_Start_IT) for HAL_TIM_Base_Start_IT
    main.o(i.main) refers to usartinfo.o(i.Uart1_TransmissionT_Data) for Uart1_TransmissionT_Data
    main.o(i.main) refers to usartinfo.o(.bss) for UART_Buffer
    main.o(i.main) refers to usart.o(.bss) for huart3
    main.o(i.main) refers to tim.o(.bss) for htim1
    main.o(i.main) refers to usartinfo.o(.data) for extern_view_send_state
    main.o(i.main) refers to stm32f4xx_it.o(.data) for pit_nowangle
    main.o(i.main) refers to usartinfo.o(.data) for send_pitch
    main.o(i.main) refers to usartinfo.o(.data) for send_yaw
    main.o(i.main) refers to main.o(.bss) for .bss
    can.o(i.HAL_CAN_MspDeInit) refers to stm32f4xx_hal_gpio.o(i.HAL_GPIO_DeInit) for HAL_GPIO_DeInit
    can.o(i.HAL_CAN_MspDeInit) refers to stm32f4xx_hal_cortex.o(i.HAL_NVIC_DisableIRQ) for HAL_NVIC_DisableIRQ
[...]
    ..\Drivers\STM32F4xx_HAL_Driver\Src\stm32f4xx_hal_dma_ex.c 0x00000000   Number         0  stm32f4xx_hal_dma_ex.o ABSOLUTE
    ..\Drivers\STM32F4xx_HAL_Driver\Src\stm32f4xx_hal_exti.c 0x00000000   Number         0  stm32f4xx_hal_exti.o ABSOLUTE
    ..\Drivers\STM32F4xx_HAL_Driver\Src\stm32f4xx_hal_flash.c 0x00000000   Number         0  stm32f4xx_hal_flash.o ABSOLUTE
    ..\Drivers\STM32F4xx_HAL_Driver\Src\stm32f4xx_hal_flash_ex.c 0x00000000   Number         0  stm32f4xx_hal_flash_ex.o ABSOLUTE
    ..\Drivers\STM32F4xx_HAL_Driver\Src\stm32f4xx_hal_flash_ramfunc.c 0x00000000   Number         0  stm32f4xx_hal_flash_ramfunc.o ABSOLUTE
    ..\Drivers\STM32F4xx_HAL_Driver\Src\stm32f4xx_hal_gpio.c 0x00000000   Number         0  stm32f4xx_hal_gpio.o ABSOLUTE
    ..\Drivers\STM32F4xx_HAL_Driver\Src\stm32f4xx_hal_pwr.c 0x00000000   Number         0  stm32f4xx_hal_pwr.o ABSOLUTE
    ..\Drivers\STM32F4xx_HAL_Driver\Src\stm32f4xx_hal_pwr_ex.c 0x00000000   Number         0  stm32f4xx_hal_pwr_ex.o ABSOLUTE
    ..\Drivers\STM32F4xx_HAL_Driver\Src\stm32f4xx_hal_rcc.c 0x00000000   Number         0  stm32f4xx_hal_rcc.o ABSOLUTE
    ..\Drivers\STM32F4xx_HAL_Driver\Src\stm32f4xx_hal_rcc_ex.c 0x00000000   Number         0  stm32f4xx_hal_rcc_ex.o ABSOLUTE
    ..\Drivers\STM32F4xx_HAL_Driver\Src\stm32f4xx_hal_tim.c 0x00000000   Number         0  stm32f4xx_hal_tim.o ABSOLUTE
    ..\Drivers\STM32F4xx_HAL_Driver\Src\stm32f4xx_hal_tim_ex.c 0x00000000   Number         0  stm32f4xx_hal_tim_ex.o ABSOLUTE
    ..\Drivers\STM32F4xx_HAL_Driver\Src\stm32f4xx_hal_uart.c 0x00000000   Number         0  stm32f4xx_hal_uart.o ABSOLUTE
    ..\Src\can.c                             0x00000000   Number         0  can.o ABSOLUTE
    ..\Src\dma.c                             0x00000000   Number         0  dma.o ABSOLUTE
    ..\Src\gpio.c                            0x00000000   Number         0  gpio.o ABSOLUTE
    ..\Src\main.c                            0x00000000   Number         0  main.o ABSOLUTE
    ..\Src\stm32f4xx_hal_msp.c               0x00000000   Number         0  stm32f4xx_hal_msp.o ABSOLUTE
    ..\Src\stm32f4xx_it.c                    0x00000000   Number         0  stm32f4xx_it.o ABSOLUTE
    ..\Src\system_stm32f4xx.c                0x00000000   Number         0  system_stm32f4xx.o ABSOLUTE
    ..\Src\tim.c                             0x00000000   Number         0  tim.o ABSOLUTE
    ..\Src\usart.c                           0x00000000   Number         0  usart.o ABSOLUTE
    ..\UserCode\APP\CanInfo\caninfo.c        0x00000000   Number         0  caninfo.o ABSOLUTE
    ..\UserCode\APP\Filter\Filter.c          0x00000000   Number         0  filter.o ABSOLUTE
    ..\UserCode\APP\UsartInfo\usartinfo.c    0x00000000   Number         0  usartinfo.o ABSOLUTE
    ..\UserCode\APP\pid\pid.c                0x00000000   Number         0  pid.o ABSOLUTE
    ..\UserCode\APP\remote control\Remote_Control.c 0x00000000   Number         0  remote_control.o ABSOLUTE
    ..\UserCode\Bsp\Bsp_usart\bsp_usart.c    0x00000000   Number         0  bsp_usart.o ABSOLUTE
    ..\UserCode\Bsp\bsp_can\bsp_can.c        0x00000000   Number         0  bsp_can.o ABSOLUTE
    ..\UserCode\Chassic\classic.c            0x00000000   Number         0  classic.o ABSOLUTE
    ..\UserCode\Gimbal\Gimbal.c              0x00000000   Number         0  gimbal.o ABSOLUTE
    ..\UserCode\Judge\crc.c                  0x00000000   Number         0  crc.o ABSOLUTE
    ..\UserCode\Judge\guard_judge.c          0x00000000   Number         0  guard_judge.o ABSOLUTE
    ..\UserCode\Judge\judge.c                0x00000000   Number         0  judge.o ABSOLUTE
    ..\UserCode\Shoot\shoot.c                0x00000000   Number         0  shoot.o ABSOLUTE
    ..\\UserCode\\APP\\CanInfo\\caninfo.c    0x00000000   Number         0  caninfo.o ABSOLUTE
    ..\\UserCode\\APP\\UsartInfo\\usartinfo.c 0x00000000   Number         0  usartinfo.o ABSOLUTE
    ..\\UserCode\\APP\\pid\\pid.c            0x00000000   Number         0  pid.o ABSOLUTE
    ..\\UserCode\\APP\\remote control\\Remote_Control.c 0x00000000   Number         0  remote_control.o ABSOLUTE
    ..\\UserCode\\Bsp\\Bsp_usart\\bsp_usart.c 0x00000000   Number         0  bsp_usart.o ABSOLUTE
    ..\\UserCode\\Bsp\\bsp_can\\bsp_can.c    0x00000000   Number         0  bsp_can.o ABSOLUTE
    ..\\UserCode\\Chassic\\classic.c         0x00000000   Number         0  classic.o ABSOLUTE
    ..\\UserCode\\Gimbal\\Gimbal.c           0x00000000   Number         0  gimbal.o ABSOLUTE
    ..\\UserCode\\Judge\\guard_judge.c       0x00000000   Number         0  guard_judge.o ABSOLUTE
    ..\\UserCode\\Shoot\\shoot.c             0x00000000   Number         0  shoot.o ABSOLUTE
    dc.s                                     0x00000000   Number         0  dc.o ABSOLUTE
    handlers.s                               0x00000000   Number         0  handlers.o ABSOLUTE
    init.s                                   0x00000000   Number         0  init.o ABSOLUTE
    startup_stm32f407xx.s                    0x00000000   Number         0  startup_stm32f407xx.o ABSOLUTE
    RESET                                    0x08000000   Section      392  startup_stm32f407xx.o(RESET)
    .ARM.Collect$$$$00000000                 0x08000188   Section        0  entry.o(.ARM.Collect$$$$00000000)
    .ARM.Collect$$$$00000001                 0x08000188   Section        4  entry2.o(.ARM.Collect$$$$00000001)
    .ARM.Collect$$$$00000004                 0x0800018c   Section        4  entry5.o(.ARM.Collect$$$$00000004)
    .ARM.Collect$$$$00000008                 0x08000190   Section        0  entry7b.o(.ARM.Collect$$$$00000008)
    .ARM.Collect$$$$0000000A                 0x08000190   Section        0  entry8b.o(.ARM.Collect$$$$0000000A)
    .ARM.Collect$$$$0000000B                 0x08000190   Section        8  entry9a.o(.ARM.Collect$$$$0000000B)
    .ARM.Collect$$$$0000000D                 0x08000198   Section        0  entry10a.o(.ARM.Collect$$$$0000000D)
    .ARM.Collect$$$$0000000F                 0x08000198   Section        0  entry11a.o(.ARM.Collect$$$$0000000F)
    .ARM.Collect$$$$00002712                 0x08000198   Section        4  entry2.o(.ARM.Collect$$$$00002712)
    __lit__00000000                          0x08000198   Data           4  entry2.o(.ARM.Collect$$$$00002712)
    .text                                    0x0800019c   Section       36  startup_stm32f407xx.o(.text)
    $v0                                      0x0800019c   Number         0  startup_stm32f407xx.o(.text)
    .text                                    0x080001c0   Section        0  uldiv.o(.text)
    .text                                    0x08000222   Section        0  memcpya.o(.text)
    .text                                    0x08000246   Section        0  memseta.o(.text)
    .text                                    0x0800026a   Section        0  llshl.o(.text)
    .text                                    0x08000288   Section        0  llushr.o(.text)
    .text                                    0x080002a8   Section       36  init.o(.text)
    .text                                    0x080002cc   Section        0  __dczerorl.o(.text)
    i.Bsp_UART_Receive_DMA                   0x08000306   Section        0  bsp_usart.o(i.Bsp_UART_Receive_DMA)
    i.Bsp_UART_Receive_IT                    0x0800036e   Section        0  bsp_usart.o(i.Bsp_UART_Receive_IT)
    i.BusFault_Handler                       0x08000384   Section        0  stm32f4xx_it.o(i.BusFault_Handler)
    i.CAN1_RX0_IRQHandler                    0x08000388   Section        0  stm32f4xx_it.o(i.CAN1_RX0_IRQHandler)
    i.CAN1_TX_IRQHandler                     0x08000394   Section        0  stm32f4xx_it.o(i.CAN1_TX_IRQHandler)
    i.CAN2_RX0_IRQHandler                    0x080003a0   Section        0  stm32f4xx_it.o(i.CAN2_RX0_IRQHandler)
    i.CAN2_TX_IRQHandler                     0x080003ac   Section        0  stm32f4xx_it.o(i.CAN2_TX_IRQHandler)
    i.CAN_Filter_Init                        0x080003b8   Section        0  bsp_can.o(i.CAN_Filter_Init)
    i.CAN_Motor_Ctrl                         0x08000410   Section        0  caninfo.o(i.CAN_Motor_Ctrl)
    i.Callback_RC_Handle                     0x08000494   Section        0  remote_control.o(i.Callback_RC_Handle)
    i.Cartridge_wheel_PID_Calc               0x0800050c   Section        0  shoot.o(i.Cartridge_wheel_PID_Calc)
    i.Chassic_Ctrl                           0x08000534   Section        0  classic.o(i.Chassic_Ctrl)
    i.Chassis_init                           0x08000568   Section        0  classic.o(i.Chassis_init)
    i.Control_PitchPID                       0x080005ec   Section        0  pid.o(i.Control_PitchPID)
    i.Control_YawPID                         0x080007a0   Section        0  pid.o(i.Control_YawPID)
    i.DMA1_Stream1_IRQHandler                0x08000960   Section        0  stm32f4xx_it.o(i.DMA1_Stream1_IRQHandler)
    i.DMA2_Stream1_IRQHandler                0x0800096c   Section        0  stm32f4xx_it.o(i.DMA2_Stream1_IRQHandler)
    i.DMA2_Stream2_IRQHandler                0x08000978   Section        0  stm32f4xx_it.o(i.DMA2_Stream2_IRQHandler)
    i.DMA_CalcBaseAndBitshift                0x08000984   Section        0  stm32f4xx_hal_dma.o(i.DMA_CalcBaseAndBitshift)
    DMA_CalcBaseAndBitshift                  0x08000985   Thumb Code    34  stm32f4xx_hal_dma.o(i.DMA_CalcBaseAndBitshift)
    i.DMA_CheckFifoParam                     0x080009ac   Section        0  stm32f4xx_hal_dma.o(i.DMA_CheckFifoParam)
    DMA_CheckFifoParam                       0x080009ad   Thumb Code    84  stm32f4xx_hal_dma.o(i.DMA_CheckFifoParam)
    i.DMA_SetConfig                          0x08000a00   Section        0  stm32f4xx_hal_dma.o(i.DMA_SetConfig)
    DMA_SetConfig                            0x08000a01   Thumb Code    40  stm32f4xx_hal_dma.o(i.DMA_SetConfig)
    i.DebugMon_Handler                       0x08000a28   Section        0  stm32f4xx_it.o(i.DebugMon_Handler)
    i.Dma_UsartIdleHanlder                   0x08000a2c   Section        0  bsp_usart.o(i.Dma_UsartIdleHanlder)
    i.Error_Handler                          0x08000b48   Section        0  main.o(i.Error_Handler)
    i.Get_CRC16_Check_Sum                    0x08000b4c   Section        0  crc.o(i.Get_CRC16_Check_Sum)
    i.Get_CRC8_Check_Sum                     0x08000b78   Section        0  crc.o(i.Get_CRC8_Check_Sum)
    i.Gimbal_Automatic_control               0x08000b98   Section        0  gimbal.o(i.Gimbal_Automatic_control)
    i.Gimbal_Remote_Control                  0x08000c08   Section        0  gimbal.o(i.Gimbal_Remote_Control)
    i.Gimbal_Sotf_Start                      0x08000ccc   Section        0  gimbal.o(i.Gimbal_Sotf_Start)
    i.HAL_CAN_ActivateNotification           0x08000d64   Section        0  stm32f4xx_hal_can.o(i.HAL_CAN_ActivateNotification)
    i.HAL_CAN_AddTxMessage                   0x08000d88   Section        0  stm32f4xx_hal_can.o(i.HAL_CAN_AddTxMessage)
    i.HAL_CAN_ConfigFilter                   0x08000e50   Section        0  stm32f4xx_hal_can.o(i.HAL_CAN_ConfigFilter)
    i.HAL_CAN_ErrorCallback                  0x08000f5c   Section        0  stm32f4xx_hal_can.o(i.HAL_CAN_ErrorCallback)
    i.HAL_CAN_GetRxMessage                   0x08000f5e   Section        0  stm32f4xx_hal_can.o(i.HAL_CAN_GetRxMessage)
    i.HAL_CAN_IRQHandler                     0x08001046   Section        0  stm32f4xx_hal_can.o(i.HAL_CAN_IRQHandler)
    i.HAL_CAN_Init                           0x08001242   Section        0  stm32f4xx_hal_can.o(i.HAL_CAN_Init)
    i.HAL_CAN_MspInit                        0x0800135c   Section        0  can.o(i.HAL_CAN_MspInit)
    i.HAL_CAN_RxFifo0FullCallback            0x08001478   Section        0  stm32f4xx_hal_can.o(i.HAL_CAN_RxFifo0FullCallback)
    i.HAL_CAN_RxFifo0MsgPendingCallback      0x0800147c   Section        0  caninfo.o(i.HAL_CAN_RxFifo0MsgPendingCallback)
    i.HAL_CAN_RxFifo1FullCallback            0x080014c0   Section        0  stm32f4xx_hal_can.o(i.HAL_CAN_RxFifo1FullCallback)
    i.HAL_CAN_RxFifo1MsgPendingCallback      0x080014c2   Section        0  stm32f4xx_hal_can.o(i.HAL_CAN_RxFifo1MsgPendingCallback)
    i.HAL_CAN_SleepCallback                  0x080014c4   Section        0  stm32f4xx_hal_can.o(i.HAL_CAN_SleepCallback)
    i.HAL_CAN_Start                          0x080014c8   Section        0  stm32f4xx_hal_can.o(i.HAL_CAN_Start)
    i.HAL_CAN_TxMailbox0AbortCallback        0x08001520   Section        0  stm32f4xx_hal_can.o(i.HAL_CAN_TxMailbox0AbortCallback)
    i.HAL_CAN_TxMailbox0CompleteCallback     0x08001522   Section        0  stm32f4xx_hal_can.o(i.HAL_CAN_TxMailbox0CompleteCallback)
    i.HAL_CAN_TxMailbox1AbortCallback        0x08001524   Section        0  stm32f4xx_hal_can.o(i.HAL_CAN_TxMailbox1AbortCallback)
    i.HAL_CAN_TxMailbox1CompleteCallback     0x08001526   Section        0  stm32f4xx_hal_can.o(i.HAL_CAN_TxMailbox1CompleteCallback)
    i.HAL_CAN_TxMailbox2AbortCallback        0x08001528   Section        0  stm32f4xx_hal_can.o(i.HAL_CAN_TxMailbox2AbortCallback)
    i.HAL_CAN_TxMailbox2CompleteCallback     0x0800152a   Section        0  stm32f4xx_hal_can.o(i.HAL_CAN_TxMailbox2CompleteCallback)
    i.HAL_CAN_WakeUpFromRxMsgCallback        0x0800152c   Section        0  stm32f4xx_hal_can.o(i.HAL_CAN_WakeUpFromRxMsgCallback)
    i.HAL_DMA_Abort_IT                       0x0800152e   Section        0  stm32f4xx_hal_dma.o(i.HAL_DMA_Abort_IT)
    i.HAL_DMA_IRQHandler                     0x08001554   Section        0  stm32f4xx_hal_dma.o(i.HAL_DMA_IRQHandler)
    i.HAL_DMA_Init                           0x080016f4   Section        0  stm32f4xx_hal_dma.o(i.HAL_DMA_Init)
    i.HAL_DMA_Start                          0x080017c8   Section        0  stm32f4xx_hal_dma.o(i.HAL_DMA_Start)
    i.HAL_GPIO_Init                          0x08001810   Section        0  stm32f4xx_hal_gpio.o(i.HAL_GPIO_Init)
    i.HAL_GPIO_ReadPin                       0x080019c8   Section        0  stm32f4xx_hal_gpio.o(i.HAL_GPIO_ReadPin)
    i.HAL_GetTick                            0x080019d4   Section        0  stm32f4xx_hal.o(i.HAL_GetTick)
    i.HAL_IncTick                            0x080019e0   Section        0  stm32f4xx_hal.o(i.HAL_IncTick)
    i.HAL_Init                               0x080019f0   Section        0  stm32f4xx_hal.o(i.HAL_Init)
    i.HAL_InitTick                           0x08001a24   Section        0  stm32f4xx_hal.o(i.HAL_InitTick)
    i.HAL_MspInit                            0x08001a64   Section        0  stm32f4xx_hal_msp.o(i.HAL_MspInit)
    i.HAL_NVIC_EnableIRQ                     0x08001a94   Section        0  stm32f4xx_hal_cortex.o(i.HAL_NVIC_EnableIRQ)
    i.HAL_NVIC_SetPriority                   0x08001ab0   Section        0  stm32f4xx_hal_cortex.o(i.HAL_NVIC_SetPriority)
    i.HAL_NVIC_SetPriorityGrouping           0x08001af0   Section        0  stm32f4xx_hal_cortex.o(i.HAL_NVIC_SetPriorityGrouping)
    i.HAL_RCC_ClockConfig                    0x08001b14   Section        0  stm32f4xx_hal_rcc.o(i.HAL_RCC_ClockConfig)
    i.HAL_RCC_GetPCLK1Freq                   0x08001c48   Section        0  stm32f4xx_hal_rcc.o(i.HAL_RCC_GetPCLK1Freq)
    i.HAL_RCC_GetPCLK2Freq                   0x08001c68   Section        0  stm32f4xx_hal_rcc.o(i.HAL_RCC_GetPCLK2Freq)
    i.HAL_RCC_GetSysClockFreq                0x08001c88   Section        0  stm32f4xx_hal_rcc.o(i.HAL_RCC_GetSysClockFreq)
    i.HAL_RCC_OscConfig                      0x08001cec   Section        0  stm32f4xx_hal_rcc.o(i.HAL_RCC_OscConfig)
    i.HAL_SYSTICK_Config                     0x08002048   Section        0  stm32f4xx_hal_cortex.o(i.HAL_SYSTICK_Config)
    i.HAL_TIMEx_BreakCallback                0x08002070   Section        0  stm32f4xx_hal_tim_ex.o(i.HAL_TIMEx_BreakCallback)
    i.HAL_TIMEx_CommutCallback               0x08002072   Section        0  stm32f4xx_hal_tim_ex.o(i.HAL_TIMEx_CommutCallback)
    i.HAL_TIMEx_MasterConfigSynchronization  0x08002074   Section        0  stm32f4xx_hal_tim_ex.o(i.HAL_TIMEx_MasterConfigSynchronization)
    i.HAL_TIM_Base_Init                      0x08002104   Section        0  stm32f4xx_hal_tim.o(i.HAL_TIM_Base_Init)
    i.HAL_TIM_Base_MspInit                   0x0800213c   Section        0  tim.o(i.HAL_TIM_Base_MspInit)
    i.HAL_TIM_Base_Start_IT                  0x08002178   Section        0  stm32f4xx_hal_tim.o(i.HAL_TIM_Base_Start_IT)
    i.HAL_TIM_ConfigClockSource              0x0800219a   Section        0  stm32f4xx_hal_tim.o(i.HAL_TIM_ConfigClockSource)
    i.HAL_TIM_IC_CaptureCallback             0x08002270   Section        0  stm32f4xx_hal_tim.o(i.HAL_TIM_IC_CaptureCallback)
    i.HAL_TIM_IRQHandler                     0x08002272   Section        0  stm32f4xx_hal_tim.o(i.HAL_TIM_IRQHandler)
    i.HAL_TIM_OC_DelayElapsedCallback        0x080023d8   Section        0  stm32f4xx_hal_tim.o(i.HAL_TIM_OC_DelayElapsedCallback)
    i.HAL_TIM_PWM_PulseFinishedCallback      0x080023da   Section        0  stm32f4xx_hal_tim.o(i.HAL_TIM_PWM_PulseFinishedCallback)
    i.HAL_TIM_PeriodElapsedCallback          0x080023dc   Section        0  stm32f4xx_hal_tim.o(i.HAL_TIM_PeriodElapsedCallback)
    i.HAL_TIM_TriggerCallback                0x080023de   Section        0  stm32f4xx_hal_tim.o(i.HAL_TIM_TriggerCallback)
    i.HAL_UART_ErrorCallback                 0x080023e0   Section        0  stm32f4xx_hal_uart.o(i.HAL_UART_ErrorCallback)
    i.HAL_UART_IRQHandler                    0x080023e4   Section        0  stm32f4xx_hal_uart.o(i.HAL_UART_IRQHandler)
    i.HAL_UART_Init                          0x080024f8   Section        0  stm32f4xx_hal_uart.o(i.HAL_UART_Init)
    i.HAL_UART_MspInit                       0x0800255c   Section        0  usart.o(i.HAL_UART_MspInit)
    i.HAL_UART_RxCpltCallback                0x08002784   Section        0  stm32f4xx_hal_uart.o(i.HAL_UART_RxCpltCallback)
    i.HAL_UART_TxCpltCallback                0x08002786   Section        0  stm32f4xx_hal_uart.o(i.HAL_UART_TxCpltCallback)
    i.HardFault_Handler                      0x08002788   Section        0  stm32f4xx_it.o(i.HardFault_Handler)
    i.Judge_Read_Data                        0x0800278c   Section        0  judge.o(i.Judge_Read_Data)
    i.MX_CAN1_Init                           0x08002928   Section        0  can.o(i.MX_CAN1_Init)
    i.MX_CAN2_Init                           0x08002970   Section        0  can.o(i.MX_CAN2_Init)
    i.MX_DMA_Init                            0x080029b8   Section        0  dma.o(i.MX_DMA_Init)
    i.MX_GPIO_Init                           0x08002a14   Section        0  gpio.o(i.MX_GPIO_Init)
    i.MX_TIM1_Init                           0x08002a80   Section        0  tim.o(i.MX_TIM1_Init)
    i.MX_USART1_UART_Init                    0x08002ae8   Section        0  usart.o(i.MX_USART1_UART_Init)
    i.MX_USART3_UART_Init                    0x08002b20   Section        0  usart.o(i.MX_USART3_UART_Init)
    i.MX_USART6_UART_Init                    0x08002b5c   Section        0  usart.o(i.MX_USART6_UART_Init)
    i.MemManage_Handler                      0x08002b94   Section        0  stm32f4xx_it.o(i.MemManage_Handler)
    i.NMI_Handler                            0x08002b96   Section        0  stm32f4xx_it.o(i.NMI_Handler)
    i.PendSV_Handler                         0x08002b98   Section        0  stm32f4xx_it.o(i.PendSV_Handler)
    i.SVC_Handler                            0x08002b9a   Section        0  stm32f4xx_it.o(i.SVC_Handler)
    i.Shoot_Speed_Pid_Calc                   0x08002b9c   Section        0  shoot.o(i.Shoot_Speed_Pid_Calc)
    i.Shoot_Speed_Pid_Init                   0x08002c04   Section        0  shoot.o(i.Shoot_Speed_Pid_Init)
    i.SysTick_Handler                        0x08002cb4   Section        0  stm32f4xx_it.o(i.SysTick_Handler)
    i.SystemClock_Config                     0x08002cb8   Section        0  main.o(i.SystemClock_Config)
    i.SystemInit                             0x08002d3c   Section        0  system_stm32f4xx.o(i.SystemInit)
    i.TIM1_UP_TIM10_IRQHandler               0x08002d58   Section        0  stm32f4xx_it.o(i.TIM1_UP_TIM10_IRQHandler)
    i.TIM_Base_SetConfig                     0x08002f90   Section        0  stm32f4xx_hal_tim.o(i.TIM_Base_SetConfig)
    i.TIM_ETR_SetConfig                      0x08003058   Section        0  stm32f4xx_hal_tim.o(i.TIM_ETR_SetConfig)
    i.TIM_ITRx_SetConfig                     0x0800306c   Section        0  stm32f4xx_hal_tim.o(i.TIM_ITRx_SetConfig)
    TIM_ITRx_SetConfig                       0x0800306d   Thumb Code    16  stm32f4xx_hal_tim.o(i.TIM_ITRx_SetConfig)
    i.TIM_TI1_ConfigInputStage               0x0800307c   Section        0  stm32f4xx_hal_tim.o(i.TIM_TI1_ConfigInputStage)
    TIM_TI1_ConfigInputStage                 0x0800307d   Thumb Code    34  stm32f4xx_hal_tim.o(i.TIM_TI1_ConfigInputStage)
    i.TIM_TI2_ConfigInputStage               0x0800309e   Section        0  stm32f4xx_hal_tim.o(i.TIM_TI2_ConfigInputStage)
    TIM_TI2_ConfigInputStage                 0x0800309f   Thumb Code    36  stm32f4xx_hal_tim.o(i.TIM_TI2_ConfigInputStage)
    i.UART_DMAAbortOnError                   0x080030c2   Section        0  stm32f4xx_hal_uart.o(i.UART_DMAAbortOnError)
    UART_DMAAbortOnError                     0x080030c3   Thumb Code    16  stm32f4xx_hal_uart.o(i.UART_DMAAbortOnError)
    i.UART_EndRxTransfer                     0x080030d2   Section        0  stm32f4xx_hal_uart.o(i.UART_EndRxTransfer)
    UART_EndRxTransfer                       0x080030d3   Thumb Code    28  stm32f4xx_hal_uart.o(i.UART_EndRxTransfer)
    i.UART_IdleRxCallback                    0x080030f0   Section        0  usartinfo.o(i.UART_IdleRxCallback)
    i.UART_Receive_IT                        0x080031cc   Section        0  stm32f4xx_hal_uart.o(i.UART_Receive_IT)
    UART_Receive_IT                          0x080031cd   Thumb Code   150  stm32f4xx_hal_uart.o(i.UART_Receive_IT)
    i.UART_SetConfig                         0x08003264   Section        0  stm32f4xx_hal_uart.o(i.UART_SetConfig)
    UART_SetConfig                           0x08003265   Thumb Code   286  stm32f4xx_hal_uart.o(i.UART_SetConfig)
    i.UART_Transmit_IT                       0x0800338c   Section        0  stm32f4xx_hal_uart.o(i.UART_Transmit_IT)
    UART_Transmit_IT                         0x0800338d   Thumb Code    98  stm32f4xx_hal_uart.o(i.UART_Transmit_IT)
    i.USART1_IRQHandler                      0x080033f0   Section        0  stm32f4xx_it.o(i.USART1_IRQHandler)
    i.USART3_IRQHandler                      0x08003408   Section        0  stm32f4xx_it.o(i.USART3_IRQHandler)
    i.USART6_IRQHandler                      0x08003420   Section        0  stm32f4xx_it.o(i.USART6_IRQHandler)
    i.Uart1_TransmissionT_Data               0x08003438   Section        0  usartinfo.o(i.Uart1_TransmissionT_Data)
    i.UsageFault_Handler                     0x0800345c   Section        0  stm32f4xx_it.o(i.UsageFault_Handler)
    i.Verify_CRC16_Check_Sum                 0x08003460   Section        0  crc.o(i.Verify_CRC16_Check_Sum)
    i.Verify_CRC8_Check_Sum                  0x0800349c   Section        0  crc.o(i.Verify_CRC8_Check_Sum)
    i.__NVIC_SetPriority                     0x080034c6   Section        0  stm32f4xx_hal_cortex.o(i.__NVIC_SetPriority)
    __NVIC_SetPriority                       0x080034c7   Thumb Code    32  stm32f4xx_hal_cortex.o(i.__NVIC_SetPriority)
    i.__scatterload_copy                     0x080034e6   Section       14  handlers.o(i.__scatterload_copy)
    i.__scatterload_null                     0x080034f4   Section        2  handlers.o(i.__scatterload_null)
    i.__scatterload_zeroinit                 0x080034f6   Section       14  handlers.o(i.__scatterload_zeroinit)
    i.first_order_filter_X_cali              0x08003504   Section        0  filter.o(i.first_order_filter_X_cali)
    i.first_order_filter_Y_cali              0x08003530   Section        0  filter.o(i.first_order_filter_Y_cali)
    i.gear_moto_position_pid_init            0x0800355c   Section        0  shoot.o(i.gear_moto_position_pid_init)
    i.get_gear_motor_measure                 0x080035d8   Section        0  caninfo.o(i.get_gear_motor_measure)
    i.loop_fp32_constrain                    0x08003664   Section        0  gimbal.o(i.loop_fp32_constrain)
    i.main                                   0x080036ac   Section        0  main.o(i.main)
    i.pid_calculate                          0x0800378c   Section        0  pid.o(i.pid_calculate)
    pid_calculate                            0x0800378d   Thumb Code   250  pid.o(i.pid_calculate)
    i.pid_init                               0x08003888   Section        0  pid.o(i.pid_init)
    i.pid_param_init                         0x080038a4   Section        0  pid.o(i.pid_param_init)
    pid_param_init                           0x080038a5   Thumb Code    82  pid.o(i.pid_param_init)
    i.pid_reset                              0x080038fc   Section        0  pid.o(i.pid_reset)
    pid_reset                                0x080038fd   Thumb Code     8  pid.o(i.pid_reset)
    .constdata                               0x08003904   Section        8  stm32f4xx_hal_dma.o(.constdata)
    flagBitshiftOffset                       0x08003904   Data           8  stm32f4xx_hal_dma.o(.constdata)
    .constdata                               0x0800390c   Section       16  system_stm32f4xx.o(.constdata)
    .constdata                               0x0800391c   Section        8  system_stm32f4xx.o(.constdata)
    .constdata                               0x08003924   Section        6  caninfo.o(.constdata)
    .constdata                               0x0800392a   Section      768  crc.o(.constdata)
    .data                                    0x20000000   Section        4  can.o(.data)
    HAL_RCC_CAN1_CLK_ENABLED                 0x20000000   Data           4  can.o(.data)
    .data                                    0x20000004   Section       16  stm32f4xx_it.o(.data)
    .data                                    0x20000014   Section       12  stm32f4xx_hal.o(.data)
    .data                                    0x20000020   Section        4  system_stm32f4xx.o(.data)
    .data                                    0x20000024   Section       20  usartinfo.o(.data)
    .data                                    0x20000038   Section        4  usartinfo.o(.data)
    .data                                    0x2000003c   Section        4  usartinfo.o(.data)
    .data                                    0x20000040   Section      184  pid.o(.data)
    .data                                    0x200000f8   Section        8  filter.o(.data)
    first_order_filter_X_out                 0x200000f8   Data           4  filter.o(.data)
    first_order_filter_Y_out                 0x200000fc   Data           4  filter.o(.data)
    .data                                    0x20000100   Section       28  gimbal.o(.data)
    .data                                    0x2000011c   Section        1  classic.o(.data)
    .data                                    0x20000120   Section       16  classic.o(.data)
    Time_Cnt                                 0x20000120   Data           2  classic.o(.data)
    Last_Dir                                 0x20000124   Data           4  classic.o(.data)
    .data                                    0x20000130   Section        2  crc.o(.data)
    .data                                    0x20000132   Section       46  judge.o(.data)
    .data                                    0x20000160   Section        1  shoot.o(.data)
    .data                                    0x20000164   Section        8  shoot.o(.data)
    .bss                                     0x2000016c   Section       10  main.o(.bss)
    .bss                                     0x20000178   Section       80  can.o(.bss)
    .bss                                     0x200001c8   Section       64  tim.o(.bss)
    .bss                                     0x20000208   Section      480  usart.o(.bss)
    .bss                                     0x200003e8   Section       24  caninfo.o(.bss)
    .bss                                     0x20000400   Section       12  caninfo.o(.bss)
    .bss                                     0x2000040c   Section      300  caninfo.o(.bss)
    .bss                                     0x20000538   Section       20  remote_control.o(.bss)
    .bss                                     0x2000054c   Section      560  usartinfo.o(.bss)
    .bss                                     0x2000077c   Section      200  classic.o(.bss)
    .bss                                     0x20000844   Section       94  judge.o(.bss)
    .bss                                     0x200008a4   Section      388  shoot.o(.bss)
    STACK                                    0x20000a28   Section     1024  startup_stm32f407xx.o(STACK)

    Global Symbols

    Symbol Name                              Value     Ov Type        Size  Object(Section)

    BuildAttributes$$THM_ISAv4$E$P$D$K$B$S$7EM$VFPi3$EXTD16$VFPS$VFMA$PE$A:L22UL41UL21$X:L11$S22US41US21$IEEE1$IW$USESV6$~STKCKD$USESV7$~SHL$OTIME$ROPI$IEEEX$EBA8$MICROLIB$REQ8$PRES8$EABIv2 0x00000000   Number         0  anon$$obj.o ABSOLUTE
    __ARM_use_no_argv                        0x00000000   Number         0  main.o ABSOLUTE
    __cpp_initialize__aeabi_                  - Undefined Weak Reference
    __cxa_finalize                            - Undefined Weak Reference
    _clock_init                               - Undefined Weak Reference
    _microlib_exit                            - Undefined Weak Reference
    __Vectors_Size                           0x00000188   Number         0  startup_stm32f407xx.o ABSOLUTE
    __Vectors                                0x08000000   Data           4  startup_stm32f407xx.o(RESET)
    __Vectors_End                            0x08000188   Data           0  startup_stm32f407xx.o(RESET)
    __main                                   0x08000189   Thumb Code     0  entry.o(.ARM.Collect$$$$00000000)
    _main_stk                                0x08000189   Thumb Code     0  entry2.o(.ARM.Collect$$$$00000001)
    _main_scatterload                        0x0800018d   Thumb Code     0  entry5.o(.ARM.Collect$$$$00000004)
    __main_after_scatterload                 0x08000191   Thumb Code     0  entry5.o(.ARM.Collect$$$$00000004)
    _main_clock                              0x08000191   Thumb Code     0  entry7b.o(.ARM.Collect$$$$00000008)
    _main_cpp_init                           0x08000191   Thumb Code     0  entry8b.o(.ARM.Collect$$$$0000000A)
    _main_init                               0x08000191   Thumb Code     0  entry9a.o(.ARM.Collect$$$$0000000B)
    __rt_final_cpp                           0x08000199   Thumb Code     0  entry10a.o(.ARM.Collect$$$$0000000D)
    __rt_final_exit                          0x08000199   Thumb Code     0  entry11a.o(.ARM.Collect$$$$0000000F)
    Reset_Handler                            0x0800019d   Thumb Code     8  startup_stm32f407xx.o(.text)
    ADC_IRQHandler                           0x080001b7   Thumb Code     0  startup_stm32f407xx.o(.text)
    CAN1_RX1_IRQHandler                      0x080001b7   Thumb Code     0  startup_stm32f407xx.o(.text)
    CAN1_SCE_IRQHandler                      0x080001b7   Thumb Code     0  startup_stm32f407xx.o(.text)
    CAN2_RX1_IRQHandler                      0x080001b7   Thumb Code     0  startup_stm32f407xx.o(.text)
    CAN2_SCE_IRQHandler                      0x080001b7   Thumb Code     0  startup_stm32f407xx.o(.text)
    DCMI_IRQHandler                          0x080001b7   Thumb Code     0  startup_stm32f407xx.o(.text)
    DMA1_Stream0_IRQHandler                  0x080001b7   Thumb Code     0  startup_stm32f407xx.o(.text)
    DMA1_Stream2_IRQHandler                  0x080001b7   Thumb Code     0  startup_stm32f407xx.o(.text)
    DMA1_Stream3_IRQHandler                  0x080001b7   Thumb Code     0  startup_stm32f407xx.o(.text)
    DMA1_Stream4_IRQHandler                  0x080001b7   Thumb Code     0  startup_stm32f407xx.o(.text)
    DMA1_Stream5_IRQHandler                  0x080001b7   Thumb Code     0  startup_stm32f407xx.o(.text)
    DMA1_Stream6_IRQHandler                  0x080001b7   Thumb Code     0  startup_stm32f407xx.o(.text)
    DMA1_Stream7_IRQHandler                  0x080001b7   Thumb Code     0  startup_stm32f407xx.o(.text)
    DMA2_Stream0_IRQHandler                  0x080001b7   Thumb Code     0  startup_stm32f407xx.o(.text)
    DMA2_Stream3_IRQHandler                  0x080001b7   Thumb Code     0  startup_stm32f407xx.o(.text)
    DMA2_Stream4_IRQHandler                  0x080001b7   Thumb Code     0  startup_stm32f407xx.o(.text)
    DMA2_Stream5_IRQHandler                  0x080001b7   Thumb Code     0  startup_stm32f407xx.o(.text)
    DMA2_Stream6_IRQHandler                  0x080001b7   Thumb Code     0  startup_stm32f407xx.o(.text)
    DMA2_Stream7_IRQHandler                  0x080001b7   Thumb Code     0  startup_stm32f407xx.o(.text)
    ETH_IRQHandler                           0x080001b7   Thumb Code     0  startup_stm32f407xx.o(.text)
    ETH_WKUP_IRQHandler                      0x080001b7   Thumb Code     0  startup_stm32f407xx.o(.text)
    EXTI0_IRQHandler                         0x080001b7   Thumb Code     0  startup_stm32f407xx.o(.text)
    EXTI15_10_IRQHandler                     0x080001b7   Thumb Code     0  startup_stm32f407xx.o(.text)
    EXTI1_IRQHandler                         0x080001b7   Thumb Code     0  startup_stm32f407xx.o(.text)
    EXTI2_IRQHandler                         0x080001b7   Thumb Code     0  startup_stm32f407xx.o(.text)
    EXTI3_IRQHandler                         0x080001b7   Thumb Code     0  startup_stm32f407xx.o(.text)
    EXTI4_IRQHandler                         0x080001b7   Thumb Code     0  startup_stm32f407xx.o(.text)
    EXTI9_5_IRQHandler                       0x080001b7   Thumb Code     0  startup_stm32f407xx.o(.text)
    FLASH_IRQHandler                         0x080001b7   Thumb Code     0  startup_stm32f407xx.o(.text)
    FMC_IRQHandler                           0x080001b7   Thumb Code     0  startup_stm32f407xx.o(.text)
    FPU_IRQHandler                           0x080001b7   Thumb Code     0  startup_stm32f407xx.o(.text)
    HASH_RNG_IRQHandler                      0x080001b7   Thumb Code     0  startup_stm32f407xx.o(.text)
    I2C1_ER_IRQHandler                       0x080001b7   Thumb Code     0  startup_stm32f407xx.o(.text)
    I2C1_EV_IRQHandler                       0x080001b7   Thumb Code     0  startup_stm32f407xx.o(.text)
    I2C2_ER_IRQHandler                       0x080001b7   Thumb Code     0  startup_stm32f407xx.o(.text)
    I2C2_EV_IRQHandler                       0x080001b7   Thumb Code     0  startup_stm32f407xx.o(.text)
    I2C3_ER_IRQHandler                       0x080001b7   Thumb Code     0  startup_stm32f407xx.o(.text)
    I2C3_EV_IRQHandler                       0x080001b7   Thumb Code     0  startup_stm32f407xx.o(.text)
    OTG_FS_IRQHandler                        0x080001b7   Thumb Code     0  startup_stm32f407xx.o(.text)
    OTG_FS_WKUP_IRQHandler                   0x080001b7   Thumb Code     0  startup_stm32f407xx.o(.text)
    OTG_HS_EP1_IN_IRQHandler                 0x080001b7   Thumb Code     0  startup_stm32f407xx.o(.text)
    OTG_HS_EP1_OUT_IRQHandler                0x080001b7   Thumb Code     0  startup_stm32f407xx.o(.text)
    OTG_HS_IRQHandler                        0x080001b7   Thumb Code     0  startup_stm32f407xx.o(.text)
    OTG_HS_WKUP_IRQHandler                   0x080001b7   Thumb Code     0  startup_stm32f407xx.o(.text)
    PVD_IRQHandler                           0x080001b7   Thumb Code     0  startup_stm32f407xx.o(.text)
    RCC_IRQHandler                           0x080001b7   Thumb Code     0  startup_stm32f407xx.o(.text)
    RTC_Alarm_IRQHandler                     0x080001b7   Thumb Code     0  startup_stm32f407xx.o(.text)
    RTC_WKUP_IRQHandler                      0x080001b7   Thumb Code     0  startup_stm32f407xx.o(.text)
    SDIO_IRQHandler                          0x080001b7   Thumb Code     0  startup_stm32f407xx.o(.text)
    SPI1_IRQHandler                          0x080001b7   Thumb Code     0  startup_stm32f407xx.o(.text)
    SPI2_IRQHandler                          0x080001b7   Thumb Code     0  startup_stm32f407xx.o(.text)
    SPI3_IRQHandler                          0x080001b7   Thumb Code     0  startup_stm32f407xx.o(.text)
    TAMP_STAMP_IRQHandler                    0x080001b7   Thumb Code     0  startup_stm32f407xx.o(.text)
    TIM1_BRK_TIM9_IRQHandler                 0x080001b7   Thumb Code     0  startup_stm32f407xx.o(.text)
    TIM1_CC_IRQHandler                       0x080001b7   Thumb Code     0  startup_stm32f407xx.o(.text)
    TIM1_TRG_COM_TIM11_IRQHandler            0x080001b7   Thumb Code     0  startup_stm32f407xx.o(.text)
    TIM2_IRQHandler                          0x080001b7   Thumb Code     0  startup_stm32f407xx.o(.text)
    TIM3_IRQHandler                          0x080001b7   Thumb Code     0  startup_stm32f407xx.o(.text)
    TIM4_IRQHandler                          0x080001b7   Thumb Code     0  startup_stm32f407xx.o(.text)
    TIM5_IRQHandler                          0x080001b7   Thumb Code     0  startup_stm32f407xx.o(.text)
    TIM6_DAC_IRQHandler                      0x080001b7   Thumb Code     0  startup_stm32f407xx.o(.text)
    TIM7_IRQHandler                          0x080001b7   Thumb Code     0  startup_stm32f407xx.o(.text)
    TIM8_BRK_TIM12_IRQHandler                0x080001b7   Thumb Code     0  startup_stm32f407xx.o(.text)
    TIM8_CC_IRQHandler                       0x080001b7   Thumb Code     0  startup_stm32f407xx.o(.text)
    TIM8_TRG_COM_TIM14_IRQHandler            0x080001b7   Thumb Code     0  startup_stm32f407xx.o(.text)
    TIM8_UP_TIM13_IRQHandler                 0x080001b7   Thumb Code     0  startup_stm32f407xx.o(.text)
    UART4_IRQHandler                         0x080001b7   Thumb Code     0  startup_stm32f407xx.o(.text)
    UART5_IRQHandler                         0x080001b7   Thumb Code     0  startup_stm32f407xx.o(.text)
    USART2_IRQHandler                        0x080001b7   Thumb Code     0  startup_stm32f407xx.o(.text)
    WWDG_IRQHandler                          0x080001b7   Thumb Code     0  startup_stm32f407xx.o(.text)
    __aeabi_uldivmod                         0x080001c1   Thumb Code    98  uldiv.o(.text)
    __aeabi_memcpy                           0x08000223   Thumb Code    36  memcpya.o(.text)
    __aeabi_memcpy4                          0x08000223   Thumb Code     0  memcpya.o(.text)
    __aeabi_memcpy8                          0x08000223   Thumb Code     0  memcpya.o(.text)
    __aeabi_memset                           0x08000247   Thumb Code    14  memseta.o(.text)
    __aeabi_memset4                          0x08000247   Thumb Code     0  memseta.o(.text)
    __aeabi_memset8                          0x08000247   Thumb Code     0  memseta.o(.text)
    __aeabi_memclr                           0x08000255   Thumb Code     4  memseta.o(.text)
    __aeabi_memclr4                          0x08000255   Thumb Code     0  memseta.o(.text)
    __aeabi_memclr8                          0x08000255   Thumb Code     0  memseta.o(.text)
    _memset$wrapper                          0x08000259   Thumb Code    18  memseta.o(.text)
    __aeabi_llsl                             0x0800026b   Thumb Code    30  llshl.o(.text)
    _ll_shift_l                              0x0800026b   Thumb Code     0  llshl.o(.text)
    __aeabi_llsr                             0x08000289   Thumb Code    32  llushr.o(.text)
    _ll_ushift_r                             0x08000289   Thumb Code     0  llushr.o(.text)
    __scatterload                            0x080002a9   Thumb Code    28  init.o(.text)
    __scatterload_rt2                        0x080002a9   Thumb Code     0  init.o(.text)
    __decompress                             0x080002cd   Thumb Code     0  __dczerorl.o(.text)
    __decompress0                            0x080002cd   Thumb Code    58  __dczerorl.o(.text)
    Bsp_UART_Receive_DMA                     0x08000307   Thumb Code   104  bsp_usart.o(i.Bsp_UART_Receive_DMA)
    Bsp_UART_Receive_IT                      0x0800036f   Thumb Code    22  bsp_usart.o(i.Bsp_UART_Receive_IT)
    BusFault_Handler                         0x08000385   Thumb Code     2  stm32f4xx_it.o(i.BusFault_Handler)
    CAN1_RX0_IRQHandler                      0x08000389   Thumb Code     6  stm32f4xx_it.o(i.CAN1_RX0_IRQHandler)
    CAN1_TX_IRQHandler                       0x08000395   Thumb Code     6  stm32f4xx_it.o(i.CAN1_TX_IRQHandler)
    CAN2_RX0_IRQHandler                      0x080003a1   Thumb Code     6  stm32f4xx_it.o(i.CAN2_RX0_IRQHandler)
    CAN2_TX_IRQHandler                       0x080003ad   Thumb Code     6  stm32f4xx_it.o(i.CAN2_TX_IRQHandler)
    CAN_Filter_Init                          0x080003b9   Thumb Code    80  bsp_can.o(i.CAN_Filter_Init)
    CAN_Motor_Ctrl                           0x08000411   Thumb Code   126  caninfo.o(i.CAN_Motor_Ctrl)
    Callback_RC_Handle                       0x08000495   Thumb Code   118  remote_control.o(i.Callback_RC_Handle)
    Cartridge_wheel_PID_Calc                 0x0800050d   Thumb Code    32  shoot.o(i.Cartridge_wheel_PID_Calc)
    Chassic_Ctrl                             0x08000535   Thumb Code    48  classic.o(i.Chassic_Ctrl)
    Chassis_init                             0x08000569   Thumb Code   114  classic.o(i.Chassis_init)
    Control_PitchPID                         0x080005ed   Thumb Code   406  pid.o(i.Control_PitchPID)
    Control_YawPID                           0x080007a1   Thumb Code   416  pid.o(i.Control_YawPID)
    DMA1_Stream1_IRQHandler                  0x08000961   Thumb Code     6  stm32f4xx_it.o(i.DMA1_Stream1_IRQHandler)
    DMA2_Stream1_IRQHandler                  0x0800096d   Thumb Code     6  stm32f4xx_it.o(i.DMA2_Stream1_IRQHandler)
    DMA2_Stream2_IRQHandler                  0x08000979   Thumb Code     6  stm32f4xx_it.o(i.DMA2_Stream2_IRQHandler)
    DebugMon_Handler                         0x08000a29   Thumb Code     2  stm32f4xx_it.o(i.DebugMon_Handler)
    Dma_UsartIdleHanlder                     0x08000a2d   Thumb Code   252  bsp_usart.o(i.Dma_UsartIdleHanlder)
    Error_Handler                            0x08000b49   Thumb Code     2  main.o(i.Error_Handler)
    Get_CRC16_Check_Sum                      0x08000b4d   Thumb Code    38  crc.o(i.Get_CRC16_Check_Sum)
    Get_CRC8_Check_Sum                       0x08000b79   Thumb Code    26  crc.o(i.Get_CRC8_Check_Sum)
    Gimbal_Automatic_control                 0x08000b99   Thumb Code    84  gimbal.o(i.Gimbal_Automatic_control)
    Gimbal_Remote_Control                    0x08000c09   Thumb Code   156  gimbal.o(i.Gimbal_Remote_Control)
    Gimbal_Sotf_Start                        0x08000ccd   Thumb Code   124  gimbal.o(i.Gimbal_Sotf_Start)
    HAL_CAN_ActivateNotification             0x08000d65   Thumb Code    36  stm32f4xx_hal_can.o(i.HAL_CAN_ActivateNotification)
    HAL_CAN_AddTxMessage                     0x08000d89   Thumb Code   200  stm32f4xx_hal_can.o(i.HAL_CAN_AddTxMessage)
    HAL_CAN_ConfigFilter                     0x08000e51   Thumb Code   262  stm32f4xx_hal_can.o(i.HAL_CAN_ConfigFilter)
    HAL_CAN_ErrorCallback                    0x08000f5d   Thumb Code     2  stm32f4xx_hal_can.o(i.HAL_CAN_ErrorCallback)
    HAL_CAN_GetRxMessage                     0x08000f5f   Thumb Code   232  stm32f4xx_hal_can.o(i.HAL_CAN_GetRxMessage)
    HAL_CAN_IRQHandler                       0x08001047   Thumb Code   508  stm32f4xx_hal_can.o(i.HAL_CAN_IRQHandler)
    HAL_CAN_Init                             0x08001243   Thumb Code   282  stm32f4xx_hal_can.o(i.HAL_CAN_Init)
    HAL_CAN_MspInit                          0x0800135d   Thumb Code   258  can.o(i.HAL_CAN_MspInit)
    HAL_CAN_RxFifo0FullCallback              0x08001479   Thumb Code     2  stm32f4xx_hal_can.o(i.HAL_CAN_RxFifo0FullCallback)
    HAL_CAN_RxFifo0MsgPendingCallback        0x0800147d   Thumb Code    60  caninfo.o(i.HAL_CAN_RxFifo0MsgPendingCallback)
    HAL_CAN_RxFifo1FullCallback              0x080014c1   Thumb Code     2  stm32f4xx_hal_can.o(i.HAL_CAN_RxFifo1FullCallback)
    HAL_CAN_RxFifo1MsgPendingCallback        0x080014c3   Thumb Code     2  stm32f4xx_hal_can.o(i.HAL_CAN_RxFifo1MsgPendingCallback)
    HAL_CAN_SleepCallback                    0x080014c5   Thumb Code     2  stm32f4xx_hal_can.o(i.HAL_CAN_SleepCallback)
    HAL_CAN_Start                            0x080014c9   Thumb Code    88  stm32f4xx_hal_can.o(i.HAL_CAN_Start)
    HAL_CAN_TxMailbox0AbortCallback          0x08001521   Thumb Code     2  stm32f4xx_hal_can.o(i.HAL_CAN_TxMailbox0AbortCallback)
    HAL_CAN_TxMailbox0CompleteCallback       0x08001523   Thumb Code     2  stm32f4xx_hal_can.o(i.HAL_CAN_TxMailbox0CompleteCallback)
    HAL_CAN_TxMailbox1AbortCallback          0x08001525   Thumb Code     2  stm32f4xx_hal_can.o(i.HAL_CAN_TxMailbox1AbortCallback)
    HAL_CAN_TxMailbox1CompleteCallback       0x08001527   Thumb Code     2  stm32f4xx_hal_can.o(i.HAL_CAN_TxMailbox1CompleteCallback)
    HAL_CAN_TxMailbox2AbortCallback          0x08001529   Thumb Code     2  stm32f4xx_hal_can.o(i.HAL_CAN_TxMailbox2AbortCallback)
    HAL_CAN_TxMailbox2CompleteCallback       0x0800152b   Thumb Code     2  stm32f4xx_hal_can.o(i.HAL_CAN_TxMailbox2CompleteCallback)
    HAL_CAN_WakeUpFromRxMsgCallback          0x0800152d   Thumb Code     2  stm32f4xx_hal_can.o(i.HAL_CAN_WakeUpFromRxMsgCallback)
    HAL_DMA_Abort_IT                         0x0800152f   Thumb Code    36  stm32f4xx_hal_dma.o(i.HAL_DMA_Abort_IT)
    HAL_DMA_IRQHandler                       0x08001555   Thumb Code   412  stm32f4xx_hal_dma.o(i.HAL_DMA_IRQHandler)
    HAL_DMA_Init                             0x080016f5   Thumb Code   206  stm32f4xx_hal_dma.o(i.HAL_DMA_Init)
    HAL_DMA_Start                            0x080017c9   Thumb Code    70  stm32f4xx_hal_dma.o(i.HAL_DMA_Start)
    HAL_GPIO_Init                            0x08001811   Thumb Code   394  stm32f4xx_hal_gpio.o(i.HAL_GPIO_Init)
    HAL_GPIO_ReadPin                         0x080019c9   Thumb Code    10  stm32f4xx_hal_gpio.o(i.HAL_GPIO_ReadPin)
    HAL_GetTick                              0x080019d5   Thumb Code     6  stm32f4xx_hal.o(i.HAL_GetTick)
    HAL_IncTick                              0x080019e1   Thumb Code    12  stm32f4xx_hal.o(i.HAL_IncTick)
    HAL_Init                                 0x080019f1   Thumb Code    48  stm32f4xx_hal.o(i.HAL_Init)
    HAL_InitTick                             0x08001a25   Thumb Code    54  stm32f4xx_hal.o(i.HAL_InitTick)
    HAL_MspInit                              0x08001a65   Thumb Code    42  stm32f4xx_hal_msp.o(i.HAL_MspInit)
    HAL_NVIC_EnableIRQ                       0x08001a95   Thumb Code    26  stm32f4xx_hal_cortex.o(i.HAL_NVIC_EnableIRQ)
    HAL_NVIC_SetPriority                     0x08001ab1   Thumb Code    60  stm32f4xx_hal_cortex.o(i.HAL_NVIC_SetPriority)
    HAL_NVIC_SetPriorityGrouping             0x08001af1   Thumb Code    26  stm32f4xx_hal_cortex.o(i.HAL_NVIC_SetPriorityGrouping)
    HAL_RCC_ClockConfig                      0x08001b15   Thumb Code   288  stm32f4xx_hal_rcc.o(i.HAL_RCC_ClockConfig)
    HAL_RCC_GetPCLK1Freq                     0x08001c49   Thumb Code    20  stm32f4xx_hal_rcc.o(i.HAL_RCC_GetPCLK1Freq)
    HAL_RCC_GetPCLK2Freq                     0x08001c69   Thumb Code    20  stm32f4xx_hal_rcc.o(i.HAL_RCC_GetPCLK2Freq)
    HAL_RCC_GetSysClockFreq                  0x08001c89   Thumb Code    88  stm32f4xx_hal_rcc.o(i.HAL_RCC_GetSysClockFreq)
    HAL_RCC_OscConfig                        0x08001ced   Thumb Code   840  stm32f4xx_hal_rcc.o(i.HAL_RCC_OscConfig)
    HAL_SYSTICK_Config                       0x08002049   Thumb Code    40  stm32f4xx_hal_cortex.o(i.HAL_SYSTICK_Config)
    HAL_TIMEx_BreakCallback                  0x08002071   Thumb Code     2  stm32f4xx_hal_tim_ex.o(i.HAL_TIMEx_BreakCallback)
    HAL_TIMEx_CommutCallback                 0x08002073   Thumb Code     2  stm32f4xx_hal_tim_ex.o(i.HAL_TIMEx_CommutCallback)
    HAL_TIMEx_MasterConfigSynchronization    0x08002075   Thumb Code   116  stm32f4xx_hal_tim_ex.o(i.HAL_TIMEx_MasterConfigSynchronization)
    HAL_TIM_Base_Init                        0x08002105   Thumb Code    54  stm32f4xx_hal_tim.o(i.HAL_TIM_Base_Init)
    HAL_TIM_Base_MspInit                     0x0800213d   Thumb Code    50  tim.o(i.HAL_TIM_Base_MspInit)
    HAL_TIM_Base_Start_IT                    0x08002179   Thumb Code    34  stm32f4xx_hal_tim.o(i.HAL_TIM_Base_Start_IT)
    HAL_TIM_ConfigClockSource                0x0800219b   Thumb Code   214  stm32f4xx_hal_tim.o(i.HAL_TIM_ConfigClockSource)
    HAL_TIM_IC_CaptureCallback               0x08002271   Thumb Code     2  stm32f4xx_hal_tim.o(i.HAL_TIM_IC_CaptureCallback)
    HAL_TIM_IRQHandler                       0x08002273   Thumb Code   358  stm32f4xx_hal_tim.o(i.HAL_TIM_IRQHandler)
    HAL_TIM_OC_DelayElapsedCallback          0x080023d9   Thumb Code     2  stm32f4xx_hal_tim.o(i.HAL_TIM_OC_DelayElapsedCallback)
    HAL_TIM_PWM_PulseFinishedCallback        0x080023db   Thumb Code     2  stm32f4xx_hal_tim.o(i.HAL_TIM_PWM_PulseFinishedCallback)
    HAL_TIM_PeriodElapsedCallback            0x080023dd   Thumb Code     2  stm32f4xx_hal_tim.o(i.HAL_TIM_PeriodElapsedCallback)
    HAL_TIM_TriggerCallback                  0x080023df   Thumb Code     2  stm32f4xx_hal_tim.o(i.HAL_TIM_TriggerCallback)
    HAL_UART_ErrorCallback                   0x080023e1   Thumb Code     2  stm32f4xx_hal_uart.o(i.HAL_UART_ErrorCallback)
    HAL_UART_IRQHandler                      0x080023e5   Thumb Code   270  stm32f4xx_hal_uart.o(i.HAL_UART_IRQHandler)
    HAL_UART_Init                            0x080024f9   Thumb Code    98  stm32f4xx_hal_uart.o(i.HAL_UART_Init)
    HAL_UART_MspInit                         0x0800255d   Thumb Code   508  usart.o(i.HAL_UART_MspInit)
    HAL_UART_RxCpltCallback                  0x08002785   Thumb Code     2  stm32f4xx_hal_uart.o(i.HAL_UART_RxCpltCallback)
    HAL_UART_TxCpltCallback                  0x08002787   Thumb Code     2  stm32f4xx_hal_uart.o(i.HAL_UART_TxCpltCallback)
    HardFault_Handler                        0x08002789   Thumb Code     2  stm32f4xx_it.o(i.HardFault_Handler)
    Judge_Read_Data                          0x0800278d   Thumb Code   402  judge.o(i.Judge_Read_Data)
    MX_CAN1_Init                             0x08002929   Thumb Code    62  can.o(i.MX_CAN1_Init)
    MX_CAN2_Init                             0x08002971   Thumb Code    62  can.o(i.MX_CAN2_Init)
    MX_DMA_Init                              0x080029b9   Thumb Code    88  dma.o(i.MX_DMA_Init)
    MX_GPIO_Init                             0x08002a15   Thumb Code   102  gpio.o(i.MX_GPIO_Init)
    MX_TIM1_Init                             0x08002a81   Thumb Code    96  tim.o(i.MX_TIM1_Init)
    MX_USART1_UART_Init                      0x08002ae9   Thumb Code    48  usart.o(i.MX_USART1_UART_Init)
    MX_USART3_UART_Init                      0x08002b21   Thumb Code    46  usart.o(i.MX_USART3_UART_Init)
    MX_USART6_UART_Init                      0x08002b5d   Thumb Code    48  usart.o(i.MX_USART6_UART_Init)
    MemManage_Handler                        0x08002b95   Thumb Code     2  stm32f4xx_it.o(i.MemManage_Handler)
    NMI_Handler                              0x08002b97   Thumb Code     2  stm32f4xx_it.o(i.NMI_Handler)
    PendSV_Handler                           0x08002b99   Thumb Code     2  stm32f4xx_it.o(i.PendSV_Handler)
    SVC_Handler                              0x08002b9b   Thumb Code     2  stm32f4xx_it.o(i.SVC_Handler)
    Shoot_Speed_Pid_Calc                     0x08002b9d   Thumb Code    92  shoot.o(i.Shoot_Speed_Pid_Calc)
    Shoot_Speed_Pid_Init                     0x08002c05   Thumb Code   154  shoot.o(i.Shoot_Speed_Pid_Init)
    SysTick_Handler                          0x08002cb5   Thumb Code     4  stm32f4xx_it.o(i.SysTick_Handler)
    SystemClock_Config                       0x08002cb9   Thumb Code   124  main.o(i.SystemClock_Config)
    SystemInit                               0x08002d3d   Thumb Code    22  system_stm32f4xx.o(i.SystemInit)
    TIM1_UP_TIM10_IRQHandler                 0x08002d59   Thumb Code   490  stm32f4xx_it.o(i.TIM1_UP_TIM10_IRQHandler)
    TIM_Base_SetConfig                       0x08002f91   Thumb Code   156  stm32f4xx_hal_tim.o(i.TIM_Base_SetConfig)
    TIM_ETR_SetConfig                        0x08003059   Thumb Code    20  stm32f4xx_hal_tim.o(i.TIM_ETR_SetConfig)
    UART_IdleRxCallback                      0x080030f1   Thumb Code   184  usartinfo.o(i.UART_IdleRxCallback)
    USART1_IRQHandler                        0x080033f1   Thumb Code    20  stm32f4xx_it.o(i.USART1_IRQHandler)
    USART3_IRQHandler                        0x08003409   Thumb Code    20  stm32f4xx_it.o(i.USART3_IRQHandler)
    USART6_IRQHandler                        0x08003421   Thumb Code    20  stm32f4xx_it.o(i.USART6_IRQHandler)
    Uart1_TransmissionT_Data                 0x08003439   Thumb Code    32  usartinfo.o(i.Uart1_TransmissionT_Data)
    UsageFault_Handler                       0x0800345d   Thumb Code     2  stm32f4xx_it.o(i.UsageFault_Handler)
    Verify_CRC16_Check_Sum                   0x08003461   Thumb Code    54  crc.o(i.Verify_CRC16_Check_Sum)
    Verify_CRC8_Check_Sum                    0x0800349d   Thumb Code    42  crc.o(i.Verify_CRC8_Check_Sum)
    __scatterload_copy                       0x080034e7   Thumb Code    14  handlers.o(i.__scatterload_copy)
    __scatterload_null                       0x080034f5   Thumb Code     2  handlers.o(i.__scatterload_null)
    __scatterload_zeroinit                   0x080034f7   Thumb Code    14  handlers.o(i.__scatterload_zeroinit)
    first_order_filter_X_cali                0x08003505   Thumb Code    32  filter.o(i.first_order_filter_X_cali)
    first_order_filter_Y_cali                0x08003531   Thumb Code    32  filter.o(i.first_order_filter_Y_cali)
    gear_moto_position_pid_init              0x0800355d   Thumb Code    92  shoot.o(i.gear_moto_position_pid_init)
    get_gear_motor_measure                   0x080035d9   Thumb Code   138  caninfo.o(i.get_gear_motor_measure)
    loop_fp32_constrain                      0x08003665   Thumb Code    72  gimbal.o(i.loop_fp32_constrain)
    main                                     0x080036ad   Thumb Code   172  main.o(i.main)
    pid_init                                 0x08003889   Thumb Code    14  pid.o(i.pid_init)
    AHBPrescTable                            0x0800390c   Data          16  system_stm32f4xx.o(.constdata)
    APBPrescTable                            0x0800391c   Data           8  system_stm32f4xx.o(.constdata)
    CRC8_TAB                                 0x0800392a   Data         256  crc.o(.constdata)
    wCRC_Table                               0x08003a2a   Data         512  crc.o(.constdata)
    Region$$Table$$Base                      0x08003c2c   Number         0  anon$$obj.o(Region$$Table)
    Region$$Table$$Limit                     0x08003c4c   Number         0  anon$$obj.o(Region$$Table)
    Firc_Speed                               0x20000004   Data           4  stm32f4xx_it.o(.data)
    Cartridge_TIM_cnt                        0x20000008   Data           4  stm32f4xx_it.o(.data)
    yaw_nowangle                             0x2000000c   Data           4  stm32f4xx_it.o(.data)
    pit_nowangle                             0x20000010   Data           4  stm32f4xx_it.o(.data)
    uwTickFreq                               0x20000014   Data           1  stm32f4xx_hal.o(.data)
    uwTickPrio                               0x20000018   Data           4  stm32f4xx_hal.o(.data)
    uwTick                                   0x2000001c   Data           4  stm32f4xx_hal.o(.data)
    SystemCoreClock                          0x20000020   Data           4  system_stm32f4xx.o(.data)
    view_shoot_mode                          0x20000024   Data           1  usartinfo.o(.data)
    extern_view_send_state                   0x20000028   Data           4  usartinfo.o(.data)
    view_send_state                          0x2000002c   Data           4  usartinfo.o(.data)
    pitchangle                               0x20000030   Data           4  usartinfo.o(.data)
    yawangle                                 0x20000034   Data           4  usartinfo.o(.data)
    send_pitch                               0x20000038   Data           4  usartinfo.o(.data)
    send_yaw                                 0x2000003c   Data           4  usartinfo.o(.data)
    PitchOPIDP                               0x20000040   Data           4  pid.o(.data)
    PitchOPIDI                               0x20000044   Data           4  pid.o(.data)
    PitchOPIDD                               0x20000048   Data           4  pid.o(.data)
    PitchOPIDCurrentError                    0x2000004c   Data           4  pid.o(.data)
    PitchOPIDLastError                       0x20000050   Data           4  pid.o(.data)
    PitchOPIDIMax                            0x20000054   Data           4  pid.o(.data)
    PitchOPIDPIDMax                          0x20000058   Data           4  pid.o(.data)
    PitchIPIDP                               0x2000005c   Data           4  pid.o(.data)
    PitchIPIDI                               0x20000060   Data           4  pid.o(.data)
    PitchIPIDD                               0x20000064   Data           4  pid.o(.data)
    PitchIPIDCurrentError                    0x20000068   Data           4  pid.o(.data)
    PitchIPIDLastError                       0x2000006c   Data           4  pid.o(.data)
    PitchIPIDIMax                            0x20000070   Data           4  pid.o(.data)
    PitchIPIDPIDMax                          0x20000074   Data           4  pid.o(.data)
    YawOPIDP                                 0x20000078   Data           4  pid.o(.data)
    YawOPIDI                                 0x2000007c   Data           4  pid.o(.data)
    YawOPIDD                                 0x20000080   Data           4  pid.o(.data)
    YawOPIDCurrentError                      0x20000084   Data           4  pid.o(.data)
    YawOPIDLastError                         0x20000088   Data           4  pid.o(.data)
    YawOPIDIMax                              0x2000008c   Data           4  pid.o(.data)
    YawOPIDPIDMax                            0x20000090   Data           4  pid.o(.data)
    YawIPIDP                                 0x20000094   Data           4  pid.o(.data)
    YawIPIDI                                 0x20000098   Data           4  pid.o(.data)
    YawIPIDD                                 0x2000009c   Data           4  pid.o(.data)
    YawIPIDCurrentError                      0x200000a0   Data           4  pid.o(.data)
    YawIPIDLastError                         0x200000a4   Data           4  pid.o(.data)
    YawIPIDIMax                              0x200000a8   Data           4  pid.o(.data)
    YawIPIDPIDMax                            0x200000ac   Data           4  pid.o(.data)
    PitchOPIDPout                            0x200000b0   Data           4  pid.o(.data)
    PitchOPIDIout                            0x200000b4   Data           4  pid.o(.data)
    PitchOPIDDout                            0x200000b8   Data           4  pid.o(.data)
    PitchOPIDPIDout                          0x200000bc   Data           4  pid.o(.data)
    PitchIPIDPout                            0x200000c0   Data           4  pid.o(.data)
    PitchIPIDIout                            0x200000c4   Data           4  pid.o(.data)
    PitchIPIDDout                            0x200000c8   Data           4  pid.o(.data)
    PitchIPIDPIDout                          0x200000cc   Data           4  pid.o(.data)
    PitchCurrentTick                         0x200000d0   Data           4  pid.o(.data)
    PitchLastTick                            0x200000d4   Data           4  pid.o(.data)
    YawOPIDPout                              0x200000d8   Data           4  pid.o(.data)
    YawOPIDIout                              0x200000dc   Data           4  pid.o(.data)
    YawOPIDDout                              0x200000e0   Data           4  pid.o(.data)
    YawOPIDPIDout                            0x200000e4   Data           4  pid.o(.data)
    YawIPIDPout                              0x200000e8   Data           4  pid.o(.data)
    YawIPIDIout                              0x200000ec   Data           4  pid.o(.data)
    YawIPIDDout                              0x200000f0   Data           4  pid.o(.data)
    YawIPIDPIDout                            0x200000f4   Data           4  pid.o(.data)
    sotf_start                               0x20000100   Data           4  gimbal.o(.data)
    remote_control_allow                     0x20000104   Data           4  gimbal.o(.data)
    read_allow                               0x20000108   Data           4  gimbal.o(.data)
    pitch                                    0x2000010c   Data           4  gimbal.o(.data)
    yaw                                      0x20000110   Data           4  gimbal.o(.data)
    yaw_angle                                0x20000114   Data           4  gimbal.o(.data)
    pitch_angle                              0x20000118   Data           4  gimbal.o(.data)
    Chassic_State                            0x2000011c   Data           1  classic.o(.data)
    set_spd                                  0x20000128   Data           8  classic.o(.data)
    CRC_INIT                                 0x20000130   Data           2  crc.o(.data)
    Judge_Data_TF                            0x20000132   Data           1  judge.o(.data)
    Hurt_Data_Update                         0x20000133   Data           1  judge.o(.data)
    GameResult                               0x20000134   Data           1  judge.o(.data)
    DartRemainingTime                        0x20000135   Data           1  judge.o(.data)
    BuffMusk                                 0x20000136   Data           1  judge.o(.data)
    RobotHurt                                0x20000137   Data           1  judge.o(.data)
    Judge_Self_ID                            0x20000138   Data           1  judge.o(.data)
    RefereeWarning                           0x20000139   Data           2  judge.o(.data)
    BulletRemaining                          0x2000013b   Data           2  judge.o(.data)
    GameState                                0x2000013d   Data           3  judge.o(.data)
    DartStatus                               0x20000140   Data           3  judge.o(.data)
    IcraBuffDebuffZoneStatus                 0x20000143   Data           3  judge.o(.data)
    AerialRobotEnergy                        0x20000146   Data           3  judge.o(.data)
    EventData                                0x20000149   Data           4  judge.o(.data)
    SupplyProjectileAction                   0x2000014d   Data           4  judge.o(.data)
    RfridStatus                              0x20000151   Data           4  judge.o(.data)
    FrameHeader                              0x20000155   Data           5  judge.o(.data)
    ShootData                                0x2000015a   Data           6  judge.o(.data)
    Shoot_Ctrl                               0x20000160   Data           1  shoot.o(.data)
    set_spd_to_Fric_wheel                    0x20000164   Data           8  shoot.o(.data)
    Send_Position_Buf                        0x2000016c   Data          10  main.o(.bss)
    hcan1                                    0x20000178   Data          40  can.o(.bss)
    hcan2                                    0x200001a0   Data          40  can.o(.bss)
    htim1                                    0x200001c8   Data          64  tim.o(.bss)
    huart1                                   0x20000208   Data          64  usart.o(.bss)
    huart3                                   0x20000248   Data          64  usart.o(.bss)
    huart6                                   0x20000288   Data          64  usart.o(.bss)
    hdma_usart1_rx                           0x200002c8   Data          96  usart.o(.bss)
    hdma_usart3_rx                           0x20000328   Data          96  usart.o(.bss)
    hdma_usart6_rx                           0x20000388   Data          96  usart.o(.bss)
    Motor_Output                             0x200003e8   Data          24  caninfo.o(.bss)
    Motor_Output_State                       0x20000400   Data          12  caninfo.o(.bss)
    Wait_For_Motor_Cnt                       0x2000040c   Data          12  caninfo.o(.bss)
    gear_motor_data                          0x20000418   Data         288  caninfo.o(.bss)
    remote_control                           0x20000538   Data          20  remote_control.o(.bss)
    Judgement_Buf                            0x2000054c   Data         200  usartinfo.o(.bss)
    View_Buf                                 0x20000614   Data         100  usartinfo.o(.bss)
    rx_view_buf                              0x20000678   Data          24  usartinfo.o(.bss)
    rx_judge_buf                             0x20000690   Data         200  usartinfo.o(.bss)
    UART_Buffer                              0x20000758   Data          36  usartinfo.o(.bss)
    motor_pid                                0x2000077c   Data         200  classic.o(.bss)
    GameRobotHP                              0x20000844   Data          32  judge.o(.bss)
    GameRobotStat                            0x20000864   Data          18  judge.o(.bss)
    PowerHeatData                            0x20000876   Data          16  judge.o(.bss)
    GameRobotPos                             0x20000886   Data          16  judge.o(.bss)
    DartClientCmd                            0x20000896   Data          12  judge.o(.bss)
    Cartridge_Position_Pid                   0x200008a4   Data          88  shoot.o(.bss)
    Cartridge_wheel                          0x200008fc   Data         100  shoot.o(.bss)
    Fric_wheel                               0x20000960   Data         200  shoot.o(.bss)
    __initial_sp                             0x20000e28   Data           0  startup_stm32f407xx.o(STACK)



==============================================================================

Memory Map of the image

  Image Entry point : 0x08000189

  Load Region LR_IROM1 (Base: 0x08000000, Size: 0x00003db8, Max: 0x00100000, ABSOLUTE, COMPRESSED[0x00003c8c])

    Execution Region ER_IROM1 (Exec base: 0x08000000, Load base: 0x08000000, Size: 0x00003c4c, Max: 0x00100000, ABSOLUTE)

    Exec Addr    Load Addr    Size         Type   Attr      Idx    E Section Name        Object

    0x08000000   0x08000000   0x00000188   Data   RO            3    RESET               startup_stm32f407xx.o
    0x08000188   0x08000188   0x00000000   Code   RO         3923  * .ARM.Collect$$$$00000000  mc_w.l(entry.o)
    0x08000188   0x08000188   0x00000004   Code   RO         3970    .ARM.Collect$$$$00000001  mc_w.l(entry2.o)
    0x0800018c   0x0800018c   0x00000004   Code   RO         3973    .ARM.Collect$$$$00000004  mc_w.l(entry5.o)
    0x08000190   0x08000190   0x00000000   Code   RO         3975    .ARM.Collect$$$$00000008  mc_w.l(entry7b.o)
    0x08000190   0x08000190   0x00000000   Code   RO         3977    .ARM.Collect$$$$0000000A  mc_w.l(entry8b.o)
    0x08000190   0x08000190   0x00000008   Code   RO         3978    .ARM.Collect$$$$0000000B  mc_w.l(entry9a.o)
    0x08000198   0x08000198   0x00000000   Code   RO         3980    .ARM.Collect$$$$0000000D  mc_w.l(entry10a.o)
    0x08000198   0x08000198   0x00000000   Code   RO         3982    .ARM.Collect$$$$0000000F  mc_w.l(entry11a.o)
    0x08000198   0x08000198   0x00000004   Code   RO         3971    .ARM.Collect$$$$00002712  mc_w.l(entry2.o)
    0x0800019c   0x0800019c   0x00000024   Code   RO            4    .text               startup_stm32f407xx.o
    0x080001c0   0x080001c0   0x00000062   Code   RO         3926    .text               mc_w.l(uldiv.o)
    0x08000222   0x08000222   0x00000024   Code   RO         3928    .text               mc_w.l(memcpya.o)
    0x08000246   0x08000246   0x00000024   Code   RO         3930    .text               mc_w.l(memseta.o)
    0x0800026a   0x0800026a   0x0000001e   Code   RO         3984    .text               mc_w.l(llshl.o)
    0x08000288   0x08000288   0x00000020   Code   RO         3986    .text               mc_w.l(llushr.o)
    0x080002a8   0x080002a8   0x00000024   Code   RO         4012    .text               mc_w.l(init.o)
    0x080002cc   0x080002cc   0x0000003a   Code   RO         4030    .text               mc_w.l(__dczerorl.o)
    0x08000306   0x08000306   0x00000068   Code   RO         3280    i.Bsp_UART_Receive_DMA  bsp_usart.o
    0x0800036e   0x0800036e   0x00000016   Code   RO         3281    i.Bsp_UART_Receive_IT  bsp_usart.o
    0x08000384   0x08000384   0x00000002   Code   RO          400    i.BusFault_Handler  stm32f4xx_it.o
    0x08000386   0x08000386   0x00000002   PAD
    0x08000388   0x08000388   0x0000000c   Code   RO          401    i.CAN1_RX0_IRQHandler  stm32f4xx_it.o
    0x08000394   0x08000394   0x0000000c   Code   RO          402    i.CAN1_TX_IRQHandler  stm32f4xx_it.o
    0x080003a0   0x080003a0   0x0000000c   Code   RO          403    i.CAN2_RX0_IRQHandler  stm32f4xx_it.o
    0x080003ac   0x080003ac   0x0000000c   Code   RO          404    i.CAN2_TX_IRQHandler  stm32f4xx_it.o
    0x080003b8   0x080003b8   0x00000058   Code   RO         3256    i.CAN_Filter_Init   bsp_can.o
    0x08000410   0x08000410   0x00000084   Code   RO         3322    i.CAN_Motor_Ctrl    caninfo.o
    0x08000494   0x08000494   0x00000076   Code   RO         3386    i.Callback_RC_Handle  remote_control.o
    0x0800050a   0x0800050a   0x00000002   PAD
    0x0800050c   0x0800050c   0x00000028   Code   RO         3854    i.Cartridge_wheel_PID_Calc  shoot.o
    0x08000534   0x08000534   0x00000034   Code   RO         3624    i.Chassic_Ctrl      classic.o
    0x08000568   0x08000568   0x00000084   Code   RO         3625    i.Chassis_init      classic.o
    0x080005ec   0x080005ec   0x000001b4   Code   RO         3479    i.Control_PitchPID  pid.o
    0x080007a0   0x080007a0   0x000001c0   Code   RO         3480    i.Control_YawPID    pid.o
    0x08000960   0x08000960   0x0000000c   Code   RO          405    i.DMA1_Stream1_IRQHandler  stm32f4xx_it.o
    0x0800096c   0x0800096c   0x0000000c   Code   RO          406    i.DMA2_Stream1_IRQHandler  stm32f4xx_it.o
    0x08000978   0x08000978   0x0000000c   Code   RO          407    i.DMA2_Stream2_IRQHandler  stm32f4xx_it.o
    0x08000984   0x08000984   0x00000028   Code   RO         1291    i.DMA_CalcBaseAndBitshift  stm32f4xx_hal_dma.o
    0x080009ac   0x080009ac   0x00000054   Code   RO         1292    i.DMA_CheckFifoParam  stm32f4xx_hal_dma.o
    0x08000a00   0x08000a00   0x00000028   Code   RO         1293    i.DMA_SetConfig     stm32f4xx_hal_dma.o
    0x08000a28   0x08000a28   0x00000002   Code   RO          408    i.DebugMon_Handler  stm32f4xx_it.o
    0x08000a2a   0x08000a2a   0x00000002   PAD
    0x08000a2c   0x08000a2c   0x0000011c   Code   RO         3282    i.Dma_UsartIdleHanlder  bsp_usart.o
    0x08000b48   0x08000b48   0x00000002   Code   RO           13    i.Error_Handler     main.o
    0x08000b4a   0x08000b4a   0x00000002   PAD
    0x08000b4c   0x08000b4c   0x0000002c   Code   RO         3672    i.Get_CRC16_Check_Sum  crc.o
    0x08000b78   0x08000b78   0x00000020   Code   RO         3673    i.Get_CRC8_Check_Sum  crc.o
    0x08000b98   0x08000b98   0x00000070   Code   RO         3575    i.Gimbal_Automatic_control  gimbal.o
    0x08000c08   0x08000c08   0x000000c4   Code   RO         3576    i.Gimbal_Remote_Control  gimbal.o
    0x08000ccc   0x08000ccc   0x00000098   Code   RO         3577    i.Gimbal_Sotf_Start  gimbal.o
    0x08000d64   0x08000d64   0x00000024   Code   RO          599    i.HAL_CAN_ActivateNotification  stm32f4xx_hal_can.o
    0x08000d88   0x08000d88   0x000000c8   Code   RO          600    i.HAL_CAN_AddTxMessage  stm32f4xx_hal_can.o
    0x08000e50   0x08000e50   0x0000010c   Code   RO          601    i.HAL_CAN_ConfigFilter  stm32f4xx_hal_can.o
    0x08000f5c   0x08000f5c   0x00000002   Code   RO          604    i.HAL_CAN_ErrorCallback  stm32f4xx_hal_can.o
    0x08000f5e   0x08000f5e   0x000000e8   Code   RO          607    i.HAL_CAN_GetRxMessage  stm32f4xx_hal_can.o
    0x08001046   0x08001046   0x000001fc   Code   RO          611    i.HAL_CAN_IRQHandler  stm32f4xx_hal_can.o
    0x08001242   0x08001242   0x0000011a   Code   RO          612    i.HAL_CAN_Init      stm32f4xx_hal_can.o
    0x0800135c   0x0800135c   0x0000011c   Code   RO          232    i.HAL_CAN_MspInit   can.o
    0x08001478   0x08001478   0x00000002   Code   RO          619    i.HAL_CAN_RxFifo0FullCallback  stm32f4xx_hal_can.o
    0x0800147a   0x0800147a   0x00000002   PAD
    0x0800147c   0x0800147c   0x00000044   Code   RO         3324    i.HAL_CAN_RxFifo0MsgPendingCallback  caninfo.o
    0x080014c0   0x080014c0   0x00000002   Code   RO          621    i.HAL_CAN_RxFifo1FullCallback  stm32f4xx_hal_can.o
    0x080014c2   0x080014c2   0x00000002   Code   RO          622    i.HAL_CAN_RxFifo1MsgPendingCallback  stm32f4xx_hal_can.o
    0x080014c4   0x080014c4   0x00000002   Code   RO          623    i.HAL_CAN_SleepCallback  stm32f4xx_hal_can.o
    0x080014c6   0x080014c6   0x00000002   PAD
    0x080014c8   0x080014c8   0x00000058   Code   RO          624    i.HAL_CAN_Start     stm32f4xx_hal_can.o
    0x08001520   0x08001520   0x00000002   Code   RO          626    i.HAL_CAN_TxMailbox0AbortCallback  stm32f4xx_hal_can.o
    0x08001522   0x08001522   0x00000002   Code   RO          627    i.HAL_CAN_TxMailbox0CompleteCallback  stm32f4xx_hal_can.o
    0x08001524   0x08001524   0x00000002   Code   RO          628    i.HAL_CAN_TxMailbox1AbortCallback  stm32f4xx_hal_can.o
    0x08001526   0x08001526   0x00000002   Code   RO          629    i.HAL_CAN_TxMailbox1CompleteCallback  stm32f4xx_hal_can.o
    0x08001528   0x08001528   0x00000002   Code   RO          630    i.HAL_CAN_TxMailbox2AbortCallback  stm32f4xx_hal_can.o
    0x0800152a   0x0800152a   0x00000002   Code   RO          631    i.HAL_CAN_TxMailbox2CompleteCallback  stm32f4xx_hal_can.o
    0x0800152c   0x0800152c   0x00000002   Code   RO          633    i.HAL_CAN_WakeUpFromRxMsgCallback  stm32f4xx_hal_can.o
    0x0800152e   0x0800152e   0x00000024   Code   RO         1295    i.HAL_DMA_Abort_IT  stm32f4xx_hal_dma.o
    0x08001552   0x08001552   0x00000002   PAD
    0x08001554   0x08001554   0x000001a0   Code   RO         1299    i.HAL_DMA_IRQHandler  stm32f4xx_hal_dma.o
    0x080016f4   0x080016f4   0x000000d4   Code   RO         1300    i.HAL_DMA_Init      stm32f4xx_hal_dma.o
    0x080017c8   0x080017c8   0x00000046   Code   RO         1303    i.HAL_DMA_Start     stm32f4xx_hal_dma.o
    0x0800180e   0x0800180e   0x00000002   PAD
    0x08001810   0x08001810   0x000001b8   Code   RO         1187    i.HAL_GPIO_Init     stm32f4xx_hal_gpio.o
    0x080019c8   0x080019c8   0x0000000a   Code   RO         1189    i.HAL_GPIO_ReadPin  stm32f4xx_hal_gpio.o
    0x080019d2   0x080019d2   0x00000002   PAD
    0x080019d4   0x080019d4   0x0000000c   Code   RO         1719    i.HAL_GetTick       stm32f4xx_hal.o
    0x080019e0   0x080019e0   0x00000010   Code   RO         1725    i.HAL_IncTick       stm32f4xx_hal.o
    0x080019f0   0x080019f0   0x00000034   Code   RO         1726    i.HAL_Init          stm32f4xx_hal.o
    0x08001a24   0x08001a24   0x00000040   Code   RO         1727    i.HAL_InitTick      stm32f4xx_hal.o
    0x08001a64   0x08001a64   0x00000030   Code   RO          574    i.HAL_MspInit       stm32f4xx_hal_msp.o
    0x08001a94   0x08001a94   0x0000001a   Code   RO         1576    i.HAL_NVIC_EnableIRQ  stm32f4xx_hal_cortex.o
    0x08001aae   0x08001aae   0x00000002   PAD
    0x08001ab0   0x08001ab0   0x00000040   Code   RO         1582    i.HAL_NVIC_SetPriority  stm32f4xx_hal_cortex.o
    0x08001af0   0x08001af0   0x00000024   Code   RO         1583    i.HAL_NVIC_SetPriorityGrouping  stm32f4xx_hal_cortex.o
    0x08001b14   0x08001b14   0x00000134   Code   RO          833    i.HAL_RCC_ClockConfig  stm32f4xx_hal_rcc.o
    0x08001c48   0x08001c48   0x00000020   Code   RO          840    i.HAL_RCC_GetPCLK1Freq  stm32f4xx_hal_rcc.o
    0x08001c68   0x08001c68   0x00000020   Code   RO          841    i.HAL_RCC_GetPCLK2Freq  stm32f4xx_hal_rcc.o
    0x08001c88   0x08001c88   0x00000064   Code   RO          842    i.HAL_RCC_GetSysClockFreq  stm32f4xx_hal_rcc.o
    0x08001cec   0x08001cec   0x0000035c   Code   RO          845    i.HAL_RCC_OscConfig  stm32f4xx_hal_rcc.o
    0x08002048   0x08002048   0x00000028   Code   RO         1587    i.HAL_SYSTICK_Config  stm32f4xx_hal_cortex.o
    0x08002070   0x08002070   0x00000002   Code   RO         2641    i.HAL_TIMEx_BreakCallback  stm32f4xx_hal_tim_ex.o
    0x08002072   0x08002072   0x00000002   Code   RO         2642    i.HAL_TIMEx_CommutCallback  stm32f4xx_hal_tim_ex.o
    0x08002074   0x08002074   0x00000090   Code   RO         2659    i.HAL_TIMEx_MasterConfigSynchronization  stm32f4xx_hal_tim_ex.o
    0x08002104   0x08002104   0x00000036   Code   RO         1966    i.HAL_TIM_Base_Init  stm32f4xx_hal_tim.o
    0x0800213a   0x0800213a   0x00000002   PAD
    0x0800213c   0x0800213c   0x0000003c   Code   RO          305    i.HAL_TIM_Base_MspInit  tim.o
    0x08002178   0x08002178   0x00000022   Code   RO         1971    i.HAL_TIM_Base_Start_IT  stm32f4xx_hal_tim.o
    0x0800219a   0x0800219a   0x000000d6   Code   RO         1975    i.HAL_TIM_ConfigClockSource  stm32f4xx_hal_tim.o
    0x08002270   0x08002270   0x00000002   Code   RO         1995    i.HAL_TIM_IC_CaptureCallback  stm32f4xx_hal_tim.o
    0x08002272   0x08002272   0x00000166   Code   RO         2009    i.HAL_TIM_IRQHandler  stm32f4xx_hal_tim.o
    0x080023d8   0x080023d8   0x00000002   Code   RO         2012    i.HAL_TIM_OC_DelayElapsedCallback  stm32f4xx_hal_tim.o
    0x080023da   0x080023da   0x00000002   Code   RO         2039    i.HAL_TIM_PWM_PulseFinishedCallback  stm32f4xx_hal_tim.o
    0x080023dc   0x080023dc   0x00000002   Code   RO         2047    i.HAL_TIM_PeriodElapsedCallback  stm32f4xx_hal_tim.o
    0x080023de   0x080023de   0x00000002   Code   RO         2052    i.HAL_TIM_TriggerCallback  stm32f4xx_hal_tim.o
    0x080023e0   0x080023e0   0x00000002   Code   RO         2913    i.HAL_UART_ErrorCallback  stm32f4xx_hal_uart.o
    0x080023e2   0x080023e2   0x00000002   PAD
    0x080023e4   0x080023e4   0x00000114   Code   RO         2916    i.HAL_UART_IRQHandler  stm32f4xx_hal_uart.o
    0x080024f8   0x080024f8   0x00000062   Code   RO         2917    i.HAL_UART_Init     stm32f4xx_hal_uart.o
    0x0800255a   0x0800255a   0x00000002   PAD
    0x0800255c   0x0800255c   0x00000228   Code   RO          347    i.HAL_UART_MspInit  usart.o
    0x08002784   0x08002784   0x00000002   Code   RO         2923    i.HAL_UART_RxCpltCallback  stm32f4xx_hal_uart.o
    0x08002786   0x08002786   0x00000002   Code   RO         2928    i.HAL_UART_TxCpltCallback  stm32f4xx_hal_uart.o
    0x08002788   0x08002788   0x00000002   Code   RO          409    i.HardFault_Handler  stm32f4xx_it.o
    0x0800278a   0x0800278a   0x00000002   PAD
    0x0800278c   0x0800278c   0x0000019c   Code   RO         3735    i.Judge_Read_Data   judge.o
    0x08002928   0x08002928   0x00000048   Code   RO          233    i.MX_CAN1_Init      can.o
    0x08002970   0x08002970   0x00000048   Code   RO          234    i.MX_CAN2_Init      can.o
    0x080029b8   0x080029b8   0x0000005c   Code   RO          280    i.MX_DMA_Init       dma.o
    0x08002a14   0x08002a14   0x0000006c   Code   RO          207    i.MX_GPIO_Init      gpio.o
    0x08002a80   0x08002a80   0x00000068   Code   RO          306    i.MX_TIM1_Init      tim.o
    0x08002ae8   0x08002ae8   0x00000038   Code   RO          348    i.MX_USART1_UART_Init  usart.o
    0x08002b20   0x08002b20   0x0000003c   Code   RO          349    i.MX_USART3_UART_Init  usart.o
    0x08002b5c   0x08002b5c   0x00000038   Code   RO          350    i.MX_USART6_UART_Init  usart.o
    0x08002b94   0x08002b94   0x00000002   Code   RO          410    i.MemManage_Handler  stm32f4xx_it.o
    0x08002b96   0x08002b96   0x00000002   Code   RO          411    i.NMI_Handler       stm32f4xx_it.o
    0x08002b98   0x08002b98   0x00000002   Code   RO          412    i.PendSV_Handler    stm32f4xx_it.o
    0x08002b9a   0x08002b9a   0x00000002   Code   RO          413    i.SVC_Handler       stm32f4xx_it.o
    0x08002b9c   0x08002b9c   0x00000068   Code   RO         3855    i.Shoot_Speed_Pid_Calc  shoot.o
    0x08002c04   0x08002c04   0x000000b0   Code   RO         3856    i.Shoot_Speed_Pid_Init  shoot.o
    0x08002cb4   0x08002cb4   0x00000004   Code   RO          414    i.SysTick_Handler   stm32f4xx_it.o
    0x08002cb8   0x08002cb8   0x00000084   Code   RO           14    i.SystemClock_Config  main.o
    0x08002d3c   0x08002d3c   0x0000001c   Code   RO         3219    i.SystemInit        system_stm32f4xx.o
    0x08002d58   0x08002d58   0x00000238   Code   RO          415    i.TIM1_UP_TIM10_IRQHandler  stm32f4xx_it.o
    0x08002f90   0x08002f90   0x000000c8   Code   RO         2054    i.TIM_Base_SetConfig  stm32f4xx_hal_tim.o
    0x08003058   0x08003058   0x00000014   Code   RO         2065    i.TIM_ETR_SetConfig  stm32f4xx_hal_tim.o
    0x0800306c   0x0800306c   0x00000010   Code   RO         2066    i.TIM_ITRx_SetConfig  stm32f4xx_hal_tim.o
    0x0800307c   0x0800307c   0x00000022   Code   RO         2072    i.TIM_TI1_ConfigInputStage  stm32f4xx_hal_tim.o
    0x0800309e   0x0800309e   0x00000024   Code   RO         2074    i.TIM_TI2_ConfigInputStage  stm32f4xx_hal_tim.o
    0x080030c2   0x080030c2   0x00000010   Code   RO         2930    i.UART_DMAAbortOnError  stm32f4xx_hal_uart.o
    0x080030d2   0x080030d2   0x0000001c   Code   RO         2940    i.UART_EndRxTransfer  stm32f4xx_hal_uart.o
    0x080030ee   0x080030ee   0x00000002   PAD
    0x080030f0   0x080030f0   0x000000dc   Code   RO         3418    i.UART_IdleRxCallback  usartinfo.o
    0x080031cc   0x080031cc   0x00000096   Code   RO         2942    i.UART_Receive_IT   stm32f4xx_hal_uart.o
    0x08003262   0x08003262   0x00000002   PAD
    0x08003264   0x08003264   0x00000128   Code   RO         2943    i.UART_SetConfig    stm32f4xx_hal_uart.o
    0x0800338c   0x0800338c   0x00000062   Code   RO         2944    i.UART_Transmit_IT  stm32f4xx_hal_uart.o
    0x080033ee   0x080033ee   0x00000002   PAD
    0x080033f0   0x080033f0   0x00000018   Code   RO          416    i.USART1_IRQHandler  stm32f4xx_it.o
    0x08003408   0x08003408   0x00000018   Code   RO          417    i.USART3_IRQHandler  stm32f4xx_it.o
    0x08003420   0x08003420   0x00000018   Code   RO          418    i.USART6_IRQHandler  stm32f4xx_it.o
    0x08003438   0x08003438   0x00000024   Code   RO         3419    i.Uart1_TransmissionT_Data  usartinfo.o
    0x0800345c   0x0800345c   0x00000002   Code   RO          419    i.UsageFault_Handler  stm32f4xx_it.o
    0x0800345e   0x0800345e   0x00000002   PAD
    0x08003460   0x08003460   0x0000003c   Code   RO         3674    i.Verify_CRC16_Check_Sum  crc.o
    0x0800349c   0x0800349c   0x0000002a   Code   RO         3675    i.Verify_CRC8_Check_Sum  crc.o
    0x080034c6   0x080034c6   0x00000020   Code   RO         1589    i.__NVIC_SetPriority  stm32f4xx_hal_cortex.o
    0x080034e6   0x080034e6   0x0000000e   Code   RO         4024    i.__scatterload_copy  mc_w.l(handlers.o)
    0x080034f4   0x080034f4   0x00000002   Code   RO         4025    i.__scatterload_null  mc_w.l(handlers.o)
    0x080034f6   0x080034f6   0x0000000e   Code   RO         4026    i.__scatterload_zeroinit  mc_w.l(handlers.o)
    0x08003504   0x08003504   0x0000002c   Code   RO         3540    i.first_order_filter_X_cali  filter.o
    0x08003530   0x08003530   0x0000002c   Code   RO         3541    i.first_order_filter_Y_cali  filter.o
    0x0800355c   0x0800355c   0x0000007c   Code   RO         3858    i.gear_moto_position_pid_init  shoot.o
    0x080035d8   0x080035d8   0x0000008a   Code   RO         3326    i.get_gear_motor_measure  caninfo.o
    0x08003662   0x08003662   0x00000002   PAD
    0x08003664   0x08003664   0x00000048   Code   RO         3578    i.loop_fp32_constrain  gimbal.o
    0x080036ac   0x080036ac   0x000000e0   Code   RO           15    i.main              main.o
    0x0800378c   0x0800378c   0x000000fa   Code   RO         3481    i.pid_calculate     pid.o
    0x08003886   0x08003886   0x00000002   PAD
    0x08003888   0x08003888   0x0000001c   Code   RO         3482    i.pid_init          pid.o
    0x080038a4   0x080038a4   0x00000058   Code   RO         3483    i.pid_param_init    pid.o
    0x080038fc   0x080038fc   0x00000008   Code   RO         3484    i.pid_reset         pid.o
    0x08003904   0x08003904   0x00000008   Data   RO         1306    .constdata          stm32f4xx_hal_dma.o
    0x0800390c   0x0800390c   0x00000010   Data   RO         3220    .constdata          system_stm32f4xx.o
    0x0800391c   0x0800391c   0x00000008   Data   RO         3221    .constdata          system_stm32f4xx.o
    0x08003924   0x08003924   0x00000006   Data   RO         3331    .constdata          caninfo.o
    0x0800392a   0x0800392a   0x00000300   Data   RO         3677    .constdata          crc.o
    0x08003c2a   0x08003c2a   0x00000002   PAD
    0x08003c2c   0x08003c2c   0x00000020   Data   RO         4022    Region$$Table       anon$$obj.o


    Execution Region RW_IRAM2 (Exec base: 0x10000000, Load base: 0x08003c8c, Size: 0x00000000, Max: 0x00010000, ABSOLUTE)

    **** No section assigned to this execution region ****


    Execution Region RW_IRAM1 (Exec base: 0x20000000, Load base: 0x08003c4c, Size: 0x00000e28, Max: 0x00020000, ABSOLUTE, COMPRESSED[0x00000040])

    Exec Addr    Load Addr    Size         Type   Attr      Idx    E Section Name        Object

    0x20000000   COMPRESSED   0x00000004   Data   RW          236    .data               can.o
    0x20000004   COMPRESSED   0x00000010   Data   RW          426    .data               stm32f4xx_it.o
    0x20000014   COMPRESSED   0x0000000c   Data   RW         1733    .data               stm32f4xx_hal.o
    0x20000020   COMPRESSED   0x00000004   Data   RW         3222    .data               system_stm32f4xx.o
    0x20000024   COMPRESSED   0x00000014   Data   RW         3423    .data               usartinfo.o
    0x20000038   COMPRESSED   0x00000004   Data   RW         3424    .data               usartinfo.o
    0x2000003c   COMPRESSED   0x00000004   Data   RW         3425    .data               usartinfo.o
    0x20000040   COMPRESSED   0x000000b8   Data   RW         3485    .data               pid.o
    0x200000f8   COMPRESSED   0x00000008   Data   RW         3542    .data               filter.o
    0x20000100   COMPRESSED   0x0000001c   Data   RW         3579    .data               gimbal.o
    0x2000011c   COMPRESSED   0x00000001   Data   RW         3628    .data               classic.o
    0x2000011d   COMPRESSED   0x00000003   PAD
    0x20000120   COMPRESSED   0x00000010   Data   RW         3631    .data               classic.o
    0x20000130   COMPRESSED   0x00000002   Data   RW         3678    .data               crc.o
    0x20000132   COMPRESSED   0x0000002e   Data   RW         3738    .data               judge.o
    0x20000160   COMPRESSED   0x00000001   Data   RW         3860    .data               shoot.o
    0x20000161   COMPRESSED   0x00000003   PAD
    0x20000164   COMPRESSED   0x00000008   Data   RW         3861    .data               shoot.o
    0x2000016c        -       0x0000000a   Zero   RW           16    .bss                main.o
    0x20000176   COMPRESSED   0x00000002   PAD
    0x20000178        -       0x00000050   Zero   RW          235    .bss                can.o
    0x200001c8        -       0x00000040   Zero   RW          307    .bss                tim.o
    0x20000208        -       0x000001e0   Zero   RW          351    .bss                usart.o
    0x200003e8        -       0x00000018   Zero   RW         3328    .bss                caninfo.o
    0x20000400        -       0x0000000c   Zero   RW         3329    .bss                caninfo.o
    0x2000040c        -       0x0000012c   Zero   RW         3330    .bss                caninfo.o
    0x20000538        -       0x00000014   Zero   RW         3387    .bss                remote_control.o
    0x2000054c        -       0x00000230   Zero   RW         3422    .bss                usartinfo.o
    0x2000077c        -       0x000000c8   Zero   RW         3627    .bss                classic.o
    0x20000844        -       0x0000005e   Zero   RW         3737    .bss                judge.o
    0x200008a2   COMPRESSED   0x00000002   PAD
    0x200008a4        -       0x00000184   Zero   RW         3859    .bss                shoot.o
    0x20000a28        -       0x00000400   Zero   RW            1    STACK               startup_stm32f407xx.o


==============================================================================

Image component sizes


      Code (inc. data)   RO Data    RW Data    ZI Data      Debug   Object Name

        88          8          0          0          0        594   bsp_can.o
       410         32          0          0          0       2780   bsp_usart.o
       428         46          0          4         80       2382   can.o
       338         14          6          0        336       3948   caninfo.o
       184         22          0         17        200       3102   classic.o
       178         18        768          2          0       3439   crc.o
        92          4          0          0          0        778   dma.o
        88         24          0          8          0       1240   filter.o
       532         96          0         28          0       2910   gimbal.o
       108          6          0          0          0        891   gpio.o
       412         20          0         46         94       7309   judge.o
       358         60          0          0         10     699000   main.o
      1258         82          0        184          0       6495   pid.o
       118          0          0          0         20       2541   remote_control.o
       444         74          0          9        388       5219   shoot.o
        36          8        392          0       1024        824   startup_stm32f407xx.o
       144         24          0         12          0       8673   stm32f4xx_hal.o
      1638          6          0          0          0      14003   stm32f4xx_hal_can.o
       198         14          0          0          0      33863   stm32f4xx_hal_cortex.o
       898         16          8          0          0       6195   stm32f4xx_hal_dma.o
       450         46          0          0          0       2359   stm32f4xx_hal_gpio.o
        48          6          0          0          0        802   stm32f4xx_hal_msp.o
      1332         76          0          0          0       5148   stm32f4xx_hal_rcc.o
       976         44          0          0          0      10381   stm32f4xx_hal_tim.o
       148         28          0          0          0       2401   stm32f4xx_hal_tim_ex.o
       968         16          0          0          0       7319   stm32f4xx_hal_uart.o
       744        132          0         16          0      10524   stm32f4xx_it.o
        28          6         24          4          0       1091   system_stm32f4xx.o
       164         18          0          0         64       1598   tim.o
       724         74          0          0        480       3329   usart.o
       256         40          0         28        560       3220   usartinfo.o

    ----------------------------------------------------------------------
     13828       1060       1232        364       3260     854358   Object Totals
         0          0         32          0          0          0   (incl. Generated)
        40          0          2          6          4          0   (incl. Padding)

    ----------------------------------------------------------------------

      Code (inc. data)   RO Data    RW Data    ZI Data      Debug   Library Member Name

        58          0          0          0          0          0   __dczerorl.o
         0          0          0          0          0          0   entry.o
         0          0          0          0          0          0   entry10a.o
         0          0          0          0          0          0   entry11a.o
         8          4          0          0          0          0   entry2.o
         4          0          0          0          0          0   entry5.o
         0          0          0          0          0          0   entry7b.o
         0          0          0          0          0          0   entry8b.o
         8          4          0          0          0          0   entry9a.o
        30          0          0          0          0          0   handlers.o
        36          8          0          0          0         68   init.o
        30          0          0          0          0         68   llshl.o
        32          0          0          0          0         68   llushr.o
        36          0          0          0          0         68   memcpya.o
        36          0          0          0          0        108   memseta.o
        98          0          0          0          0         92   uldiv.o

    ----------------------------------------------------------------------
       376         16          0          0          0        472   Library Totals
         0          0          0          0          0          0   (incl. Padding)

    ----------------------------------------------------------------------

      Code (inc. data)   RO Data    RW Data    ZI Data      Debug   Library Name

       376         16          0          0          0        472   mc_w.l

    ----------------------------------------------------------------------
       376         16          0          0          0        472   Library Totals

    ----------------------------------------------------------------------

==============================================================================


      Code (inc. data)   RO Data    RW Data    ZI Data      Debug   

     14204       1076       1232        364       3260     842358   Grand Totals
     14204       1076       1232         64       3260     842358   ELF Image Totals (compressed)
     14204       1076       1232         64          0          0   ROM Totals

==============================================================================

    Total RO  Size (Code + RO Data)                15436 (  15.07kB)
    Total RW  Size (RW Data + ZI Data)              3624 (   3.54kB)
    Total ROM Size (Code + RO Data + RW Data)      15500 (  15.14kB)

==============================================================================

